<?xml version="1.0"?>
<link_info>
   <banner>MSP430 Linker Unix v16.9.4.LTS</banner>
   <copyright>Copyright (c) 2003-2017 Texas Instruments Incorporated</copyright>
   <link_time>0x5ab0d51a</link_time>
   <link_errors>0x0</link_errors>
   <output_file>MicroProject.out</output_file>
   <entry_point>
      <name>_c_int00_noargs</name>
      <address>0x4400</address>
   </entry_point>
   <input_file_list>
      <input_file id="fl-2">
         <path>./</path>
         <kind>object</kind>
         <file>main.obj</file>
         <name>main.obj</name>
      </input_file>
      <input_file id="fl-8">
         <kind>object</kind>
         <file>&lt;internal&gt;</file>
         <name>&lt;internal&gt;</name>
      </input_file>
      <input_file id="fl-23">
         <path>/Applications/ti/ccsv7/tools/compiler/ti-cgt-msp430_16.9.4.LTS/lib/</path>
         <kind>archive</kind>
         <file>rts430x_lc_rd_eabi.lib</file>
         <name>boot.obj</name>
      </input_file>
      <input_file id="fl-24">
         <path>/Applications/ti/ccsv7/tools/compiler/ti-cgt-msp430_16.9.4.LTS/lib/</path>
         <kind>archive</kind>
         <file>rts430x_lc_rd_eabi.lib</file>
         <name>boot_special.obj</name>
      </input_file>
      <input_file id="fl-25">
         <path>/Applications/ti/ccsv7/tools/compiler/ti-cgt-msp430_16.9.4.LTS/lib/</path>
         <kind>archive</kind>
         <file>rts430x_lc_rd_eabi.lib</file>
         <name>copy_decompress_lzss.obj</name>
      </input_file>
      <input_file id="fl-26">
         <path>/Applications/ti/ccsv7/tools/compiler/ti-cgt-msp430_16.9.4.LTS/lib/</path>
         <kind>archive</kind>
         <file>rts430x_lc_rd_eabi.lib</file>
         <name>copy_decompress_none.obj</name>
      </input_file>
      <input_file id="fl-27">
         <path>/Applications/ti/ccsv7/tools/compiler/ti-cgt-msp430_16.9.4.LTS/lib/</path>
         <kind>archive</kind>
         <file>rts430x_lc_rd_eabi.lib</file>
         <name>copy_zero_init.obj</name>
      </input_file>
      <input_file id="fl-28">
         <path>/Applications/ti/ccsv7/tools/compiler/ti-cgt-msp430_16.9.4.LTS/lib/</path>
         <kind>archive</kind>
         <file>rts430x_lc_rd_eabi.lib</file>
         <name>div16s.obj</name>
      </input_file>
      <input_file id="fl-29">
         <path>/Applications/ti/ccsv7/tools/compiler/ti-cgt-msp430_16.9.4.LTS/lib/</path>
         <kind>archive</kind>
         <file>rts430x_lc_rd_eabi.lib</file>
         <name>div16u.obj</name>
      </input_file>
      <input_file id="fl-2a">
         <path>/Applications/ti/ccsv7/tools/compiler/ti-cgt-msp430_16.9.4.LTS/lib/</path>
         <kind>archive</kind>
         <file>rts430x_lc_rd_eabi.lib</file>
         <name>exit.obj</name>
      </input_file>
      <input_file id="fl-2b">
         <path>/Applications/ti/ccsv7/tools/compiler/ti-cgt-msp430_16.9.4.LTS/lib/</path>
         <kind>archive</kind>
         <file>rts430x_lc_rd_eabi.lib</file>
         <name>exit_gvars.obj</name>
      </input_file>
      <input_file id="fl-2c">
         <path>/Applications/ti/ccsv7/tools/compiler/ti-cgt-msp430_16.9.4.LTS/lib/</path>
         <kind>archive</kind>
         <file>rts430x_lc_rd_eabi.lib</file>
         <name>int41.obj</name>
      </input_file>
      <input_file id="fl-2d">
         <path>/Applications/ti/ccsv7/tools/compiler/ti-cgt-msp430_16.9.4.LTS/lib/</path>
         <kind>archive</kind>
         <file>rts430x_lc_rd_eabi.lib</file>
         <name>int42.obj</name>
      </input_file>
      <input_file id="fl-2e">
         <path>/Applications/ti/ccsv7/tools/compiler/ti-cgt-msp430_16.9.4.LTS/lib/</path>
         <kind>archive</kind>
         <file>rts430x_lc_rd_eabi.lib</file>
         <name>int43.obj</name>
      </input_file>
      <input_file id="fl-2f">
         <path>/Applications/ti/ccsv7/tools/compiler/ti-cgt-msp430_16.9.4.LTS/lib/</path>
         <kind>archive</kind>
         <file>rts430x_lc_rd_eabi.lib</file>
         <name>int44.obj</name>
      </input_file>
      <input_file id="fl-30">
         <path>/Applications/ti/ccsv7/tools/compiler/ti-cgt-msp430_16.9.4.LTS/lib/</path>
         <kind>archive</kind>
         <file>rts430x_lc_rd_eabi.lib</file>
         <name>int45.obj</name>
      </input_file>
      <input_file id="fl-31">
         <path>/Applications/ti/ccsv7/tools/compiler/ti-cgt-msp430_16.9.4.LTS/lib/</path>
         <kind>archive</kind>
         <file>rts430x_lc_rd_eabi.lib</file>
         <name>int46.obj</name>
      </input_file>
      <input_file id="fl-32">
         <path>/Applications/ti/ccsv7/tools/compiler/ti-cgt-msp430_16.9.4.LTS/lib/</path>
         <kind>archive</kind>
         <file>rts430x_lc_rd_eabi.lib</file>
         <name>int47.obj</name>
      </input_file>
      <input_file id="fl-33">
         <path>/Applications/ti/ccsv7/tools/compiler/ti-cgt-msp430_16.9.4.LTS/lib/</path>
         <kind>archive</kind>
         <file>rts430x_lc_rd_eabi.lib</file>
         <name>int48.obj</name>
      </input_file>
      <input_file id="fl-34">
         <path>/Applications/ti/ccsv7/tools/compiler/ti-cgt-msp430_16.9.4.LTS/lib/</path>
         <kind>archive</kind>
         <file>rts430x_lc_rd_eabi.lib</file>
         <name>int49.obj</name>
      </input_file>
      <input_file id="fl-35">
         <path>/Applications/ti/ccsv7/tools/compiler/ti-cgt-msp430_16.9.4.LTS/lib/</path>
         <kind>archive</kind>
         <file>rts430x_lc_rd_eabi.lib</file>
         <name>int50.obj</name>
      </input_file>
      <input_file id="fl-36">
         <path>/Applications/ti/ccsv7/tools/compiler/ti-cgt-msp430_16.9.4.LTS/lib/</path>
         <kind>archive</kind>
         <file>rts430x_lc_rd_eabi.lib</file>
         <name>int51.obj</name>
      </input_file>
      <input_file id="fl-37">
         <path>/Applications/ti/ccsv7/tools/compiler/ti-cgt-msp430_16.9.4.LTS/lib/</path>
         <kind>archive</kind>
         <file>rts430x_lc_rd_eabi.lib</file>
         <name>int52.obj</name>
      </input_file>
      <input_file id="fl-38">
         <path>/Applications/ti/ccsv7/tools/compiler/ti-cgt-msp430_16.9.4.LTS/lib/</path>
         <kind>archive</kind>
         <file>rts430x_lc_rd_eabi.lib</file>
         <name>int53.obj</name>
      </input_file>
      <input_file id="fl-39">
         <path>/Applications/ti/ccsv7/tools/compiler/ti-cgt-msp430_16.9.4.LTS/lib/</path>
         <kind>archive</kind>
         <file>rts430x_lc_rd_eabi.lib</file>
         <name>int54.obj</name>
      </input_file>
      <input_file id="fl-3a">
         <path>/Applications/ti/ccsv7/tools/compiler/ti-cgt-msp430_16.9.4.LTS/lib/</path>
         <kind>archive</kind>
         <file>rts430x_lc_rd_eabi.lib</file>
         <name>int55.obj</name>
      </input_file>
      <input_file id="fl-3b">
         <path>/Applications/ti/ccsv7/tools/compiler/ti-cgt-msp430_16.9.4.LTS/lib/</path>
         <kind>archive</kind>
         <file>rts430x_lc_rd_eabi.lib</file>
         <name>int56.obj</name>
      </input_file>
      <input_file id="fl-3c">
         <path>/Applications/ti/ccsv7/tools/compiler/ti-cgt-msp430_16.9.4.LTS/lib/</path>
         <kind>archive</kind>
         <file>rts430x_lc_rd_eabi.lib</file>
         <name>int57.obj</name>
      </input_file>
      <input_file id="fl-3d">
         <path>/Applications/ti/ccsv7/tools/compiler/ti-cgt-msp430_16.9.4.LTS/lib/</path>
         <kind>archive</kind>
         <file>rts430x_lc_rd_eabi.lib</file>
         <name>int58.obj</name>
      </input_file>
      <input_file id="fl-3e">
         <path>/Applications/ti/ccsv7/tools/compiler/ti-cgt-msp430_16.9.4.LTS/lib/</path>
         <kind>archive</kind>
         <file>rts430x_lc_rd_eabi.lib</file>
         <name>int59.obj</name>
      </input_file>
      <input_file id="fl-3f">
         <path>/Applications/ti/ccsv7/tools/compiler/ti-cgt-msp430_16.9.4.LTS/lib/</path>
         <kind>archive</kind>
         <file>rts430x_lc_rd_eabi.lib</file>
         <name>int60.obj</name>
      </input_file>
      <input_file id="fl-40">
         <path>/Applications/ti/ccsv7/tools/compiler/ti-cgt-msp430_16.9.4.LTS/lib/</path>
         <kind>archive</kind>
         <file>rts430x_lc_rd_eabi.lib</file>
         <name>int61.obj</name>
      </input_file>
      <input_file id="fl-41">
         <path>/Applications/ti/ccsv7/tools/compiler/ti-cgt-msp430_16.9.4.LTS/lib/</path>
         <kind>archive</kind>
         <file>rts430x_lc_rd_eabi.lib</file>
         <name>int62.obj</name>
      </input_file>
      <input_file id="fl-42">
         <path>/Applications/ti/ccsv7/tools/compiler/ti-cgt-msp430_16.9.4.LTS/lib/</path>
         <kind>archive</kind>
         <file>rts430x_lc_rd_eabi.lib</file>
         <name>isr_trap.obj</name>
      </input_file>
      <input_file id="fl-43">
         <path>/Applications/ti/ccsv7/tools/compiler/ti-cgt-msp430_16.9.4.LTS/lib/</path>
         <kind>archive</kind>
         <file>rts430x_lc_rd_eabi.lib</file>
         <name>memcpy.obj</name>
      </input_file>
      <input_file id="fl-44">
         <path>/Applications/ti/ccsv7/tools/compiler/ti-cgt-msp430_16.9.4.LTS/lib/</path>
         <kind>archive</kind>
         <file>rts430x_lc_rd_eabi.lib</file>
         <name>mpu_init.obj</name>
      </input_file>
      <input_file id="fl-45">
         <path>/Applications/ti/ccsv7/tools/compiler/ti-cgt-msp430_16.9.4.LTS/lib/</path>
         <kind>archive</kind>
         <file>rts430x_lc_rd_eabi.lib</file>
         <name>mult1632_f5hw.obj</name>
      </input_file>
      <input_file id="fl-46">
         <path>/Applications/ti/ccsv7/tools/compiler/ti-cgt-msp430_16.9.4.LTS/lib/</path>
         <kind>archive</kind>
         <file>rts430x_lc_rd_eabi.lib</file>
         <name>mult16_f5hw.obj</name>
      </input_file>
      <input_file id="fl-47">
         <path>/Applications/ti/ccsv7/tools/compiler/ti-cgt-msp430_16.9.4.LTS/lib/</path>
         <kind>archive</kind>
         <file>rts430x_lc_rd_eabi.lib</file>
         <name>mult3264_f5hw.obj</name>
      </input_file>
      <input_file id="fl-48">
         <path>/Applications/ti/ccsv7/tools/compiler/ti-cgt-msp430_16.9.4.LTS/lib/</path>
         <kind>archive</kind>
         <file>rts430x_lc_rd_eabi.lib</file>
         <name>mult32_f5hw.obj</name>
      </input_file>
      <input_file id="fl-49">
         <path>/Applications/ti/ccsv7/tools/compiler/ti-cgt-msp430_16.9.4.LTS/lib/</path>
         <kind>archive</kind>
         <file>rts430x_lc_rd_eabi.lib</file>
         <name>mult64_f5hw.obj</name>
      </input_file>
      <input_file id="fl-4a">
         <path>/Applications/ti/ccsv7/tools/compiler/ti-cgt-msp430_16.9.4.LTS/lib/</path>
         <kind>archive</kind>
         <file>rts430x_lc_rd_eabi.lib</file>
         <name>pre_init.obj</name>
      </input_file>
      <input_file id="fl-4b">
         <path>/Applications/ti/ccsv7/tools/compiler/ti-cgt-msp430_16.9.4.LTS/lib/</path>
         <kind>archive</kind>
         <file>rts430x_lc_rd_eabi.lib</file>
         <name>printf.obj</name>
      </input_file>
      <input_file id="fl-4c">
         <path>/Applications/ti/ccsv7/tools/compiler/ti-cgt-msp430_16.9.4.LTS/lib/</path>
         <kind>archive</kind>
         <file>rts430x_lc_rd_eabi.lib</file>
         <name>_lock.obj</name>
      </input_file>
      <input_file id="fl-4d">
         <path>/Applications/ti/ccsv7/tools/compiler/ti-cgt-msp430_16.9.4.LTS/lib/</path>
         <kind>archive</kind>
         <file>rts430x_lc_rd_eabi.lib</file>
         <name>_printfi.obj</name>
      </input_file>
      <input_file id="fl-4e">
         <path>/Applications/ti/ccsv7/tools/compiler/ti-cgt-msp430_16.9.4.LTS/lib/</path>
         <kind>archive</kind>
         <file>rts430x_lc_rd_eabi.lib</file>
         <name>abs.obj</name>
      </input_file>
      <input_file id="fl-4f">
         <path>/Applications/ti/ccsv7/tools/compiler/ti-cgt-msp430_16.9.4.LTS/lib/</path>
         <kind>archive</kind>
         <file>rts430x_lc_rd_eabi.lib</file>
         <name>args_main.obj</name>
      </input_file>
      <input_file id="fl-50">
         <path>/Applications/ti/ccsv7/tools/compiler/ti-cgt-msp430_16.9.4.LTS/lib/</path>
         <kind>archive</kind>
         <file>rts430x_lc_rd_eabi.lib</file>
         <name>atoi.obj</name>
      </input_file>
      <input_file id="fl-51">
         <path>/Applications/ti/ccsv7/tools/compiler/ti-cgt-msp430_16.9.4.LTS/lib/</path>
         <kind>archive</kind>
         <file>rts430x_lc_rd_eabi.lib</file>
         <name>autoinit_wdt.obj</name>
      </input_file>
      <input_file id="fl-52">
         <path>/Applications/ti/ccsv7/tools/compiler/ti-cgt-msp430_16.9.4.LTS/lib/</path>
         <kind>archive</kind>
         <file>rts430x_lc_rd_eabi.lib</file>
         <name>cmpd.obj</name>
      </input_file>
      <input_file id="fl-53">
         <path>/Applications/ti/ccsv7/tools/compiler/ti-cgt-msp430_16.9.4.LTS/lib/</path>
         <kind>archive</kind>
         <file>rts430x_lc_rd_eabi.lib</file>
         <name>cpy_tbl.obj</name>
      </input_file>
      <input_file id="fl-54">
         <path>/Applications/ti/ccsv7/tools/compiler/ti-cgt-msp430_16.9.4.LTS/lib/</path>
         <kind>archive</kind>
         <file>rts430x_lc_rd_eabi.lib</file>
         <name>ctype.obj</name>
      </input_file>
      <input_file id="fl-55">
         <path>/Applications/ti/ccsv7/tools/compiler/ti-cgt-msp430_16.9.4.LTS/lib/</path>
         <kind>archive</kind>
         <file>rts430x_lc_rd_eabi.lib</file>
         <name>defs.obj</name>
      </input_file>
      <input_file id="fl-56">
         <path>/Applications/ti/ccsv7/tools/compiler/ti-cgt-msp430_16.9.4.LTS/lib/</path>
         <kind>archive</kind>
         <file>rts430x_lc_rd_eabi.lib</file>
         <name>div32u.obj</name>
      </input_file>
      <input_file id="fl-57">
         <path>/Applications/ti/ccsv7/tools/compiler/ti-cgt-msp430_16.9.4.LTS/lib/</path>
         <kind>archive</kind>
         <file>rts430x_lc_rd_eabi.lib</file>
         <name>div64u.obj</name>
      </input_file>
      <input_file id="fl-58">
         <path>/Applications/ti/ccsv7/tools/compiler/ti-cgt-msp430_16.9.4.LTS/lib/</path>
         <kind>archive</kind>
         <file>rts430x_lc_rd_eabi.lib</file>
         <name>divd.obj</name>
      </input_file>
      <input_file id="fl-59">
         <path>/Applications/ti/ccsv7/tools/compiler/ti-cgt-msp430_16.9.4.LTS/lib/</path>
         <kind>archive</kind>
         <file>rts430x_lc_rd_eabi.lib</file>
         <name>fixdi.obj</name>
      </input_file>
      <input_file id="fl-5a">
         <path>/Applications/ti/ccsv7/tools/compiler/ti-cgt-msp430_16.9.4.LTS/lib/</path>
         <kind>archive</kind>
         <file>rts430x_lc_rd_eabi.lib</file>
         <name>fixdli.obj</name>
      </input_file>
      <input_file id="fl-5b">
         <path>/Applications/ti/ccsv7/tools/compiler/ti-cgt-msp430_16.9.4.LTS/lib/</path>
         <kind>archive</kind>
         <file>rts430x_lc_rd_eabi.lib</file>
         <name>fltid.obj</name>
      </input_file>
      <input_file id="fl-5c">
         <path>/Applications/ti/ccsv7/tools/compiler/ti-cgt-msp430_16.9.4.LTS/lib/</path>
         <kind>archive</kind>
         <file>rts430x_lc_rd_eabi.lib</file>
         <name>fltlid.obj</name>
      </input_file>
      <input_file id="fl-5d">
         <path>/Applications/ti/ccsv7/tools/compiler/ti-cgt-msp430_16.9.4.LTS/lib/</path>
         <kind>archive</kind>
         <file>rts430x_lc_rd_eabi.lib</file>
         <name>fputc.obj</name>
      </input_file>
      <input_file id="fl-5e">
         <path>/Applications/ti/ccsv7/tools/compiler/ti-cgt-msp430_16.9.4.LTS/lib/</path>
         <kind>archive</kind>
         <file>rts430x_lc_rd_eabi.lib</file>
         <name>fputs.obj</name>
      </input_file>
      <input_file id="fl-5f">
         <path>/Applications/ti/ccsv7/tools/compiler/ti-cgt-msp430_16.9.4.LTS/lib/</path>
         <kind>archive</kind>
         <file>rts430x_lc_rd_eabi.lib</file>
         <name>frcdivd.obj</name>
      </input_file>
      <input_file id="fl-60">
         <path>/Applications/ti/ccsv7/tools/compiler/ti-cgt-msp430_16.9.4.LTS/lib/</path>
         <kind>archive</kind>
         <file>rts430x_lc_rd_eabi.lib</file>
         <name>lsl32.obj</name>
      </input_file>
      <input_file id="fl-61">
         <path>/Applications/ti/ccsv7/tools/compiler/ti-cgt-msp430_16.9.4.LTS/lib/</path>
         <kind>archive</kind>
         <file>rts430x_lc_rd_eabi.lib</file>
         <name>lsl64.obj</name>
      </input_file>
      <input_file id="fl-62">
         <path>/Applications/ti/ccsv7/tools/compiler/ti-cgt-msp430_16.9.4.LTS/lib/</path>
         <kind>archive</kind>
         <file>rts430x_lc_rd_eabi.lib</file>
         <name>lsr32.obj</name>
      </input_file>
      <input_file id="fl-63">
         <path>/Applications/ti/ccsv7/tools/compiler/ti-cgt-msp430_16.9.4.LTS/lib/</path>
         <kind>archive</kind>
         <file>rts430x_lc_rd_eabi.lib</file>
         <name>lsr64.obj</name>
      </input_file>
      <input_file id="fl-64">
         <path>/Applications/ti/ccsv7/tools/compiler/ti-cgt-msp430_16.9.4.LTS/lib/</path>
         <kind>archive</kind>
         <file>rts430x_lc_rd_eabi.lib</file>
         <name>ltoa.obj</name>
      </input_file>
      <input_file id="fl-65">
         <path>/Applications/ti/ccsv7/tools/compiler/ti-cgt-msp430_16.9.4.LTS/lib/</path>
         <kind>archive</kind>
         <file>rts430x_lc_rd_eabi.lib</file>
         <name>memccpy.obj</name>
      </input_file>
      <input_file id="fl-66">
         <path>/Applications/ti/ccsv7/tools/compiler/ti-cgt-msp430_16.9.4.LTS/lib/</path>
         <kind>archive</kind>
         <file>rts430x_lc_rd_eabi.lib</file>
         <name>memchr.obj</name>
      </input_file>
      <input_file id="fl-67">
         <path>/Applications/ti/ccsv7/tools/compiler/ti-cgt-msp430_16.9.4.LTS/lib/</path>
         <kind>archive</kind>
         <file>rts430x_lc_rd_eabi.lib</file>
         <name>memset.obj</name>
      </input_file>
      <input_file id="fl-68">
         <path>/Applications/ti/ccsv7/tools/compiler/ti-cgt-msp430_16.9.4.LTS/lib/</path>
         <kind>archive</kind>
         <file>rts430x_lc_rd_eabi.lib</file>
         <name>mpyd.obj</name>
      </input_file>
      <input_file id="fl-69">
         <path>/Applications/ti/ccsv7/tools/compiler/ti-cgt-msp430_16.9.4.LTS/lib/</path>
         <kind>archive</kind>
         <file>rts430x_lc_rd_eabi.lib</file>
         <name>mult16.obj</name>
      </input_file>
      <input_file id="fl-6a">
         <path>/Applications/ti/ccsv7/tools/compiler/ti-cgt-msp430_16.9.4.LTS/lib/</path>
         <kind>archive</kind>
         <file>rts430x_lc_rd_eabi.lib</file>
         <name>mult32.obj</name>
      </input_file>
      <input_file id="fl-6b">
         <path>/Applications/ti/ccsv7/tools/compiler/ti-cgt-msp430_16.9.4.LTS/lib/</path>
         <kind>archive</kind>
         <file>rts430x_lc_rd_eabi.lib</file>
         <name>negd.obj</name>
      </input_file>
      <input_file id="fl-6c">
         <path>/Applications/ti/ccsv7/tools/compiler/ti-cgt-msp430_16.9.4.LTS/lib/</path>
         <kind>archive</kind>
         <file>rts430x_lc_rd_eabi.lib</file>
         <name>s_frexp.obj</name>
      </input_file>
      <input_file id="fl-6d">
         <path>/Applications/ti/ccsv7/tools/compiler/ti-cgt-msp430_16.9.4.LTS/lib/</path>
         <kind>archive</kind>
         <file>rts430x_lc_rd_eabi.lib</file>
         <name>s_scalbn.obj</name>
      </input_file>
      <input_file id="fl-6e">
         <path>/Applications/ti/ccsv7/tools/compiler/ti-cgt-msp430_16.9.4.LTS/lib/</path>
         <kind>archive</kind>
         <file>rts430x_lc_rd_eabi.lib</file>
         <name>startup.obj</name>
      </input_file>
      <input_file id="fl-6f">
         <path>/Applications/ti/ccsv7/tools/compiler/ti-cgt-msp430_16.9.4.LTS/lib/</path>
         <kind>archive</kind>
         <file>rts430x_lc_rd_eabi.lib</file>
         <name>strchr.obj</name>
      </input_file>
      <input_file id="fl-70">
         <path>/Applications/ti/ccsv7/tools/compiler/ti-cgt-msp430_16.9.4.LTS/lib/</path>
         <kind>archive</kind>
         <file>rts430x_lc_rd_eabi.lib</file>
         <name>strlen.obj</name>
      </input_file>
      <input_file id="fl-71">
         <path>/Applications/ti/ccsv7/tools/compiler/ti-cgt-msp430_16.9.4.LTS/lib/</path>
         <kind>archive</kind>
         <file>rts430x_lc_rd_eabi.lib</file>
         <name>subd.obj</name>
      </input_file>
      <input_file id="fl-72">
         <path>/Applications/ti/ccsv7/tools/compiler/ti-cgt-msp430_16.9.4.LTS/lib/</path>
         <kind>archive</kind>
         <file>rts430x_lc_rd_eabi.lib</file>
         <name>toupper.obj</name>
      </input_file>
      <input_file id="fl-73">
         <path>/Applications/ti/ccsv7/tools/compiler/ti-cgt-msp430_16.9.4.LTS/lib/</path>
         <kind>archive</kind>
         <file>rts430x_lc_rd_eabi.lib</file>
         <name>write.obj</name>
      </input_file>
      <input_file id="fl-74">
         <path>/Applications/ti/ccsv7/tools/compiler/ti-cgt-msp430_16.9.4.LTS/lib/</path>
         <kind>archive</kind>
         <file>rts430x_lc_rd_eabi.lib</file>
         <name>_io_perm.obj</name>
      </input_file>
      <input_file id="fl-75">
         <path>/Applications/ti/ccsv7/tools/compiler/ti-cgt-msp430_16.9.4.LTS/lib/</path>
         <kind>archive</kind>
         <file>rts430x_lc_rd_eabi.lib</file>
         <name>addd.obj</name>
      </input_file>
      <input_file id="fl-76">
         <path>/Applications/ti/ccsv7/tools/compiler/ti-cgt-msp430_16.9.4.LTS/lib/</path>
         <kind>archive</kind>
         <file>rts430x_lc_rd_eabi.lib</file>
         <name>asr32.obj</name>
      </input_file>
      <input_file id="fl-77">
         <path>/Applications/ti/ccsv7/tools/compiler/ti-cgt-msp430_16.9.4.LTS/lib/</path>
         <kind>archive</kind>
         <file>rts430x_lc_rd_eabi.lib</file>
         <name>div32s.obj</name>
      </input_file>
      <input_file id="fl-78">
         <path>/Applications/ti/ccsv7/tools/compiler/ti-cgt-msp430_16.9.4.LTS/lib/</path>
         <kind>archive</kind>
         <file>rts430x_lc_rd_eabi.lib</file>
         <name>errno.obj</name>
      </input_file>
      <input_file id="fl-79">
         <path>/Applications/ti/ccsv7/tools/compiler/ti-cgt-msp430_16.9.4.LTS/lib/</path>
         <kind>archive</kind>
         <file>rts430x_lc_rd_eabi.lib</file>
         <name>fflush.obj</name>
      </input_file>
      <input_file id="fl-7a">
         <path>/Applications/ti/ccsv7/tools/compiler/ti-cgt-msp430_16.9.4.LTS/lib/</path>
         <kind>archive</kind>
         <file>rts430x_lc_rd_eabi.lib</file>
         <name>frcaddd.obj</name>
      </input_file>
      <input_file id="fl-7b">
         <path>/Applications/ti/ccsv7/tools/compiler/ti-cgt-msp430_16.9.4.LTS/lib/</path>
         <kind>archive</kind>
         <file>rts430x_lc_rd_eabi.lib</file>
         <name>frcmpyd.obj</name>
      </input_file>
      <input_file id="fl-7c">
         <path>/Applications/ti/ccsv7/tools/compiler/ti-cgt-msp430_16.9.4.LTS/lib/</path>
         <kind>archive</kind>
         <file>rts430x_lc_rd_eabi.lib</file>
         <name>fseek.obj</name>
      </input_file>
      <input_file id="fl-7d">
         <path>/Applications/ti/ccsv7/tools/compiler/ti-cgt-msp430_16.9.4.LTS/lib/</path>
         <kind>archive</kind>
         <file>rts430x_lc_rd_eabi.lib</file>
         <name>hostclose.obj</name>
      </input_file>
      <input_file id="fl-7e">
         <path>/Applications/ti/ccsv7/tools/compiler/ti-cgt-msp430_16.9.4.LTS/lib/</path>
         <kind>archive</kind>
         <file>rts430x_lc_rd_eabi.lib</file>
         <name>hostlseek.obj</name>
      </input_file>
      <input_file id="fl-7f">
         <path>/Applications/ti/ccsv7/tools/compiler/ti-cgt-msp430_16.9.4.LTS/lib/</path>
         <kind>archive</kind>
         <file>rts430x_lc_rd_eabi.lib</file>
         <name>hostopen.obj</name>
      </input_file>
      <input_file id="fl-80">
         <path>/Applications/ti/ccsv7/tools/compiler/ti-cgt-msp430_16.9.4.LTS/lib/</path>
         <kind>archive</kind>
         <file>rts430x_lc_rd_eabi.lib</file>
         <name>hostread.obj</name>
      </input_file>
      <input_file id="fl-81">
         <path>/Applications/ti/ccsv7/tools/compiler/ti-cgt-msp430_16.9.4.LTS/lib/</path>
         <kind>archive</kind>
         <file>rts430x_lc_rd_eabi.lib</file>
         <name>hostrename.obj</name>
      </input_file>
      <input_file id="fl-82">
         <path>/Applications/ti/ccsv7/tools/compiler/ti-cgt-msp430_16.9.4.LTS/lib/</path>
         <kind>archive</kind>
         <file>rts430x_lc_rd_eabi.lib</file>
         <name>hostunlink.obj</name>
      </input_file>
      <input_file id="fl-83">
         <path>/Applications/ti/ccsv7/tools/compiler/ti-cgt-msp430_16.9.4.LTS/lib/</path>
         <kind>archive</kind>
         <file>rts430x_lc_rd_eabi.lib</file>
         <name>hostwrite.obj</name>
      </input_file>
      <input_file id="fl-84">
         <path>/Applications/ti/ccsv7/tools/compiler/ti-cgt-msp430_16.9.4.LTS/lib/</path>
         <kind>archive</kind>
         <file>rts430x_lc_rd_eabi.lib</file>
         <name>lseek.obj</name>
      </input_file>
      <input_file id="fl-85">
         <path>/Applications/ti/ccsv7/tools/compiler/ti-cgt-msp430_16.9.4.LTS/lib/</path>
         <kind>archive</kind>
         <file>rts430x_lc_rd_eabi.lib</file>
         <name>renormd.obj</name>
      </input_file>
      <input_file id="fl-86">
         <path>/Applications/ti/ccsv7/tools/compiler/ti-cgt-msp430_16.9.4.LTS/lib/</path>
         <kind>archive</kind>
         <file>rts430x_lc_rd_eabi.lib</file>
         <name>s_copysign.obj</name>
      </input_file>
      <input_file id="fl-87">
         <path>/Applications/ti/ccsv7/tools/compiler/ti-cgt-msp430_16.9.4.LTS/lib/</path>
         <kind>archive</kind>
         <file>rts430x_lc_rd_eabi.lib</file>
         <name>setvbuf.obj</name>
      </input_file>
      <input_file id="fl-88">
         <path>/Applications/ti/ccsv7/tools/compiler/ti-cgt-msp430_16.9.4.LTS/lib/</path>
         <kind>archive</kind>
         <file>rts430x_lc_rd_eabi.lib</file>
         <name>strcpy.obj</name>
      </input_file>
      <input_file id="fl-89">
         <path>/Applications/ti/ccsv7/tools/compiler/ti-cgt-msp430_16.9.4.LTS/lib/</path>
         <kind>archive</kind>
         <file>rts430x_lc_rd_eabi.lib</file>
         <name>trgmsg.obj</name>
      </input_file>
      <input_file id="fl-8a">
         <path>/Applications/ti/ccsv7/tools/compiler/ti-cgt-msp430_16.9.4.LTS/lib/</path>
         <kind>archive</kind>
         <file>rts430x_lc_rd_eabi.lib</file>
         <name>fopen.obj</name>
      </input_file>
      <input_file id="fl-8b">
         <path>/Applications/ti/ccsv7/tools/compiler/ti-cgt-msp430_16.9.4.LTS/lib/</path>
         <kind>archive</kind>
         <file>rts430x_lc_rd_eabi.lib</file>
         <name>memory.obj</name>
      </input_file>
      <input_file id="fl-8c">
         <path>/Applications/ti/ccsv7/tools/compiler/ti-cgt-msp430_16.9.4.LTS/lib/</path>
         <kind>archive</kind>
         <file>rts430x_lc_rd_eabi.lib</file>
         <name>open.obj</name>
      </input_file>
      <input_file id="fl-8d">
         <path>/Applications/ti/ccsv7/tools/compiler/ti-cgt-msp430_16.9.4.LTS/lib/</path>
         <kind>archive</kind>
         <file>rts430x_lc_rd_eabi.lib</file>
         <name>fclose.obj</name>
      </input_file>
      <input_file id="fl-8e">
         <path>/Applications/ti/ccsv7/tools/compiler/ti-cgt-msp430_16.9.4.LTS/lib/</path>
         <kind>archive</kind>
         <file>rts430x_lc_rd_eabi.lib</file>
         <name>getdevice.obj</name>
      </input_file>
      <input_file id="fl-8f">
         <path>/Applications/ti/ccsv7/tools/compiler/ti-cgt-msp430_16.9.4.LTS/lib/</path>
         <kind>archive</kind>
         <file>rts430x_lc_rd_eabi.lib</file>
         <name>remove.obj</name>
      </input_file>
      <input_file id="fl-90">
         <path>/Applications/ti/ccsv7/tools/compiler/ti-cgt-msp430_16.9.4.LTS/lib/</path>
         <kind>archive</kind>
         <file>rts430x_lc_rd_eabi.lib</file>
         <name>strcmp.obj</name>
      </input_file>
      <input_file id="fl-91">
         <path>/Applications/ti/ccsv7/tools/compiler/ti-cgt-msp430_16.9.4.LTS/lib/</path>
         <kind>archive</kind>
         <file>rts430x_lc_rd_eabi.lib</file>
         <name>strncpy.obj</name>
      </input_file>
      <input_file id="fl-92">
         <path>/Applications/ti/ccsv7/tools/compiler/ti-cgt-msp430_16.9.4.LTS/lib/</path>
         <kind>archive</kind>
         <file>rts430x_lc_rd_eabi.lib</file>
         <name>unlink.obj</name>
      </input_file>
      <input_file id="fl-93">
         <path>/Applications/ti/ccsv7/tools/compiler/ti-cgt-msp430_16.9.4.LTS/lib/</path>
         <kind>archive</kind>
         <file>rts430x_lc_rd_eabi.lib</file>
         <name>close.obj</name>
      </input_file>
   </input_file_list>
   <object_component_list>
      <object_component id="oc-66b">
         <name>.bss</name>
         <uninitialized>true</uninitialized>
         <run_address>0x2948</run_address>
         <size>0xa</size>
         <input_file_ref idref="fl-8b"/>
      </object_component>
      <object_component id="oc-724">
         <name>.common:__TI_tmpnams</name>
         <uninitialized>true</uninitialized>
         <run_address>0x28a8</run_address>
         <size>0xa0</size>
      </object_component>
      <object_component id="oc-72f">
         <name>.common:parmbuf</name>
         <uninitialized>true</uninitialized>
         <run_address>0x2952</run_address>
         <size>0x8</size>
      </object_component>
      <object_component id="oc-44e">
         <name>.data</name>
         <load_address>0x2784</load_address>
         <run_address>0x2784</run_address>
         <size>0x2</size>
         <input_file_ref idref="fl-2a"/>
      </object_component>
      <object_component id="oc-457">
         <name>.data:__TI_cleanup_ptr</name>
         <load_address>0x2770</load_address>
         <run_address>0x2770</run_address>
         <size>0x4</size>
         <input_file_ref idref="fl-2b"/>
      </object_component>
      <object_component id="oc-454">
         <name>.data:__TI_dtors_ptr</name>
         <load_address>0x2774</load_address>
         <run_address>0x2774</run_address>
         <size>0x4</size>
         <input_file_ref idref="fl-2b"/>
      </object_component>
      <object_component id="oc-451">
         <name>.data:_lock</name>
         <load_address>0x2778</load_address>
         <run_address>0x2778</run_address>
         <size>0x4</size>
         <input_file_ref idref="fl-4c"/>
      </object_component>
      <object_component id="oc-45a">
         <name>.data:_unlock</name>
         <load_address>0x277c</load_address>
         <run_address>0x277c</run_address>
         <size>0x4</size>
         <input_file_ref idref="fl-4c"/>
      </object_component>
      <object_component id="oc-4c8">
         <name>.data:_ftable</name>
         <load_address>0x25f4</load_address>
         <run_address>0x25f4</run_address>
         <size>0xc8</size>
         <input_file_ref idref="fl-55"/>
      </object_component>
      <object_component id="oc-67f">
         <name>.data</name>
         <load_address>0x2780</load_address>
         <run_address>0x2780</run_address>
         <size>0x2</size>
         <input_file_ref idref="fl-55"/>
      </object_component>
      <object_component id="oc-5f2">
         <name>.data:_device</name>
         <load_address>0x26bc</load_address>
         <run_address>0x26bc</run_address>
         <size>0x78</size>
         <input_file_ref idref="fl-73"/>
      </object_component>
      <object_component id="oc-57a">
         <name>.data:_stream</name>
         <load_address>0x2734</load_address>
         <run_address>0x2734</run_address>
         <size>0x3c</size>
         <input_file_ref idref="fl-73"/>
      </object_component>
      <object_component id="oc-786">
         <name>.data</name>
         <load_address>0x2782</load_address>
         <run_address>0x2782</run_address>
         <size>0x2</size>
         <input_file_ref idref="fl-78"/>
      </object_component>
      <object_component id="oc-66f">
         <name>.data</name>
         <load_address>0x2786</load_address>
         <run_address>0x2786</run_address>
         <size>0x2</size>
         <input_file_ref idref="fl-8b"/>
      </object_component>
      <object_component id="oc-3c1">
         <name>.sysmem</name>
         <uninitialized>true</uninitialized>
         <run_address>0x2400</run_address>
         <size>0x6</size>
         <input_file_ref idref="fl-8b"/>
      </object_component>
      <object_component id="oc-888">
         <name>.sysmem</name>
         <uninitialized>true</uninitialized>
         <run_address>0x2400</run_address>
         <size>0x0</size>
      </object_component>
      <object_component id="oc-3bd">
         <name>.stack</name>
         <uninitialized>true</uninitialized>
         <run_address>0x420c</run_address>
         <size>0x4</size>
         <input_file_ref idref="fl-23"/>
      </object_component>
      <object_component id="oc-887">
         <name>.stack</name>
         <uninitialized>true</uninitialized>
         <run_address>0x420c</run_address>
         <size>0x0</size>
      </object_component>
      <object_component id="oc-6f5">
         <name>.text:__TI_frcdivd</name>
         <load_address>0x10000</load_address>
         <run_address>0x10000</run_address>
         <size>0x478</size>
         <input_file_ref idref="fl-5f"/>
      </object_component>
      <object_component id="oc-60b">
         <name>.text:__mspabi_divull</name>
         <load_address>0x10478</load_address>
         <run_address>0x10478</run_address>
         <size>0x34e</size>
         <input_file_ref idref="fl-57"/>
      </object_component>
      <object_component id="oc-76d">
         <name>.text:__mspabi_addd</name>
         <load_address>0x107c6</load_address>
         <run_address>0x107c6</run_address>
         <size>0x2d8</size>
         <input_file_ref idref="fl-75"/>
      </object_component>
      <object_component id="oc-6ed">
         <name>.text:__TI_frcmpyd</name>
         <load_address>0x10a9e</load_address>
         <run_address>0x10a9e</run_address>
         <size>0x286</size>
         <input_file_ref idref="fl-7b"/>
      </object_component>
      <object_component id="oc-645">
         <name>.text:__mspabi_mpyd</name>
         <load_address>0x10d24</load_address>
         <run_address>0x10d24</run_address>
         <size>0x282</size>
         <input_file_ref idref="fl-68"/>
      </object_component>
      <object_component id="oc-553">
         <name>.text:_pproc_fgea</name>
         <load_address>0x10fa6</load_address>
         <run_address>0x10fa6</run_address>
         <size>0x260</size>
         <input_file_ref idref="fl-4d"/>
      </object_component>
      <object_component id="oc-500">
         <name>.text:_setfield</name>
         <load_address>0x11206</load_address>
         <run_address>0x11206</run_address>
         <size>0x25e</size>
         <input_file_ref idref="fl-4d"/>
      </object_component>
      <object_component id="oc-7be">
         <name>.text:__TI_frcaddd</name>
         <load_address>0x11464</load_address>
         <run_address>0x11464</run_address>
         <size>0x252</size>
         <input_file_ref idref="fl-7a"/>
      </object_component>
      <object_component id="oc-4d7">
         <name>.text:__TI_printfi</name>
         <load_address>0x116b6</load_address>
         <run_address>0x116b6</run_address>
         <size>0x23c</size>
         <input_file_ref idref="fl-4d"/>
      </object_component>
      <object_component id="oc-658">
         <name>.text:acvt</name>
         <load_address>0x118f2</load_address>
         <run_address>0x118f2</run_address>
         <size>0x224</size>
         <input_file_ref idref="fl-4d"/>
      </object_component>
      <object_component id="oc-64b">
         <name>.text:__mspabi_divd</name>
         <load_address>0x11b16</load_address>
         <run_address>0x11b16</run_address>
         <size>0x222</size>
         <input_file_ref idref="fl-58"/>
      </object_component>
      <object_component id="oc-625">
         <name>.text:ecvt</name>
         <load_address>0x11d38</load_address>
         <run_address>0x11d38</run_address>
         <size>0x210</size>
         <input_file_ref idref="fl-4d"/>
      </object_component>
      <object_component id="oc-638">
         <name>.text:fcvt</name>
         <load_address>0x11f48</load_address>
         <run_address>0x11f48</run_address>
         <size>0x1fe</size>
         <input_file_ref idref="fl-4d"/>
      </object_component>
      <object_component id="oc-5b6">
         <name>.text:_pconv_e</name>
         <load_address>0x12146</load_address>
         <run_address>0x12146</run_address>
         <size>0x1a4</size>
         <input_file_ref idref="fl-4d"/>
      </object_component>
      <object_component id="oc-704">
         <name>.text:scalbn</name>
         <load_address>0x122ea</load_address>
         <run_address>0x122ea</run_address>
         <size>0x1a0</size>
         <input_file_ref idref="fl-6d"/>
      </object_component>
      <object_component id="oc-58c">
         <name>.text:_getarg_diouxp</name>
         <load_address>0x1248a</load_address>
         <run_address>0x1248a</run_address>
         <size>0x188</size>
         <input_file_ref idref="fl-4d"/>
      </object_component>
      <object_component id="oc-5bc">
         <name>.text:_pconv_a</name>
         <load_address>0x12612</load_address>
         <run_address>0x12612</run_address>
         <size>0x170</size>
         <input_file_ref idref="fl-4d"/>
      </object_component>
      <object_component id="oc-54d">
         <name>.text:_pproc_diouxp</name>
         <load_address>0x12782</load_address>
         <run_address>0x12782</run_address>
         <size>0x148</size>
         <input_file_ref idref="fl-4d"/>
      </object_component>
      <object_component id="oc-592">
         <name>.text:_ltostr</name>
         <load_address>0x128ca</load_address>
         <run_address>0x128ca</run_address>
         <size>0x12a</size>
         <input_file_ref idref="fl-4d"/>
      </object_component>
      <object_component id="oc-5aa">
         <name>.text:_pconv_g</name>
         <load_address>0x129f4</load_address>
         <run_address>0x129f4</run_address>
         <size>0xfc</size>
         <input_file_ref idref="fl-4d"/>
      </object_component>
      <object_component id="oc-4fa">
         <name>.text:_pproc_fwp</name>
         <load_address>0x12af0</load_address>
         <run_address>0x12af0</run_address>
         <size>0xfa</size>
         <input_file_ref idref="fl-4d"/>
      </object_component>
      <object_component id="oc-4e6">
         <name>.text:fputs</name>
         <load_address>0x12bea</load_address>
         <run_address>0x12bea</run_address>
         <size>0xf0</size>
         <input_file_ref idref="fl-5e"/>
      </object_component>
      <object_component id="oc-56e">
         <name>.text:setvbuf</name>
         <load_address>0x12cda</load_address>
         <run_address>0x12cda</run_address>
         <size>0xe0</size>
         <input_file_ref idref="fl-87"/>
      </object_component>
      <object_component id="oc-5c2">
         <name>.text:__mspabi_cmpd</name>
         <load_address>0x12dba</load_address>
         <run_address>0x12dba</run_address>
         <size>0xd8</size>
         <input_file_ref idref="fl-52"/>
      </object_component>
      <object_component id="oc-5d9">
         <name>.text:malloc</name>
         <load_address>0x12e92</load_address>
         <run_address>0x12e92</run_address>
         <size>0xbc</size>
         <input_file_ref idref="fl-8b"/>
      </object_component>
      <object_component id="oc-69d">
         <name>.text:HOSTlseek</name>
         <load_address>0x12f4e</load_address>
         <run_address>0x12f4e</run_address>
         <size>0xb4</size>
         <input_file_ref idref="fl-7e"/>
      </object_component>
      <object_component id="oc-7f9">
         <name>.text:__TI_renormd</name>
         <load_address>0x13002</load_address>
         <run_address>0x13002</run_address>
         <size>0xb2</size>
         <input_file_ref idref="fl-85"/>
      </object_component>
      <object_component id="oc-652">
         <name>.text:frexp</name>
         <load_address>0x130b4</load_address>
         <run_address>0x130b4</run_address>
         <size>0xb2</size>
         <input_file_ref idref="fl-6c"/>
      </object_component>
      <object_component id="oc-506">
         <name>.text:_pproc_str</name>
         <load_address>0x13166</load_address>
         <run_address>0x13166</run_address>
         <size>0xa6</size>
         <input_file_ref idref="fl-4d"/>
      </object_component>
      <object_component id="oc-6ca">
         <name>.text:__mspabi_fltlid</name>
         <load_address>0x1320c</load_address>
         <run_address>0x1320c</run_address>
         <size>0x9e</size>
         <input_file_ref idref="fl-5c"/>
      </object_component>
      <object_component id="oc-62b">
         <name>.text:_ecpy</name>
         <load_address>0x132aa</load_address>
         <run_address>0x132aa</run_address>
         <size>0x90</size>
         <input_file_ref idref="fl-4d"/>
      </object_component>
      <object_component id="oc-631">
         <name>.text:_mcpy</name>
         <load_address>0x1333a</load_address>
         <run_address>0x1333a</run_address>
         <size>0x90</size>
         <input_file_ref idref="fl-4d"/>
      </object_component>
      <object_component id="oc-4ed">
         <name>.text:fputc</name>
         <load_address>0x133ca</load_address>
         <run_address>0x133ca</run_address>
         <size>0x90</size>
         <input_file_ref idref="fl-5d"/>
      </object_component>
      <object_component id="oc-5d3">
         <name>.text:free</name>
         <load_address>0x1345a</load_address>
         <run_address>0x1345a</run_address>
         <size>0x8e</size>
         <input_file_ref idref="fl-8b"/>
      </object_component>
      <object_component id="oc-3ee">
         <name>.text:_auto_init_hold_wdt</name>
         <load_address>0x134e8</load_address>
         <run_address>0x134e8</run_address>
         <size>0x82</size>
         <input_file_ref idref="fl-51"/>
      </object_component>
      <object_component id="oc-6c4">
         <name>.text:ltoa</name>
         <load_address>0x1356a</load_address>
         <run_address>0x1356a</run_address>
         <size>0x80</size>
         <input_file_ref idref="fl-64"/>
      </object_component>
      <object_component id="oc-521">
         <name>.text:__TI_wrt_ok</name>
         <load_address>0x135ea</load_address>
         <run_address>0x135ea</run_address>
         <size>0x7e</size>
         <input_file_ref idref="fl-74"/>
      </object_component>
      <object_component id="oc-5b0">
         <name>.text:_pconv_f</name>
         <load_address>0x13668</load_address>
         <run_address>0x13668</run_address>
         <size>0x78</size>
         <input_file_ref idref="fl-4d"/>
      </object_component>
      <object_component id="oc-6d">
         <name>.text:decompress:lzss:__TI_decompress_lzss</name>
         <load_address>0x136e0</load_address>
         <run_address>0x136e0</run_address>
         <size>0x78</size>
         <input_file_ref idref="fl-25"/>
      </object_component>
      <object_component id="oc-6a9">
         <name>.text:HOSTrename</name>
         <load_address>0x13758</load_address>
         <run_address>0x13758</run_address>
         <size>0x74</size>
         <input_file_ref idref="fl-81"/>
      </object_component>
      <object_component id="oc-679">
         <name>.text:__TI_closefile</name>
         <load_address>0x137cc</load_address>
         <run_address>0x137cc</run_address>
         <size>0x74</size>
         <input_file_ref idref="fl-8d"/>
      </object_component>
      <object_component id="oc-685">
         <name>.text:HOSTopen</name>
         <load_address>0x13840</load_address>
         <run_address>0x13840</run_address>
         <size>0x70</size>
         <input_file_ref idref="fl-7f"/>
      </object_component>
      <object_component id="oc-460">
         <name>.text:decToBinary</name>
         <load_address>0x138b0</load_address>
         <run_address>0x138b0</run_address>
         <size>0x6e</size>
         <input_file_ref idref="fl-2"/>
      </object_component>
      <object_component id="oc-697">
         <name>.text:HOSTwrite</name>
         <load_address>0x1391e</load_address>
         <run_address>0x1391e</run_address>
         <size>0x6c</size>
         <input_file_ref idref="fl-83"/>
      </object_component>
      <object_component id="oc-691">
         <name>.text:HOSTread</name>
         <load_address>0x1398a</load_address>
         <run_address>0x1398a</run_address>
         <size>0x6a</size>
         <input_file_ref idref="fl-80"/>
      </object_component>
      <object_component id="oc-568">
         <name>.text:fseek</name>
         <load_address>0x139f4</load_address>
         <run_address>0x139f4</run_address>
         <size>0x6a</size>
         <input_file_ref idref="fl-7c"/>
      </object_component>
      <object_component id="oc-6dc">
         <name>.text:__mspabi_fixdli</name>
         <load_address>0x13a5e</load_address>
         <run_address>0x13a5e</run_address>
         <size>0x66</size>
         <input_file_ref idref="fl-5a"/>
      </object_component>
      <object_component id="oc-439">
         <name>.text:copy_in</name>
         <load_address>0x13ac4</load_address>
         <run_address>0x13ac4</run_address>
         <size>0x66</size>
         <input_file_ref idref="fl-53"/>
      </object_component>
      <object_component id="oc-52d">
         <name>.text:__TI_doflush</name>
         <load_address>0x13b2a</load_address>
         <run_address>0x13b2a</run_address>
         <size>0x64</size>
         <input_file_ref idref="fl-79"/>
      </object_component>
      <object_component id="oc-53f">
         <name>.text:atoi</name>
         <load_address>0x13b8e</load_address>
         <run_address>0x13b8e</run_address>
         <size>0x62</size>
         <input_file_ref idref="fl-50"/>
      </object_component>
      <object_component id="oc-71e">
         <name>.text:close</name>
         <load_address>0x13bf0</load_address>
         <run_address>0x13bf0</run_address>
         <size>0x5a</size>
         <input_file_ref idref="fl-93"/>
      </object_component>
      <object_component id="oc-796">
         <name>.text:getdevice</name>
         <load_address>0x13c4a</load_address>
         <run_address>0x13c4a</run_address>
         <size>0x5a</size>
         <input_file_ref idref="fl-8e"/>
      </object_component>
      <object_component id="oc-611">
         <name>.text</name>
         <load_address>0x13ca4</load_address>
         <run_address>0x13ca4</run_address>
         <size>0x58</size>
         <input_file_ref idref="fl-56"/>
      </object_component>
      <object_component id="oc-68b">
         <name>.text:HOSTclose</name>
         <load_address>0x13cfc</load_address>
         <run_address>0x13cfc</run_address>
         <size>0x4e</size>
         <input_file_ref idref="fl-7d"/>
      </object_component>
      <object_component id="oc-63e">
         <name>.text:_fcpy</name>
         <load_address>0x13d4a</load_address>
         <run_address>0x13d4a</run_address>
         <size>0x4e</size>
         <input_file_ref idref="fl-4d"/>
      </object_component>
      <object_component id="oc-3fa">
         <name>.text:exit</name>
         <load_address>0x13d98</load_address>
         <run_address>0x13d98</run_address>
         <size>0x4a</size>
         <input_file_ref idref="fl-2a"/>
      </object_component>
      <object_component id="oc-4a8">
         <name>.text:printf</name>
         <load_address>0x13de2</load_address>
         <run_address>0x13de2</run_address>
         <size>0x4a</size>
         <input_file_ref idref="fl-4b"/>
      </object_component>
      <object_component id="oc-6a3">
         <name>.text:HOSTunlink</name>
         <load_address>0x13e2c</load_address>
         <run_address>0x13e2c</run_address>
         <size>0x46</size>
         <input_file_ref idref="fl-82"/>
      </object_component>
      <object_component id="oc-672">
         <name>.text:minit</name>
         <load_address>0x13e72</load_address>
         <run_address>0x13e72</run_address>
         <size>0x42</size>
         <input_file_ref idref="fl-8b"/>
      </object_component>
      <object_component id="oc-75f">
         <name>.text</name>
         <load_address>0x13eb4</load_address>
         <run_address>0x13eb4</run_address>
         <size>0x40</size>
         <input_file_ref idref="fl-77"/>
      </object_component>
      <object_component id="oc-745">
         <name>.text:l_asr_const</name>
         <load_address>0x13ef4</load_address>
         <run_address>0x13ef4</run_address>
         <size>0x3e</size>
         <input_file_ref idref="fl-76"/>
      </object_component>
      <object_component id="oc-74a">
         <name>.text:l_lsl_const</name>
         <load_address>0x13f32</load_address>
         <run_address>0x13f32</run_address>
         <size>0x3e</size>
         <input_file_ref idref="fl-60"/>
      </object_component>
      <object_component id="oc-766">
         <name>.text:l_lsr_const</name>
         <load_address>0x13f70</load_address>
         <run_address>0x13f70</run_address>
         <size>0x3e</size>
         <input_file_ref idref="fl-62"/>
      </object_component>
      <object_component id="oc-5cb">
         <name>.text:lseek</name>
         <load_address>0x13fae</load_address>
         <run_address>0x13fae</run_address>
         <size>0x3e</size>
         <input_file_ref idref="fl-84"/>
      </object_component>
      <object_component id="oc-533">
         <name>.text:write</name>
         <load_address>0x13fec</load_address>
         <run_address>0x13fec</run_address>
         <size>0x3c</size>
         <input_file_ref idref="fl-73"/>
      </object_component>
      <object_component id="oc-6b3">
         <name>.text:__mspabi_sllll</name>
         <load_address>0x14028</load_address>
         <run_address>0x14028</run_address>
         <size>0x3a</size>
         <input_file_ref idref="fl-61"/>
      </object_component>
      <object_component id="oc-616">
         <name>.text:__mspabi_srlll</name>
         <load_address>0x14062</load_address>
         <run_address>0x14062</run_address>
         <size>0x3a</size>
         <input_file_ref idref="fl-63"/>
      </object_component>
      <object_component id="oc-5df">
         <name>.text:__TI_cleanup</name>
         <load_address>0x1409c</load_address>
         <run_address>0x1409c</run_address>
         <size>0x36</size>
         <input_file_ref idref="fl-8a"/>
      </object_component>
      <object_component id="oc-732">
         <name>.text:__TI_writemsg</name>
         <load_address>0x140d2</load_address>
         <run_address>0x140d2</run_address>
         <size>0x36</size>
         <input_file_ref idref="fl-89"/>
      </object_component>
      <object_component id="oc-738">
         <name>.text:__TI_readmsg</name>
         <load_address>0x14108</load_address>
         <run_address>0x14108</run_address>
         <size>0x32</size>
         <input_file_ref idref="fl-89"/>
      </object_component>
      <object_component id="oc-6d0">
         <name>.text:__mspabi_subd</name>
         <load_address>0x1413a</load_address>
         <run_address>0x1413a</run_address>
         <size>0x32</size>
         <input_file_ref idref="fl-71"/>
      </object_component>
      <object_component id="oc-7d4">
         <name>.text:strncpy</name>
         <load_address>0x1416c</load_address>
         <run_address>0x1416c</run_address>
         <size>0x32</size>
         <input_file_ref idref="fl-91"/>
      </object_component>
      <object_component id="oc-725">
         <name>.text:unlink</name>
         <load_address>0x1419e</load_address>
         <run_address>0x1419e</run_address>
         <size>0x30</size>
         <input_file_ref idref="fl-92"/>
      </object_component>
      <object_component id="oc-5a4">
         <name>.text:__mspabi_negd</name>
         <load_address>0x141ce</load_address>
         <run_address>0x141ce</run_address>
         <size>0x2e</size>
         <input_file_ref idref="fl-6b"/>
      </object_component>
      <object_component id="oc-789">
         <name>.text:copysign</name>
         <load_address>0x141fc</load_address>
         <run_address>0x141fc</run_address>
         <size>0x2e</size>
         <input_file_ref idref="fl-86"/>
      </object_component>
      <object_component id="oc-7da">
         <name>.text:finddevice</name>
         <load_address>0x1422a</load_address>
         <run_address>0x1422a</run_address>
         <size>0x2e</size>
         <input_file_ref idref="fl-8e"/>
      </object_component>
      <object_component id="oc-4a2">
         <name>.text</name>
         <load_address>0x14258</load_address>
         <run_address>0x14258</run_address>
         <size>0x2c</size>
         <input_file_ref idref="fl-28"/>
      </object_component>
      <object_component id="oc-6d6">
         <name>.text:__mspabi_fixdi</name>
         <load_address>0x14284</load_address>
         <run_address>0x14284</run_address>
         <size>0x28</size>
         <input_file_ref idref="fl-59"/>
      </object_component>
      <object_component id="oc-8f">
         <name>.text:decompress:ZI:__TI_zero_init</name>
         <load_address>0x142ac</load_address>
         <run_address>0x142ac</run_address>
         <size>0x24</size>
         <input_file_ref idref="fl-27"/>
      </object_component>
      <object_component id="oc-777">
         <name>.text</name>
         <load_address>0x142d0</load_address>
         <run_address>0x142d0</run_address>
         <size>0x24</size>
         <input_file_ref idref="fl-48"/>
      </object_component>
      <object_component id="oc-559">
         <name>.text:memccpy</name>
         <load_address>0x142f4</load_address>
         <run_address>0x142f4</run_address>
         <size>0x1e</size>
         <input_file_ref idref="fl-65"/>
      </object_component>
      <object_component id="oc-70a">
         <name>.text:strchr</name>
         <load_address>0x14312</load_address>
         <run_address>0x14312</run_address>
         <size>0x1c</size>
         <input_file_ref idref="fl-6f"/>
      </object_component>
      <object_component id="oc-805">
         <name>.text:strcmp</name>
         <load_address>0x1432e</load_address>
         <run_address>0x1432e</run_address>
         <size>0x1c</size>
         <input_file_ref idref="fl-90"/>
      </object_component>
      <object_component id="oc-473">
         <name>.text</name>
         <load_address>0x1434a</load_address>
         <run_address>0x1434a</run_address>
         <size>0x18</size>
         <input_file_ref idref="fl-46"/>
      </object_component>
      <object_component id="oc-527">
         <name>.text:memchr</name>
         <load_address>0x14362</load_address>
         <run_address>0x14362</run_address>
         <size>0x16</size>
         <input_file_ref idref="fl-66"/>
      </object_component>
      <object_component id="oc-545">
         <name>.text:memset</name>
         <load_address>0x14378</load_address>
         <run_address>0x14378</run_address>
         <size>0x16</size>
         <input_file_ref idref="fl-67"/>
      </object_component>
      <object_component id="oc-4c2">
         <name>.text</name>
         <load_address>0x1438e</load_address>
         <run_address>0x1438e</run_address>
         <size>0x16</size>
         <input_file_ref idref="fl-29"/>
      </object_component>
      <object_component id="oc-3cf">
         <name>.text:memcpy</name>
         <load_address>0x143a4</load_address>
         <run_address>0x143a4</run_address>
         <size>0x14</size>
         <input_file_ref idref="fl-43"/>
      </object_component>
      <object_component id="oc-73">
         <name>.text:decompress:none:__TI_decompress_none</name>
         <load_address>0x143b8</load_address>
         <run_address>0x143b8</run_address>
         <size>0x12</size>
         <input_file_ref idref="fl-26"/>
      </object_component>
      <object_component id="oc-753">
         <name>.text:strcpy</name>
         <load_address>0x143ca</load_address>
         <run_address>0x143ca</run_address>
         <size>0x12</size>
         <input_file_ref idref="fl-88"/>
      </object_component>
      <object_component id="oc-59e">
         <name>.text:toupper</name>
         <load_address>0x143dc</load_address>
         <run_address>0x143dc</run_address>
         <size>0x12</size>
         <input_file_ref idref="fl-72"/>
      </object_component>
      <object_component id="oc-7f4">
         <name>.text:l_asr</name>
         <load_address>0x143ee</load_address>
         <run_address>0x143ee</run_address>
         <size>0x10</size>
         <input_file_ref idref="fl-76"/>
      </object_component>
      <object_component id="oc-7ef">
         <name>.text:l_lsl</name>
         <load_address>0x143fe</load_address>
         <run_address>0x143fe</run_address>
         <size>0x10</size>
         <input_file_ref idref="fl-60"/>
      </object_component>
      <object_component id="oc-6b9">
         <name>.text:l_lsr</name>
         <load_address>0x1440e</load_address>
         <run_address>0x1440e</run_address>
         <size>0x10</size>
         <input_file_ref idref="fl-62"/>
      </object_component>
      <object_component id="oc-408">
         <name>.text:main</name>
         <load_address>0x1441e</load_address>
         <run_address>0x1441e</run_address>
         <size>0x10</size>
         <input_file_ref idref="fl-2"/>
      </object_component>
      <object_component id="oc-4f4">
         <name>.text:strlen</name>
         <load_address>0x1442e</load_address>
         <run_address>0x1442e</run_address>
         <size>0xe</size>
         <input_file_ref idref="fl-70"/>
      </object_component>
      <object_component id="oc-710">
         <name>.text:__mspabi_fltid</name>
         <load_address>0x1443c</load_address>
         <run_address>0x1443c</run_address>
         <size>0xc</size>
         <input_file_ref idref="fl-5b"/>
      </object_component>
      <object_component id="oc-6e3">
         <name>.text:abs</name>
         <load_address>0x14448</load_address>
         <run_address>0x14448</run_address>
         <size>0xa</size>
         <input_file_ref idref="fl-4e"/>
      </object_component>
      <object_component id="oc-4d1">
         <name>.text:_outc</name>
         <load_address>0x14452</load_address>
         <run_address>0x14452</run_address>
         <size>0x6</size>
         <input_file_ref idref="fl-4b"/>
      </object_component>
      <object_component id="oc-410">
         <name>.text:abort</name>
         <load_address>0x14458</load_address>
         <run_address>0x14458</run_address>
         <size>0x6</size>
         <input_file_ref idref="fl-2a"/>
      </object_component>
      <object_component id="oc-4cb">
         <name>.text:_outs</name>
         <load_address>0x1445e</load_address>
         <run_address>0x1445e</run_address>
         <size>0x4</size>
         <input_file_ref idref="fl-4b"/>
      </object_component>
      <object_component id="oc-3e8">
         <name>.text:_system_pre_init</name>
         <load_address>0x14462</load_address>
         <run_address>0x14462</run_address>
         <size>0x4</size>
         <input_file_ref idref="fl-4a"/>
      </object_component>
      <object_component id="oc-490">
         <name>.text:_nop</name>
         <load_address>0x14466</load_address>
         <run_address>0x14466</run_address>
         <size>0x2</size>
         <input_file_ref idref="fl-4c"/>
      </object_component>
      <object_component id="oc-43f">
         <name>.text:_system_post_cinit</name>
         <load_address>0x14468</load_address>
         <run_address>0x14468</run_address>
         <size>0x2</size>
         <input_file_ref idref="fl-6e"/>
      </object_component>
      <object_component id="oc-a1">
         <name>.text:_isr:_c_int00_noargs</name>
         <load_address>0x4400</load_address>
         <run_address>0x4400</run_address>
         <size>0x1c</size>
         <input_file_ref idref="fl-24"/>
      </object_component>
      <object_component id="oc-3dc">
         <name>.text:_isr:__TI_ISR_TRAP</name>
         <load_address>0x441c</load_address>
         <run_address>0x441c</run_address>
         <size>0x8</size>
         <input_file_ref idref="fl-42"/>
      </object_component>
      <object_component id="oc-886">
         <name>.cinit..data.load</name>
         <load_address>0x4550</load_address>
         <run_address>0x4550</run_address>
         <size>0x58</size>
      </object_component>
      <object_component id="oc-883">
         <name>__TI_handler_table</name>
         <load_address>0x45a8</load_address>
         <run_address>0x45a8</run_address>
         <size>0xc</size>
      </object_component>
      <object_component id="oc-885">
         <name>.cinit..bss.load</name>
         <load_address>0x45b4</load_address>
         <run_address>0x45b4</run_address>
         <size>0x6</size>
      </object_component>
      <object_component id="oc-884">
         <name>__TI_cinit_table</name>
         <load_address>0x45ba</load_address>
         <run_address>0x45ba</run_address>
         <size>0x10</size>
      </object_component>
      <object_component id="oc-585">
         <name>.const:.string:_ctypes_</name>
         <load_address>0x4424</load_address>
         <run_address>0x4424</run_address>
         <size>0x101</size>
         <input_file_ref idref="fl-54"/>
      </object_component>
      <object_component id="oc-54c">
         <name>.const:.string</name>
         <load_address>0x4526</load_address>
         <run_address>0x4526</run_address>
         <size>0x26</size>
         <input_file_ref idref="fl-4d"/>
      </object_component>
      <object_component id="oc-4a7">
         <name>.const:.string</name>
         <load_address>0x454c</load_address>
         <run_address>0x454c</run_address>
         <size>0x4</size>
         <input_file_ref idref="fl-2"/>
      </object_component>
      <object_component id="oc-7a2">
         <name>.cio</name>
         <uninitialized>true</uninitialized>
         <run_address>0x2788</run_address>
         <size>0x120</size>
         <input_file_ref idref="fl-89"/>
      </object_component>
      <object_component id="oc-81d">
         <name>.binit</name>
         <load_address>0x4400</load_address>
         <run_address>0x4400</run_address>
         <size>0x0</size>
      </object_component>
      <object_component id="oc-79">
         <name>.int41</name>
         <load_address>0xffd2</load_address>
         <run_address>0xffd2</run_address>
         <size>0x2</size>
         <input_file_ref idref="fl-2c"/>
      </object_component>
      <object_component id="oc-7a">
         <name>.int42</name>
         <load_address>0xffd4</load_address>
         <run_address>0xffd4</run_address>
         <size>0x2</size>
         <input_file_ref idref="fl-2d"/>
      </object_component>
      <object_component id="oc-7b">
         <name>.int43</name>
         <load_address>0xffd6</load_address>
         <run_address>0xffd6</run_address>
         <size>0x2</size>
         <input_file_ref idref="fl-2e"/>
      </object_component>
      <object_component id="oc-7c">
         <name>.int44</name>
         <load_address>0xffd8</load_address>
         <run_address>0xffd8</run_address>
         <size>0x2</size>
         <input_file_ref idref="fl-2f"/>
      </object_component>
      <object_component id="oc-7d">
         <name>.int45</name>
         <load_address>0xffda</load_address>
         <run_address>0xffda</run_address>
         <size>0x2</size>
         <input_file_ref idref="fl-30"/>
      </object_component>
      <object_component id="oc-7e">
         <name>.int46</name>
         <load_address>0xffdc</load_address>
         <run_address>0xffdc</run_address>
         <size>0x2</size>
         <input_file_ref idref="fl-31"/>
      </object_component>
      <object_component id="oc-7f">
         <name>.int47</name>
         <load_address>0xffde</load_address>
         <run_address>0xffde</run_address>
         <size>0x2</size>
         <input_file_ref idref="fl-32"/>
      </object_component>
      <object_component id="oc-80">
         <name>.int48</name>
         <load_address>0xffe0</load_address>
         <run_address>0xffe0</run_address>
         <size>0x2</size>
         <input_file_ref idref="fl-33"/>
      </object_component>
      <object_component id="oc-81">
         <name>.int49</name>
         <load_address>0xffe2</load_address>
         <run_address>0xffe2</run_address>
         <size>0x2</size>
         <input_file_ref idref="fl-34"/>
      </object_component>
      <object_component id="oc-82">
         <name>.int50</name>
         <load_address>0xffe4</load_address>
         <run_address>0xffe4</run_address>
         <size>0x2</size>
         <input_file_ref idref="fl-35"/>
      </object_component>
      <object_component id="oc-83">
         <name>.int51</name>
         <load_address>0xffe6</load_address>
         <run_address>0xffe6</run_address>
         <size>0x2</size>
         <input_file_ref idref="fl-36"/>
      </object_component>
      <object_component id="oc-84">
         <name>.int52</name>
         <load_address>0xffe8</load_address>
         <run_address>0xffe8</run_address>
         <size>0x2</size>
         <input_file_ref idref="fl-37"/>
      </object_component>
      <object_component id="oc-85">
         <name>.int53</name>
         <load_address>0xffea</load_address>
         <run_address>0xffea</run_address>
         <size>0x2</size>
         <input_file_ref idref="fl-38"/>
      </object_component>
      <object_component id="oc-86">
         <name>.int54</name>
         <load_address>0xffec</load_address>
         <run_address>0xffec</run_address>
         <size>0x2</size>
         <input_file_ref idref="fl-39"/>
      </object_component>
      <object_component id="oc-87">
         <name>.int55</name>
         <load_address>0xffee</load_address>
         <run_address>0xffee</run_address>
         <size>0x2</size>
         <input_file_ref idref="fl-3a"/>
      </object_component>
      <object_component id="oc-88">
         <name>.int56</name>
         <load_address>0xfff0</load_address>
         <run_address>0xfff0</run_address>
         <size>0x2</size>
         <input_file_ref idref="fl-3b"/>
      </object_component>
      <object_component id="oc-89">
         <name>.int57</name>
         <load_address>0xfff2</load_address>
         <run_address>0xfff2</run_address>
         <size>0x2</size>
         <input_file_ref idref="fl-3c"/>
      </object_component>
      <object_component id="oc-8a">
         <name>.int58</name>
         <load_address>0xfff4</load_address>
         <run_address>0xfff4</run_address>
         <size>0x2</size>
         <input_file_ref idref="fl-3d"/>
      </object_component>
      <object_component id="oc-8b">
         <name>.int59</name>
         <load_address>0xfff6</load_address>
         <run_address>0xfff6</run_address>
         <size>0x2</size>
         <input_file_ref idref="fl-3e"/>
      </object_component>
      <object_component id="oc-8c">
         <name>.int60</name>
         <load_address>0xfff8</load_address>
         <run_address>0xfff8</run_address>
         <size>0x2</size>
         <input_file_ref idref="fl-3f"/>
      </object_component>
      <object_component id="oc-8d">
         <name>.int61</name>
         <load_address>0xfffa</load_address>
         <run_address>0xfffa</run_address>
         <size>0x2</size>
         <input_file_ref idref="fl-40"/>
      </object_component>
      <object_component id="oc-8e">
         <name>.int62</name>
         <load_address>0xfffc</load_address>
         <run_address>0xfffc</run_address>
         <size>0x2</size>
         <input_file_ref idref="fl-41"/>
      </object_component>
      <object_component id="oc-3c0">
         <name>.reset</name>
         <load_address>0xfffe</load_address>
         <run_address>0xfffe</run_address>
         <size>0x2</size>
         <input_file_ref idref="fl-23"/>
      </object_component>
      <object_component id="oc-4af">
         <name>.debug_info</name>
         <load_address>0x0</load_address>
         <run_address>0x0</run_address>
         <size>0x1cc</size>
         <input_file_ref idref="fl-2"/>
      </object_component>
      <object_component id="oc-409">
         <name>.debug_info</name>
         <load_address>0x1cc</load_address>
         <run_address>0x1cc</run_address>
         <size>0x124</size>
         <input_file_ref idref="fl-2"/>
      </object_component>
      <object_component id="oc-461">
         <name>.debug_info</name>
         <load_address>0x2f0</load_address>
         <run_address>0x2f0</run_address>
         <size>0x17a</size>
         <input_file_ref idref="fl-2"/>
      </object_component>
      <object_component id="oc-3ca">
         <name>.debug_info</name>
         <load_address>0x46a</load_address>
         <run_address>0x46a</run_address>
         <size>0x84</size>
         <input_file_ref idref="fl-2"/>
      </object_component>
      <object_component id="oc-50e">
         <name>.debug_info</name>
         <load_address>0x4ee</load_address>
         <run_address>0x4ee</run_address>
         <size>0x2c</size>
         <input_file_ref idref="fl-2"/>
      </object_component>
      <object_component id="oc-3be">
         <name>.debug_info</name>
         <load_address>0x51a</load_address>
         <run_address>0x51a</run_address>
         <size>0xf5</size>
         <input_file_ref idref="fl-23"/>
      </object_component>
      <object_component id="oc-a2">
         <name>.debug_info</name>
         <load_address>0x60f</load_address>
         <run_address>0x60f</run_address>
         <size>0x187</size>
         <input_file_ref idref="fl-24"/>
      </object_component>
      <object_component id="oc-426">
         <name>.debug_info</name>
         <load_address>0x796</load_address>
         <run_address>0x796</run_address>
         <size>0x170</size>
         <input_file_ref idref="fl-25"/>
      </object_component>
      <object_component id="oc-6e">
         <name>.debug_info</name>
         <load_address>0x906</load_address>
         <run_address>0x906</run_address>
         <size>0x245</size>
         <input_file_ref idref="fl-25"/>
      </object_component>
      <object_component id="oc-3c5">
         <name>.debug_info</name>
         <load_address>0xb4b</load_address>
         <run_address>0xb4b</run_address>
         <size>0x60</size>
         <input_file_ref idref="fl-25"/>
      </object_component>
      <object_component id="oc-421">
         <name>.debug_info</name>
         <load_address>0xbab</load_address>
         <run_address>0xbab</run_address>
         <size>0x46</size>
         <input_file_ref idref="fl-25"/>
      </object_component>
      <object_component id="oc-3db">
         <name>.debug_info</name>
         <load_address>0xbf1</load_address>
         <run_address>0xbf1</run_address>
         <size>0x1c6</size>
         <input_file_ref idref="fl-26"/>
      </object_component>
      <object_component id="oc-74">
         <name>.debug_info</name>
         <load_address>0xdb7</load_address>
         <run_address>0xdb7</run_address>
         <size>0x1c8</size>
         <input_file_ref idref="fl-26"/>
      </object_component>
      <object_component id="oc-3d6">
         <name>.debug_info</name>
         <load_address>0xf7f</load_address>
         <run_address>0xf7f</run_address>
         <size>0x46</size>
         <input_file_ref idref="fl-26"/>
      </object_component>
      <object_component id="oc-430">
         <name>.debug_info</name>
         <load_address>0xfc5</load_address>
         <run_address>0xfc5</run_address>
         <size>0x2c</size>
         <input_file_ref idref="fl-26"/>
      </object_component>
      <object_component id="oc-3e7">
         <name>.debug_info</name>
         <load_address>0xff1</load_address>
         <run_address>0xff1</run_address>
         <size>0x174</size>
         <input_file_ref idref="fl-27"/>
      </object_component>
      <object_component id="oc-90">
         <name>.debug_info</name>
         <load_address>0x1165</load_address>
         <run_address>0x1165</run_address>
         <size>0x1ba</size>
         <input_file_ref idref="fl-27"/>
      </object_component>
      <object_component id="oc-3e2">
         <name>.debug_info</name>
         <load_address>0x131f</load_address>
         <run_address>0x131f</run_address>
         <size>0x46</size>
         <input_file_ref idref="fl-27"/>
      </object_component>
      <object_component id="oc-4a3">
         <name>.debug_info</name>
         <load_address>0x1365</load_address>
         <run_address>0x1365</run_address>
         <size>0x12d</size>
         <input_file_ref idref="fl-28"/>
      </object_component>
      <object_component id="oc-4c3">
         <name>.debug_info</name>
         <load_address>0x1492</load_address>
         <run_address>0x1492</run_address>
         <size>0x119</size>
         <input_file_ref idref="fl-29"/>
      </object_component>
      <object_component id="oc-45e">
         <name>.debug_info</name>
         <load_address>0x15ab</load_address>
         <run_address>0x15ab</run_address>
         <size>0x259</size>
         <input_file_ref idref="fl-2a"/>
      </object_component>
      <object_component id="oc-44f">
         <name>.debug_info</name>
         <load_address>0x1804</load_address>
         <run_address>0x1804</run_address>
         <size>0x127</size>
         <input_file_ref idref="fl-2a"/>
      </object_component>
      <object_component id="oc-411">
         <name>.debug_info</name>
         <load_address>0x192b</load_address>
         <run_address>0x192b</run_address>
         <size>0x117</size>
         <input_file_ref idref="fl-2a"/>
      </object_component>
      <object_component id="oc-3fb">
         <name>.debug_info</name>
         <load_address>0x1a42</load_address>
         <run_address>0x1a42</run_address>
         <size>0x18c</size>
         <input_file_ref idref="fl-2a"/>
      </object_component>
      <object_component id="oc-49b">
         <name>.debug_info</name>
         <load_address>0x1bce</load_address>
         <run_address>0x1bce</run_address>
         <size>0xf8</size>
         <input_file_ref idref="fl-2b"/>
      </object_component>
      <object_component id="oc-458">
         <name>.debug_info</name>
         <load_address>0x1cc6</load_address>
         <run_address>0x1cc6</run_address>
         <size>0x10f</size>
         <input_file_ref idref="fl-2b"/>
      </object_component>
      <object_component id="oc-455">
         <name>.debug_info</name>
         <load_address>0x1dd5</load_address>
         <run_address>0x1dd5</run_address>
         <size>0x10b</size>
         <input_file_ref idref="fl-2b"/>
      </object_component>
      <object_component id="oc-3dd">
         <name>.debug_info</name>
         <load_address>0x1ee0</load_address>
         <run_address>0x1ee0</run_address>
         <size>0x107</size>
         <input_file_ref idref="fl-42"/>
      </object_component>
      <object_component id="oc-428">
         <name>.debug_info</name>
         <load_address>0x1fe7</load_address>
         <run_address>0x1fe7</run_address>
         <size>0x17c</size>
         <input_file_ref idref="fl-43"/>
      </object_component>
      <object_component id="oc-3d0">
         <name>.debug_info</name>
         <load_address>0x2163</load_address>
         <run_address>0x2163</run_address>
         <size>0x191</size>
         <input_file_ref idref="fl-43"/>
      </object_component>
      <object_component id="oc-429">
         <name>.debug_info</name>
         <load_address>0x22f4</load_address>
         <run_address>0x22f4</run_address>
         <size>0x2c</size>
         <input_file_ref idref="fl-43"/>
      </object_component>
      <object_component id="oc-474">
         <name>.debug_info</name>
         <load_address>0x2320</load_address>
         <run_address>0x2320</run_address>
         <size>0x128</size>
         <input_file_ref idref="fl-46"/>
      </object_component>
      <object_component id="oc-778">
         <name>.debug_info</name>
         <load_address>0x2448</load_address>
         <run_address>0x2448</run_address>
         <size>0x128</size>
         <input_file_ref idref="fl-48"/>
      </object_component>
      <object_component id="oc-3e9">
         <name>.debug_info</name>
         <load_address>0x2570</load_address>
         <run_address>0x2570</run_address>
         <size>0x148</size>
         <input_file_ref idref="fl-4a"/>
      </object_component>
      <object_component id="oc-4de">
         <name>.debug_info</name>
         <load_address>0x26b8</load_address>
         <run_address>0x26b8</run_address>
         <size>0x2a1</size>
         <input_file_ref idref="fl-4b"/>
      </object_component>
      <object_component id="oc-4d2">
         <name>.debug_info</name>
         <load_address>0x2959</load_address>
         <run_address>0x2959</run_address>
         <size>0x157</size>
         <input_file_ref idref="fl-4b"/>
      </object_component>
      <object_component id="oc-4cc">
         <name>.debug_info</name>
         <load_address>0x2ab0</load_address>
         <run_address>0x2ab0</run_address>
         <size>0x15b</size>
         <input_file_ref idref="fl-4b"/>
      </object_component>
      <object_component id="oc-4a9">
         <name>.debug_info</name>
         <load_address>0x2c0b</load_address>
         <run_address>0x2c0b</run_address>
         <size>0x179</size>
         <input_file_ref idref="fl-4b"/>
      </object_component>
      <object_component id="oc-51a">
         <name>.debug_info</name>
         <load_address>0x2d84</load_address>
         <run_address>0x2d84</run_address>
         <size>0xae</size>
         <input_file_ref idref="fl-4b"/>
      </object_component>
      <object_component id="oc-498">
         <name>.debug_info</name>
         <load_address>0x2e32</load_address>
         <run_address>0x2e32</run_address>
         <size>0x15d</size>
         <input_file_ref idref="fl-4c"/>
      </object_component>
      <object_component id="oc-452">
         <name>.debug_info</name>
         <load_address>0x2f8f</load_address>
         <run_address>0x2f8f</run_address>
         <size>0xf4</size>
         <input_file_ref idref="fl-4c"/>
      </object_component>
      <object_component id="oc-45b">
         <name>.debug_info</name>
         <load_address>0x3083</load_address>
         <run_address>0x3083</run_address>
         <size>0xf8</size>
         <input_file_ref idref="fl-4c"/>
      </object_component>
      <object_component id="oc-491">
         <name>.debug_info</name>
         <load_address>0x317b</load_address>
         <run_address>0x317b</run_address>
         <size>0x123</size>
         <input_file_ref idref="fl-4c"/>
      </object_component>
      <object_component id="oc-50d">
         <name>.debug_info</name>
         <load_address>0x329e</load_address>
         <run_address>0x329e</run_address>
         <size>0x480</size>
         <input_file_ref idref="fl-4d"/>
      </object_component>
      <object_component id="oc-4fb">
         <name>.debug_info</name>
         <load_address>0x371e</load_address>
         <run_address>0x371e</run_address>
         <size>0x254</size>
         <input_file_ref idref="fl-4d"/>
      </object_component>
      <object_component id="oc-58d">
         <name>.debug_info</name>
         <load_address>0x3972</load_address>
         <run_address>0x3972</run_address>
[...]
         <value>0x28a8</value>
      </symbol>
      <symbol id="sm-70c">
         <name>_ftable</name>
         <value>0x25f4</value>
         <object_component_ref idref="oc-4c8"/>
      </symbol>
      <symbol id="sm-70d">
         <name>__TI_ft_end</name>
         <value>0x2780</value>
         <object_component_ref idref="oc-67f"/>
      </symbol>
      <symbol id="sm-71b">
         <name>__mspabi_remul</name>
         <value>0x13ca4</value>
         <object_component_ref idref="oc-611"/>
      </symbol>
      <symbol id="sm-71c">
         <name>__mspabi_divul</name>
         <value>0x13ca4</value>
         <object_component_ref idref="oc-611"/>
      </symbol>
      <symbol id="sm-74f">
         <name>__mspabi_divull</name>
         <value>0x10478</value>
         <object_component_ref idref="oc-60b"/>
      </symbol>
      <symbol id="sm-770">
         <name>__mspabi_divd</name>
         <value>0x11b16</value>
         <object_component_ref idref="oc-64b"/>
      </symbol>
      <symbol id="sm-77d">
         <name>__mspabi_fixdi</name>
         <value>0x14284</value>
         <object_component_ref idref="oc-6d6"/>
      </symbol>
      <symbol id="sm-78c">
         <name>__mspabi_fixdli</name>
         <value>0x13a5e</value>
         <object_component_ref idref="oc-6dc"/>
      </symbol>
      <symbol id="sm-795">
         <name>__mspabi_fltid</name>
         <value>0x1443c</value>
         <object_component_ref idref="oc-710"/>
      </symbol>
      <symbol id="sm-7ad">
         <name>__mspabi_fltlid</name>
         <value>0x1320c</value>
         <object_component_ref idref="oc-6ca"/>
      </symbol>
      <symbol id="sm-7c0">
         <name>putc</name>
         <value>0x133ca</value>
         <object_component_ref idref="oc-4ed"/>
      </symbol>
      <symbol id="sm-7c1">
         <name>fputc</name>
         <value>0x133ca</value>
         <object_component_ref idref="oc-4ed"/>
      </symbol>
      <symbol id="sm-7d9">
         <name>fputs</name>
         <value>0x12bea</value>
         <object_component_ref idref="oc-4e6"/>
      </symbol>
      <symbol id="sm-7f4">
         <name>__TI_frcdivd</name>
         <value>0x10000</value>
         <object_component_ref idref="oc-6f5"/>
      </symbol>
      <symbol id="sm-804">
         <name>__mspabi_slll_9</name>
         <value>0x13f4a</value>
         <object_component_ref idref="oc-74a"/>
      </symbol>
      <symbol id="sm-805">
         <name>__mspabi_slll_8</name>
         <value>0x13f4e</value>
         <object_component_ref idref="oc-74a"/>
      </symbol>
      <symbol id="sm-806">
         <name>__mspabi_slll_7</name>
         <value>0x13f52</value>
         <object_component_ref idref="oc-74a"/>
      </symbol>
      <symbol id="sm-807">
         <name>__mspabi_slll_6</name>
         <value>0x13f56</value>
         <object_component_ref idref="oc-74a"/>
      </symbol>
      <symbol id="sm-808">
         <name>__mspabi_slll_5</name>
         <value>0x13f5a</value>
         <object_component_ref idref="oc-74a"/>
      </symbol>
      <symbol id="sm-809">
         <name>__mspabi_slll_4</name>
         <value>0x13f5e</value>
         <object_component_ref idref="oc-74a"/>
      </symbol>
      <symbol id="sm-80a">
         <name>__mspabi_slll_3</name>
         <value>0x13f62</value>
         <object_component_ref idref="oc-74a"/>
      </symbol>
      <symbol id="sm-80b">
         <name>__mspabi_slll_2</name>
         <value>0x13f66</value>
         <object_component_ref idref="oc-74a"/>
      </symbol>
      <symbol id="sm-80c">
         <name>__mspabi_slll_1</name>
         <value>0x13f6a</value>
         <object_component_ref idref="oc-74a"/>
      </symbol>
      <symbol id="sm-80d">
         <name>__mspabi_slll</name>
         <value>0x143fe</value>
         <object_component_ref idref="oc-7ef"/>
      </symbol>
      <symbol id="sm-80e">
         <name>__mspabi_slll_15</name>
         <value>0x13f32</value>
         <object_component_ref idref="oc-74a"/>
      </symbol>
      <symbol id="sm-80f">
         <name>__mspabi_slll_14</name>
         <value>0x13f36</value>
         <object_component_ref idref="oc-74a"/>
      </symbol>
      <symbol id="sm-810">
         <name>__mspabi_slll_13</name>
         <value>0x13f3a</value>
         <object_component_ref idref="oc-74a"/>
      </symbol>
      <symbol id="sm-811">
         <name>__mspabi_slll_12</name>
         <value>0x13f3e</value>
         <object_component_ref idref="oc-74a"/>
      </symbol>
      <symbol id="sm-812">
         <name>__mspabi_slll_11</name>
         <value>0x13f42</value>
         <object_component_ref idref="oc-74a"/>
      </symbol>
      <symbol id="sm-813">
         <name>__mspabi_slll_10</name>
         <value>0x13f46</value>
         <object_component_ref idref="oc-74a"/>
      </symbol>
      <symbol id="sm-820">
         <name>__mspabi_sllll</name>
         <value>0x14028</value>
         <object_component_ref idref="oc-6b3"/>
      </symbol>
      <symbol id="sm-830">
         <name>__mspabi_srll_8</name>
         <value>0x13f8c</value>
         <object_component_ref idref="oc-766"/>
      </symbol>
      <symbol id="sm-831">
         <name>__mspabi_srll_9</name>
         <value>0x13f88</value>
         <object_component_ref idref="oc-766"/>
      </symbol>
      <symbol id="sm-832">
         <name>__mspabi_srll_6</name>
         <value>0x13f94</value>
         <object_component_ref idref="oc-766"/>
      </symbol>
      <symbol id="sm-833">
         <name>__mspabi_srll_7</name>
         <value>0x13f90</value>
         <object_component_ref idref="oc-766"/>
      </symbol>
      <symbol id="sm-834">
         <name>__mspabi_srll_4</name>
         <value>0x13f9c</value>
         <object_component_ref idref="oc-766"/>
      </symbol>
      <symbol id="sm-835">
         <name>__mspabi_srll_5</name>
         <value>0x13f98</value>
         <object_component_ref idref="oc-766"/>
      </symbol>
      <symbol id="sm-836">
         <name>__mspabi_srll_2</name>
         <value>0x13fa4</value>
         <object_component_ref idref="oc-766"/>
      </symbol>
      <symbol id="sm-837">
         <name>__mspabi_srll_3</name>
         <value>0x13fa0</value>
         <object_component_ref idref="oc-766"/>
      </symbol>
      <symbol id="sm-838">
         <name>__mspabi_srll_1</name>
         <value>0x13fa8</value>
         <object_component_ref idref="oc-766"/>
      </symbol>
      <symbol id="sm-839">
         <name>__mspabi_srll_15</name>
         <value>0x13f70</value>
         <object_component_ref idref="oc-766"/>
      </symbol>
      <symbol id="sm-83a">
         <name>__mspabi_srll_14</name>
         <value>0x13f74</value>
         <object_component_ref idref="oc-766"/>
      </symbol>
      <symbol id="sm-83b">
         <name>__mspabi_srll_13</name>
         <value>0x13f78</value>
         <object_component_ref idref="oc-766"/>
      </symbol>
      <symbol id="sm-83c">
         <name>__mspabi_srll_12</name>
         <value>0x13f7c</value>
         <object_component_ref idref="oc-766"/>
      </symbol>
      <symbol id="sm-83d">
         <name>__mspabi_srll_11</name>
         <value>0x13f80</value>
         <object_component_ref idref="oc-766"/>
      </symbol>
      <symbol id="sm-83e">
         <name>__mspabi_srll_10</name>
         <value>0x13f84</value>
         <object_component_ref idref="oc-766"/>
      </symbol>
      <symbol id="sm-83f">
         <name>__mspabi_srll</name>
         <value>0x1440e</value>
         <object_component_ref idref="oc-6b9"/>
      </symbol>
      <symbol id="sm-84c">
         <name>__mspabi_srlll</name>
         <value>0x14062</value>
         <object_component_ref idref="oc-616"/>
      </symbol>
      <symbol id="sm-85b">
         <name>ltoa</name>
         <value>0x1356a</value>
         <object_component_ref idref="oc-6c4"/>
      </symbol>
      <symbol id="sm-86a">
         <name>memccpy</name>
         <value>0x142f4</value>
         <object_component_ref idref="oc-559"/>
      </symbol>
      <symbol id="sm-879">
         <name>memchr</name>
         <value>0x14362</value>
         <object_component_ref idref="oc-527"/>
      </symbol>
      <symbol id="sm-887">
         <name>memset</name>
         <value>0x14378</value>
         <object_component_ref idref="oc-545"/>
      </symbol>
      <symbol id="sm-8a7">
         <name>__mspabi_mpyd</name>
         <value>0x10d24</value>
         <object_component_ref idref="oc-645"/>
      </symbol>
      <symbol id="sm-8b2">
         <name>__mspabi_negd</name>
         <value>0x141ce</value>
         <object_component_ref idref="oc-5a4"/>
      </symbol>
      <symbol id="sm-8c9">
         <name>frexpl</name>
         <value>0x130b4</value>
         <object_component_ref idref="oc-652"/>
      </symbol>
      <symbol id="sm-8ca">
         <name>frexp</name>
         <value>0x130b4</value>
         <object_component_ref idref="oc-652"/>
      </symbol>
      <symbol id="sm-8e4">
         <name>scalbn</name>
         <value>0x122ea</value>
         <object_component_ref idref="oc-704"/>
      </symbol>
      <symbol id="sm-8e5">
         <name>scalbnl</name>
         <value>0x122ea</value>
         <object_component_ref idref="oc-704"/>
      </symbol>
      <symbol id="sm-8e6">
         <name>ldexpl</name>
         <value>0x122ea</value>
         <object_component_ref idref="oc-704"/>
      </symbol>
      <symbol id="sm-8e7">
         <name>ldexp</name>
         <value>0x122ea</value>
         <object_component_ref idref="oc-704"/>
      </symbol>
      <symbol id="sm-8f0">
         <name>_system_post_cinit</name>
         <value>0x14468</value>
         <object_component_ref idref="oc-43f"/>
      </symbol>
      <symbol id="sm-8ff">
         <name>strchr</name>
         <value>0x14312</value>
         <object_component_ref idref="oc-70a"/>
      </symbol>
      <symbol id="sm-90c">
         <name>strlen</name>
         <value>0x1442e</value>
         <object_component_ref idref="oc-4f4"/>
      </symbol>
      <symbol id="sm-915">
         <name>__mspabi_subd</name>
         <value>0x1413a</value>
         <object_component_ref idref="oc-6d0"/>
      </symbol>
      <symbol id="sm-922">
         <name>toupper</name>
         <value>0x143dc</value>
         <object_component_ref idref="oc-59e"/>
      </symbol>
      <symbol id="sm-944">
         <name>_stream</name>
         <value>0x2734</value>
         <object_component_ref idref="oc-57a"/>
      </symbol>
      <symbol id="sm-945">
         <name>_device</name>
         <value>0x26bc</value>
         <object_component_ref idref="oc-5f2"/>
      </symbol>
      <symbol id="sm-946">
         <name>write</name>
         <value>0x13fec</value>
         <object_component_ref idref="oc-533"/>
      </symbol>
      <symbol id="sm-95e">
         <name>__TI_wrt_ok</name>
         <value>0x135ea</value>
         <object_component_ref idref="oc-521"/>
      </symbol>
      <symbol id="sm-980">
         <name>__mspabi_addd</name>
         <value>0x107c6</value>
         <object_component_ref idref="oc-76d"/>
      </symbol>
      <symbol id="sm-990">
         <name>__mspabi_sral</name>
         <value>0x143ee</value>
         <object_component_ref idref="oc-7f4"/>
      </symbol>
      <symbol id="sm-991">
         <name>__mspabi_sral_15</name>
         <value>0x13ef4</value>
         <object_component_ref idref="oc-745"/>
      </symbol>
      <symbol id="sm-992">
         <name>__mspabi_sral_14</name>
         <value>0x13ef8</value>
         <object_component_ref idref="oc-745"/>
      </symbol>
      <symbol id="sm-993">
         <name>__mspabi_sral_13</name>
         <value>0x13efc</value>
         <object_component_ref idref="oc-745"/>
      </symbol>
      <symbol id="sm-994">
         <name>__mspabi_sral_12</name>
         <value>0x13f00</value>
         <object_component_ref idref="oc-745"/>
      </symbol>
      <symbol id="sm-995">
         <name>__mspabi_sral_11</name>
         <value>0x13f04</value>
         <object_component_ref idref="oc-745"/>
      </symbol>
      <symbol id="sm-996">
         <name>__mspabi_sral_10</name>
         <value>0x13f08</value>
         <object_component_ref idref="oc-745"/>
      </symbol>
      <symbol id="sm-997">
         <name>__mspabi_sral_8</name>
         <value>0x13f10</value>
         <object_component_ref idref="oc-745"/>
      </symbol>
      <symbol id="sm-998">
         <name>__mspabi_sral_9</name>
         <value>0x13f0c</value>
         <object_component_ref idref="oc-745"/>
      </symbol>
      <symbol id="sm-999">
         <name>__mspabi_sral_6</name>
         <value>0x13f18</value>
         <object_component_ref idref="oc-745"/>
      </symbol>
      <symbol id="sm-99a">
         <name>__mspabi_sral_7</name>
         <value>0x13f14</value>
         <object_component_ref idref="oc-745"/>
      </symbol>
      <symbol id="sm-99b">
         <name>__mspabi_sral_4</name>
         <value>0x13f20</value>
         <object_component_ref idref="oc-745"/>
      </symbol>
      <symbol id="sm-99c">
         <name>__mspabi_sral_5</name>
         <value>0x13f1c</value>
         <object_component_ref idref="oc-745"/>
      </symbol>
      <symbol id="sm-99d">
         <name>__mspabi_sral_2</name>
         <value>0x13f28</value>
         <object_component_ref idref="oc-745"/>
      </symbol>
      <symbol id="sm-99e">
         <name>__mspabi_sral_3</name>
         <value>0x13f24</value>
         <object_component_ref idref="oc-745"/>
      </symbol>
      <symbol id="sm-99f">
         <name>__mspabi_sral_1</name>
         <value>0x13f2c</value>
         <object_component_ref idref="oc-745"/>
      </symbol>
      <symbol id="sm-9ab">
         <name>__mspabi_remli</name>
         <value>0x13eb4</value>
         <object_component_ref idref="oc-75f"/>
      </symbol>
      <symbol id="sm-9ac">
         <name>__mspabi_divli</name>
         <value>0x13eb4</value>
         <object_component_ref idref="oc-75f"/>
      </symbol>
      <symbol id="sm-9b3">
         <name>errno</name>
         <value>0x2782</value>
         <object_component_ref idref="oc-786"/>
      </symbol>
      <symbol id="sm-9c4">
         <name>__TI_doflush</name>
         <value>0x13b2a</value>
         <object_component_ref idref="oc-52d"/>
      </symbol>
      <symbol id="sm-9e5">
         <name>__TI_frcaddd</name>
         <value>0x11464</value>
         <object_component_ref idref="oc-7be"/>
      </symbol>
      <symbol id="sm-9f6">
         <name>__TI_frcmpyd</name>
         <value>0x10a9e</value>
         <object_component_ref idref="oc-6ed"/>
      </symbol>
      <symbol id="sm-a06">
         <name>fseek</name>
         <value>0x139f4</value>
         <object_component_ref idref="oc-568"/>
      </symbol>
      <symbol id="sm-a12">
         <name>HOSTclose</name>
         <value>0x13cfc</value>
         <object_component_ref idref="oc-68b"/>
      </symbol>
      <symbol id="sm-a1e">
         <name>HOSTlseek</name>
         <value>0x12f4e</value>
         <object_component_ref idref="oc-69d"/>
      </symbol>
      <symbol id="sm-a2c">
         <name>parmbuf</name>
         <value>0x2952</value>
      </symbol>
      <symbol id="sm-a2d">
         <name>HOSTopen</name>
         <value>0x13840</value>
         <object_component_ref idref="oc-685"/>
      </symbol>
      <symbol id="sm-a3a">
         <name>HOSTread</name>
         <value>0x1398a</value>
         <object_component_ref idref="oc-691"/>
      </symbol>
      <symbol id="sm-a46">
         <name>HOSTrename</name>
         <value>0x13758</value>
         <object_component_ref idref="oc-6a9"/>
      </symbol>
      <symbol id="sm-a52">
         <name>HOSTunlink</name>
         <value>0x13e2c</value>
         <object_component_ref idref="oc-6a3"/>
      </symbol>
      <symbol id="sm-a5f">
         <name>HOSTwrite</name>
         <value>0x1391e</value>
         <object_component_ref idref="oc-697"/>
      </symbol>
      <symbol id="sm-a6d">
         <name>lseek</name>
         <value>0x13fae</value>
         <object_component_ref idref="oc-5cb"/>
      </symbol>
      <symbol id="sm-a81">
         <name>__TI_renormd</name>
         <value>0x13002</value>
         <object_component_ref idref="oc-7f9"/>
      </symbol>
      <symbol id="sm-a8a">
         <name>copysign</name>
         <value>0x141fc</value>
         <object_component_ref idref="oc-789"/>
      </symbol>
      <symbol id="sm-a8b">
         <name>copysignl</name>
         <value>0x141fc</value>
         <object_component_ref idref="oc-789"/>
      </symbol>
      <symbol id="sm-aa3">
         <name>setvbuf</name>
         <value>0x12cda</value>
         <object_component_ref idref="oc-56e"/>
      </symbol>
      <symbol id="sm-ab0">
         <name>strcpy</name>
         <value>0x143ca</value>
         <object_component_ref idref="oc-753"/>
      </symbol>
      <symbol id="sm-ace">
         <name>__TI_readmsg</name>
         <value>0x14108</value>
         <object_component_ref idref="oc-738"/>
      </symbol>
      <symbol id="sm-acf">
         <name>C$$IO$$</name>
         <value>0x14104</value>
         <object_component_ref idref="oc-732"/>
      </symbol>
      <symbol id="sm-ad0">
         <name>_CIOBUF_</name>
         <value>0x2788</value>
         <object_component_ref idref="oc-7a2"/>
      </symbol>
      <symbol id="sm-ad1">
         <name>__TI_writemsg</name>
         <value>0x140d2</value>
         <object_component_ref idref="oc-732"/>
      </symbol>
      <symbol id="sm-add">
         <name>__TI_cleanup</name>
         <value>0x1409c</value>
         <object_component_ref idref="oc-5df"/>
      </symbol>
      <symbol id="sm-b2c">
         <name>_sys_memory</name>
         <value>0x2400</value>
         <object_component_ref idref="oc-3c1"/>
      </symbol>
      <symbol id="sm-b2d">
         <name>free</name>
         <value>0x1345a</value>
         <object_component_ref idref="oc-5d3"/>
      </symbol>
      <symbol id="sm-b2e">
         <name>malloc</name>
         <value>0x12e92</value>
         <object_component_ref idref="oc-5d9"/>
      </symbol>
      <symbol id="sm-b2f">
         <name>minit</name>
         <value>0x13e72</value>
         <object_component_ref idref="oc-672"/>
      </symbol>
      <symbol id="sm-b41">
         <name>__TI_closefile</name>
         <value>0x137cc</value>
         <object_component_ref idref="oc-679"/>
      </symbol>
      <symbol id="sm-b60">
         <name>finddevice</name>
         <value>0x1422a</value>
         <object_component_ref idref="oc-7da"/>
      </symbol>
      <symbol id="sm-b61">
         <name>getdevice</name>
         <value>0x13c4a</value>
         <object_component_ref idref="oc-796"/>
      </symbol>
      <symbol id="sm-b70">
         <name>strcmp</name>
         <value>0x1432e</value>
         <object_component_ref idref="oc-805"/>
      </symbol>
      <symbol id="sm-b80">
         <name>strncpy</name>
         <value>0x1416c</value>
         <object_component_ref idref="oc-7d4"/>
      </symbol>
      <symbol id="sm-b8c">
         <name>unlink</name>
         <value>0x1419e</value>
         <object_component_ref idref="oc-725"/>
      </symbol>
      <symbol id="sm-b9e">
         <name>close</name>
         <value>0x13bf0</value>
         <object_component_ref idref="oc-71e"/>
      </symbol>
      <symbol id="sm-ba0">
         <name>__TI_BINIT_Base</name>
         <value>0x0</value>
      </symbol>
      <symbol id="sm-ba1">
         <name>__TI_BINIT_Limit</name>
         <value>0x0</value>
      </symbol>
      <symbol id="sm-ba2">
         <name>__TI_INITARRAY_Base</name>
         <value>0x0</value>
      </symbol>
      <symbol id="sm-ba3">
         <name>__TI_INITARRAY_Limit</name>
         <value>0x0</value>
      </symbol>
      <symbol id="sm-ba4">
         <name>remove</name>
         <value>0x1419e</value>
      </symbol>
   </symbol_table>
   <title>Link successful</title>
</link_info>
