<?xml version="1.0"?>
<link_info>
   <banner>MSP430 Linker Unix v16.9.4.LTS</banner>
   <copyright>Copyright (c) 2003-2017 Texas Instruments Incorporated</copyright>
   <link_time>0x5a99b989</link_time>
   <link_errors>0x0</link_errors>
   <output_file>MicroProject.out</output_file>
   <entry_point>
      <name>_c_int00_noargs</name>
      <address>0x4400</address>
   </entry_point>
   <input_file_list>
      <input_file id="fl-2">
         <path>./</path>
         <kind>object</kind>
         <file>main.obj</file>
         <name>main.obj</name>
      </input_file>
      <input_file id="fl-8">
         <kind>object</kind>
         <file>&lt;internal&gt;</file>
         <name>&lt;internal&gt;</name>
      </input_file>
      <input_file id="fl-23">
         <path>/Applications/ti/ccsv7/tools/compiler/ti-cgt-msp430_16.9.4.LTS/lib/</path>
         <kind>archive</kind>
         <file>rts430x_lc_rd_eabi.lib</file>
         <name>asr16.obj</name>
      </input_file>
      <input_file id="fl-24">
         <path>/Applications/ti/ccsv7/tools/compiler/ti-cgt-msp430_16.9.4.LTS/lib/</path>
         <kind>archive</kind>
         <file>rts430x_lc_rd_eabi.lib</file>
         <name>boot.obj</name>
      </input_file>
      <input_file id="fl-25">
         <path>/Applications/ti/ccsv7/tools/compiler/ti-cgt-msp430_16.9.4.LTS/lib/</path>
         <kind>archive</kind>
         <file>rts430x_lc_rd_eabi.lib</file>
         <name>boot_special.obj</name>
      </input_file>
      <input_file id="fl-26">
         <path>/Applications/ti/ccsv7/tools/compiler/ti-cgt-msp430_16.9.4.LTS/lib/</path>
         <kind>archive</kind>
         <file>rts430x_lc_rd_eabi.lib</file>
         <name>copy_decompress_lzss.obj</name>
      </input_file>
      <input_file id="fl-27">
         <path>/Applications/ti/ccsv7/tools/compiler/ti-cgt-msp430_16.9.4.LTS/lib/</path>
         <kind>archive</kind>
         <file>rts430x_lc_rd_eabi.lib</file>
         <name>copy_decompress_none.obj</name>
      </input_file>
      <input_file id="fl-28">
         <path>/Applications/ti/ccsv7/tools/compiler/ti-cgt-msp430_16.9.4.LTS/lib/</path>
         <kind>archive</kind>
         <file>rts430x_lc_rd_eabi.lib</file>
         <name>copy_zero_init.obj</name>
      </input_file>
      <input_file id="fl-29">
         <path>/Applications/ti/ccsv7/tools/compiler/ti-cgt-msp430_16.9.4.LTS/lib/</path>
         <kind>archive</kind>
         <file>rts430x_lc_rd_eabi.lib</file>
         <name>exit.obj</name>
      </input_file>
      <input_file id="fl-2a">
         <path>/Applications/ti/ccsv7/tools/compiler/ti-cgt-msp430_16.9.4.LTS/lib/</path>
         <kind>archive</kind>
         <file>rts430x_lc_rd_eabi.lib</file>
         <name>exit_gvars.obj</name>
      </input_file>
      <input_file id="fl-2b">
         <path>/Applications/ti/ccsv7/tools/compiler/ti-cgt-msp430_16.9.4.LTS/lib/</path>
         <kind>archive</kind>
         <file>rts430x_lc_rd_eabi.lib</file>
         <name>fscanf.obj</name>
      </input_file>
      <input_file id="fl-2c">
         <path>/Applications/ti/ccsv7/tools/compiler/ti-cgt-msp430_16.9.4.LTS/lib/</path>
         <kind>archive</kind>
         <file>rts430x_lc_rd_eabi.lib</file>
         <name>int41.obj</name>
      </input_file>
      <input_file id="fl-2d">
         <path>/Applications/ti/ccsv7/tools/compiler/ti-cgt-msp430_16.9.4.LTS/lib/</path>
         <kind>archive</kind>
         <file>rts430x_lc_rd_eabi.lib</file>
         <name>int42.obj</name>
      </input_file>
      <input_file id="fl-2e">
         <path>/Applications/ti/ccsv7/tools/compiler/ti-cgt-msp430_16.9.4.LTS/lib/</path>
         <kind>archive</kind>
         <file>rts430x_lc_rd_eabi.lib</file>
         <name>int43.obj</name>
      </input_file>
      <input_file id="fl-2f">
         <path>/Applications/ti/ccsv7/tools/compiler/ti-cgt-msp430_16.9.4.LTS/lib/</path>
         <kind>archive</kind>
         <file>rts430x_lc_rd_eabi.lib</file>
         <name>int44.obj</name>
      </input_file>
      <input_file id="fl-30">
         <path>/Applications/ti/ccsv7/tools/compiler/ti-cgt-msp430_16.9.4.LTS/lib/</path>
         <kind>archive</kind>
         <file>rts430x_lc_rd_eabi.lib</file>
         <name>int45.obj</name>
      </input_file>
      <input_file id="fl-31">
         <path>/Applications/ti/ccsv7/tools/compiler/ti-cgt-msp430_16.9.4.LTS/lib/</path>
         <kind>archive</kind>
         <file>rts430x_lc_rd_eabi.lib</file>
         <name>int46.obj</name>
      </input_file>
      <input_file id="fl-32">
         <path>/Applications/ti/ccsv7/tools/compiler/ti-cgt-msp430_16.9.4.LTS/lib/</path>
         <kind>archive</kind>
         <file>rts430x_lc_rd_eabi.lib</file>
         <name>int47.obj</name>
      </input_file>
      <input_file id="fl-33">
         <path>/Applications/ti/ccsv7/tools/compiler/ti-cgt-msp430_16.9.4.LTS/lib/</path>
         <kind>archive</kind>
         <file>rts430x_lc_rd_eabi.lib</file>
         <name>int48.obj</name>
      </input_file>
      <input_file id="fl-34">
         <path>/Applications/ti/ccsv7/tools/compiler/ti-cgt-msp430_16.9.4.LTS/lib/</path>
         <kind>archive</kind>
         <file>rts430x_lc_rd_eabi.lib</file>
         <name>int49.obj</name>
      </input_file>
      <input_file id="fl-35">
         <path>/Applications/ti/ccsv7/tools/compiler/ti-cgt-msp430_16.9.4.LTS/lib/</path>
         <kind>archive</kind>
         <file>rts430x_lc_rd_eabi.lib</file>
         <name>int50.obj</name>
      </input_file>
      <input_file id="fl-36">
         <path>/Applications/ti/ccsv7/tools/compiler/ti-cgt-msp430_16.9.4.LTS/lib/</path>
         <kind>archive</kind>
         <file>rts430x_lc_rd_eabi.lib</file>
         <name>int51.obj</name>
      </input_file>
      <input_file id="fl-37">
         <path>/Applications/ti/ccsv7/tools/compiler/ti-cgt-msp430_16.9.4.LTS/lib/</path>
         <kind>archive</kind>
         <file>rts430x_lc_rd_eabi.lib</file>
         <name>int52.obj</name>
      </input_file>
      <input_file id="fl-38">
         <path>/Applications/ti/ccsv7/tools/compiler/ti-cgt-msp430_16.9.4.LTS/lib/</path>
         <kind>archive</kind>
         <file>rts430x_lc_rd_eabi.lib</file>
         <name>int53.obj</name>
      </input_file>
      <input_file id="fl-39">
         <path>/Applications/ti/ccsv7/tools/compiler/ti-cgt-msp430_16.9.4.LTS/lib/</path>
         <kind>archive</kind>
         <file>rts430x_lc_rd_eabi.lib</file>
         <name>int54.obj</name>
      </input_file>
      <input_file id="fl-3a">
         <path>/Applications/ti/ccsv7/tools/compiler/ti-cgt-msp430_16.9.4.LTS/lib/</path>
         <kind>archive</kind>
         <file>rts430x_lc_rd_eabi.lib</file>
         <name>int55.obj</name>
      </input_file>
      <input_file id="fl-3b">
         <path>/Applications/ti/ccsv7/tools/compiler/ti-cgt-msp430_16.9.4.LTS/lib/</path>
         <kind>archive</kind>
         <file>rts430x_lc_rd_eabi.lib</file>
         <name>int56.obj</name>
      </input_file>
      <input_file id="fl-3c">
         <path>/Applications/ti/ccsv7/tools/compiler/ti-cgt-msp430_16.9.4.LTS/lib/</path>
         <kind>archive</kind>
         <file>rts430x_lc_rd_eabi.lib</file>
         <name>int57.obj</name>
      </input_file>
      <input_file id="fl-3d">
         <path>/Applications/ti/ccsv7/tools/compiler/ti-cgt-msp430_16.9.4.LTS/lib/</path>
         <kind>archive</kind>
         <file>rts430x_lc_rd_eabi.lib</file>
         <name>int58.obj</name>
      </input_file>
      <input_file id="fl-3e">
         <path>/Applications/ti/ccsv7/tools/compiler/ti-cgt-msp430_16.9.4.LTS/lib/</path>
         <kind>archive</kind>
         <file>rts430x_lc_rd_eabi.lib</file>
         <name>int59.obj</name>
      </input_file>
      <input_file id="fl-3f">
         <path>/Applications/ti/ccsv7/tools/compiler/ti-cgt-msp430_16.9.4.LTS/lib/</path>
         <kind>archive</kind>
         <file>rts430x_lc_rd_eabi.lib</file>
         <name>int60.obj</name>
      </input_file>
      <input_file id="fl-40">
         <path>/Applications/ti/ccsv7/tools/compiler/ti-cgt-msp430_16.9.4.LTS/lib/</path>
         <kind>archive</kind>
         <file>rts430x_lc_rd_eabi.lib</file>
         <name>int61.obj</name>
      </input_file>
      <input_file id="fl-41">
         <path>/Applications/ti/ccsv7/tools/compiler/ti-cgt-msp430_16.9.4.LTS/lib/</path>
         <kind>archive</kind>
         <file>rts430x_lc_rd_eabi.lib</file>
         <name>int62.obj</name>
      </input_file>
      <input_file id="fl-42">
         <path>/Applications/ti/ccsv7/tools/compiler/ti-cgt-msp430_16.9.4.LTS/lib/</path>
         <kind>archive</kind>
         <file>rts430x_lc_rd_eabi.lib</file>
         <name>isr_trap.obj</name>
      </input_file>
      <input_file id="fl-43">
         <path>/Applications/ti/ccsv7/tools/compiler/ti-cgt-msp430_16.9.4.LTS/lib/</path>
         <kind>archive</kind>
         <file>rts430x_lc_rd_eabi.lib</file>
         <name>isspace.obj</name>
      </input_file>
      <input_file id="fl-44">
         <path>/Applications/ti/ccsv7/tools/compiler/ti-cgt-msp430_16.9.4.LTS/lib/</path>
         <kind>archive</kind>
         <file>rts430x_lc_rd_eabi.lib</file>
         <name>memcpy.obj</name>
      </input_file>
      <input_file id="fl-45">
         <path>/Applications/ti/ccsv7/tools/compiler/ti-cgt-msp430_16.9.4.LTS/lib/</path>
         <kind>archive</kind>
         <file>rts430x_lc_rd_eabi.lib</file>
         <name>mpu_init.obj</name>
      </input_file>
      <input_file id="fl-46">
         <path>/Applications/ti/ccsv7/tools/compiler/ti-cgt-msp430_16.9.4.LTS/lib/</path>
         <kind>archive</kind>
         <file>rts430x_lc_rd_eabi.lib</file>
         <name>mult1632_f5hw.obj</name>
      </input_file>
      <input_file id="fl-47">
         <path>/Applications/ti/ccsv7/tools/compiler/ti-cgt-msp430_16.9.4.LTS/lib/</path>
         <kind>archive</kind>
         <file>rts430x_lc_rd_eabi.lib</file>
         <name>mult16_f5hw.obj</name>
      </input_file>
      <input_file id="fl-48">
         <path>/Applications/ti/ccsv7/tools/compiler/ti-cgt-msp430_16.9.4.LTS/lib/</path>
         <kind>archive</kind>
         <file>rts430x_lc_rd_eabi.lib</file>
         <name>mult3264_f5hw.obj</name>
      </input_file>
      <input_file id="fl-49">
         <path>/Applications/ti/ccsv7/tools/compiler/ti-cgt-msp430_16.9.4.LTS/lib/</path>
         <kind>archive</kind>
         <file>rts430x_lc_rd_eabi.lib</file>
         <name>mult32_f5hw.obj</name>
      </input_file>
      <input_file id="fl-4a">
         <path>/Applications/ti/ccsv7/tools/compiler/ti-cgt-msp430_16.9.4.LTS/lib/</path>
         <kind>archive</kind>
         <file>rts430x_lc_rd_eabi.lib</file>
         <name>mult64_f5hw.obj</name>
      </input_file>
      <input_file id="fl-4b">
         <path>/Applications/ti/ccsv7/tools/compiler/ti-cgt-msp430_16.9.4.LTS/lib/</path>
         <kind>archive</kind>
         <file>rts430x_lc_rd_eabi.lib</file>
         <name>pre_init.obj</name>
      </input_file>
      <input_file id="fl-4c">
         <path>/Applications/ti/ccsv7/tools/compiler/ti-cgt-msp430_16.9.4.LTS/lib/</path>
         <kind>archive</kind>
         <file>rts430x_lc_rd_eabi.lib</file>
         <name>printf.obj</name>
      </input_file>
      <input_file id="fl-4d">
         <path>/Applications/ti/ccsv7/tools/compiler/ti-cgt-msp430_16.9.4.LTS/lib/</path>
         <kind>archive</kind>
         <file>rts430x_lc_rd_eabi.lib</file>
         <name>ungetc.obj</name>
      </input_file>
      <input_file id="fl-4e">
         <path>/Applications/ti/ccsv7/tools/compiler/ti-cgt-msp430_16.9.4.LTS/lib/</path>
         <kind>archive</kind>
         <file>rts430x_lc_rd_eabi.lib</file>
         <name>_lock.obj</name>
      </input_file>
      <input_file id="fl-4f">
         <path>/Applications/ti/ccsv7/tools/compiler/ti-cgt-msp430_16.9.4.LTS/lib/</path>
         <kind>archive</kind>
         <file>rts430x_lc_rd_eabi.lib</file>
         <name>_printfi.obj</name>
      </input_file>
      <input_file id="fl-50">
         <path>/Applications/ti/ccsv7/tools/compiler/ti-cgt-msp430_16.9.4.LTS/lib/</path>
         <kind>archive</kind>
         <file>rts430x_lc_rd_eabi.lib</file>
         <name>_scanfi.obj</name>
      </input_file>
      <input_file id="fl-51">
         <path>/Applications/ti/ccsv7/tools/compiler/ti-cgt-msp430_16.9.4.LTS/lib/</path>
         <kind>archive</kind>
         <file>rts430x_lc_rd_eabi.lib</file>
         <name>abs.obj</name>
      </input_file>
      <input_file id="fl-52">
         <path>/Applications/ti/ccsv7/tools/compiler/ti-cgt-msp430_16.9.4.LTS/lib/</path>
         <kind>archive</kind>
         <file>rts430x_lc_rd_eabi.lib</file>
         <name>args_main.obj</name>
      </input_file>
      <input_file id="fl-53">
         <path>/Applications/ti/ccsv7/tools/compiler/ti-cgt-msp430_16.9.4.LTS/lib/</path>
         <kind>archive</kind>
         <file>rts430x_lc_rd_eabi.lib</file>
         <name>atoi.obj</name>
      </input_file>
      <input_file id="fl-54">
         <path>/Applications/ti/ccsv7/tools/compiler/ti-cgt-msp430_16.9.4.LTS/lib/</path>
         <kind>archive</kind>
         <file>rts430x_lc_rd_eabi.lib</file>
         <name>autoinit_wdt.obj</name>
      </input_file>
      <input_file id="fl-55">
         <path>/Applications/ti/ccsv7/tools/compiler/ti-cgt-msp430_16.9.4.LTS/lib/</path>
         <kind>archive</kind>
         <file>rts430x_lc_rd_eabi.lib</file>
         <name>cmpd.obj</name>
      </input_file>
      <input_file id="fl-56">
         <path>/Applications/ti/ccsv7/tools/compiler/ti-cgt-msp430_16.9.4.LTS/lib/</path>
         <kind>archive</kind>
         <file>rts430x_lc_rd_eabi.lib</file>
         <name>cpy_tbl.obj</name>
      </input_file>
      <input_file id="fl-57">
         <path>/Applications/ti/ccsv7/tools/compiler/ti-cgt-msp430_16.9.4.LTS/lib/</path>
         <kind>archive</kind>
         <file>rts430x_lc_rd_eabi.lib</file>
         <name>ctype.obj</name>
      </input_file>
      <input_file id="fl-58">
         <path>/Applications/ti/ccsv7/tools/compiler/ti-cgt-msp430_16.9.4.LTS/lib/</path>
         <kind>archive</kind>
         <file>rts430x_lc_rd_eabi.lib</file>
         <name>cvtdf.obj</name>
      </input_file>
      <input_file id="fl-59">
         <path>/Applications/ti/ccsv7/tools/compiler/ti-cgt-msp430_16.9.4.LTS/lib/</path>
         <kind>archive</kind>
         <file>rts430x_lc_rd_eabi.lib</file>
         <name>defs.obj</name>
      </input_file>
      <input_file id="fl-5a">
         <path>/Applications/ti/ccsv7/tools/compiler/ti-cgt-msp430_16.9.4.LTS/lib/</path>
         <kind>archive</kind>
         <file>rts430x_lc_rd_eabi.lib</file>
         <name>div16u.obj</name>
      </input_file>
      <input_file id="fl-5b">
         <path>/Applications/ti/ccsv7/tools/compiler/ti-cgt-msp430_16.9.4.LTS/lib/</path>
         <kind>archive</kind>
         <file>rts430x_lc_rd_eabi.lib</file>
         <name>div32u.obj</name>
      </input_file>
      <input_file id="fl-5c">
         <path>/Applications/ti/ccsv7/tools/compiler/ti-cgt-msp430_16.9.4.LTS/lib/</path>
         <kind>archive</kind>
         <file>rts430x_lc_rd_eabi.lib</file>
         <name>div64u.obj</name>
      </input_file>
      <input_file id="fl-5d">
         <path>/Applications/ti/ccsv7/tools/compiler/ti-cgt-msp430_16.9.4.LTS/lib/</path>
         <kind>archive</kind>
         <file>rts430x_lc_rd_eabi.lib</file>
         <name>divd.obj</name>
      </input_file>
      <input_file id="fl-5e">
         <path>/Applications/ti/ccsv7/tools/compiler/ti-cgt-msp430_16.9.4.LTS/lib/</path>
         <kind>archive</kind>
         <file>rts430x_lc_rd_eabi.lib</file>
         <name>fgetc.obj</name>
      </input_file>
      <input_file id="fl-5f">
         <path>/Applications/ti/ccsv7/tools/compiler/ti-cgt-msp430_16.9.4.LTS/lib/</path>
         <kind>archive</kind>
         <file>rts430x_lc_rd_eabi.lib</file>
         <name>fixdi.obj</name>
      </input_file>
      <input_file id="fl-60">
         <path>/Applications/ti/ccsv7/tools/compiler/ti-cgt-msp430_16.9.4.LTS/lib/</path>
         <kind>archive</kind>
         <file>rts430x_lc_rd_eabi.lib</file>
         <name>fixdli.obj</name>
      </input_file>
      <input_file id="fl-61">
         <path>/Applications/ti/ccsv7/tools/compiler/ti-cgt-msp430_16.9.4.LTS/lib/</path>
         <kind>archive</kind>
         <file>rts430x_lc_rd_eabi.lib</file>
         <name>fltid.obj</name>
      </input_file>
      <input_file id="fl-62">
         <path>/Applications/ti/ccsv7/tools/compiler/ti-cgt-msp430_16.9.4.LTS/lib/</path>
         <kind>archive</kind>
         <file>rts430x_lc_rd_eabi.lib</file>
         <name>fltlid.obj</name>
      </input_file>
      <input_file id="fl-63">
         <path>/Applications/ti/ccsv7/tools/compiler/ti-cgt-msp430_16.9.4.LTS/lib/</path>
         <kind>archive</kind>
         <file>rts430x_lc_rd_eabi.lib</file>
         <name>fputc.obj</name>
      </input_file>
      <input_file id="fl-64">
         <path>/Applications/ti/ccsv7/tools/compiler/ti-cgt-msp430_16.9.4.LTS/lib/</path>
         <kind>archive</kind>
         <file>rts430x_lc_rd_eabi.lib</file>
         <name>fputs.obj</name>
      </input_file>
      <input_file id="fl-65">
         <path>/Applications/ti/ccsv7/tools/compiler/ti-cgt-msp430_16.9.4.LTS/lib/</path>
         <kind>archive</kind>
         <file>rts430x_lc_rd_eabi.lib</file>
         <name>frcdivd.obj</name>
      </input_file>
      <input_file id="fl-66">
         <path>/Applications/ti/ccsv7/tools/compiler/ti-cgt-msp430_16.9.4.LTS/lib/</path>
         <kind>archive</kind>
         <file>rts430x_lc_rd_eabi.lib</file>
         <name>isxdigit.obj</name>
      </input_file>
      <input_file id="fl-67">
         <path>/Applications/ti/ccsv7/tools/compiler/ti-cgt-msp430_16.9.4.LTS/lib/</path>
         <kind>archive</kind>
         <file>rts430x_lc_rd_eabi.lib</file>
         <name>lsl32.obj</name>
      </input_file>
      <input_file id="fl-68">
         <path>/Applications/ti/ccsv7/tools/compiler/ti-cgt-msp430_16.9.4.LTS/lib/</path>
         <kind>archive</kind>
         <file>rts430x_lc_rd_eabi.lib</file>
         <name>lsl64.obj</name>
      </input_file>
      <input_file id="fl-69">
         <path>/Applications/ti/ccsv7/tools/compiler/ti-cgt-msp430_16.9.4.LTS/lib/</path>
         <kind>archive</kind>
         <file>rts430x_lc_rd_eabi.lib</file>
         <name>lsr32.obj</name>
      </input_file>
      <input_file id="fl-6a">
         <path>/Applications/ti/ccsv7/tools/compiler/ti-cgt-msp430_16.9.4.LTS/lib/</path>
         <kind>archive</kind>
         <file>rts430x_lc_rd_eabi.lib</file>
         <name>lsr64.obj</name>
      </input_file>
      <input_file id="fl-6b">
         <path>/Applications/ti/ccsv7/tools/compiler/ti-cgt-msp430_16.9.4.LTS/lib/</path>
         <kind>archive</kind>
         <file>rts430x_lc_rd_eabi.lib</file>
         <name>ltoa.obj</name>
      </input_file>
      <input_file id="fl-6c">
         <path>/Applications/ti/ccsv7/tools/compiler/ti-cgt-msp430_16.9.4.LTS/lib/</path>
         <kind>archive</kind>
         <file>rts430x_lc_rd_eabi.lib</file>
         <name>memccpy.obj</name>
      </input_file>
      <input_file id="fl-6d">
         <path>/Applications/ti/ccsv7/tools/compiler/ti-cgt-msp430_16.9.4.LTS/lib/</path>
         <kind>archive</kind>
         <file>rts430x_lc_rd_eabi.lib</file>
         <name>memchr.obj</name>
      </input_file>
      <input_file id="fl-6e">
         <path>/Applications/ti/ccsv7/tools/compiler/ti-cgt-msp430_16.9.4.LTS/lib/</path>
         <kind>archive</kind>
         <file>rts430x_lc_rd_eabi.lib</file>
         <name>memset.obj</name>
      </input_file>
      <input_file id="fl-6f">
         <path>/Applications/ti/ccsv7/tools/compiler/ti-cgt-msp430_16.9.4.LTS/lib/</path>
         <kind>archive</kind>
         <file>rts430x_lc_rd_eabi.lib</file>
         <name>mpyd.obj</name>
      </input_file>
      <input_file id="fl-70">
         <path>/Applications/ti/ccsv7/tools/compiler/ti-cgt-msp430_16.9.4.LTS/lib/</path>
         <kind>archive</kind>
         <file>rts430x_lc_rd_eabi.lib</file>
         <name>mult16.obj</name>
      </input_file>
      <input_file id="fl-71">
         <path>/Applications/ti/ccsv7/tools/compiler/ti-cgt-msp430_16.9.4.LTS/lib/</path>
         <kind>archive</kind>
         <file>rts430x_lc_rd_eabi.lib</file>
         <name>mult32.obj</name>
      </input_file>
      <input_file id="fl-72">
         <path>/Applications/ti/ccsv7/tools/compiler/ti-cgt-msp430_16.9.4.LTS/lib/</path>
         <kind>archive</kind>
         <file>rts430x_lc_rd_eabi.lib</file>
         <name>negd.obj</name>
      </input_file>
      <input_file id="fl-73">
         <path>/Applications/ti/ccsv7/tools/compiler/ti-cgt-msp430_16.9.4.LTS/lib/</path>
         <kind>archive</kind>
         <file>rts430x_lc_rd_eabi.lib</file>
         <name>read.obj</name>
      </input_file>
      <input_file id="fl-74">
         <path>/Applications/ti/ccsv7/tools/compiler/ti-cgt-msp430_16.9.4.LTS/lib/</path>
         <kind>archive</kind>
         <file>rts430x_lc_rd_eabi.lib</file>
         <name>s_frexp.obj</name>
      </input_file>
      <input_file id="fl-75">
         <path>/Applications/ti/ccsv7/tools/compiler/ti-cgt-msp430_16.9.4.LTS/lib/</path>
         <kind>archive</kind>
         <file>rts430x_lc_rd_eabi.lib</file>
         <name>s_scalbn.obj</name>
      </input_file>
      <input_file id="fl-76">
         <path>/Applications/ti/ccsv7/tools/compiler/ti-cgt-msp430_16.9.4.LTS/lib/</path>
         <kind>archive</kind>
         <file>rts430x_lc_rd_eabi.lib</file>
         <name>setvbuf.obj</name>
      </input_file>
      <input_file id="fl-77">
         <path>/Applications/ti/ccsv7/tools/compiler/ti-cgt-msp430_16.9.4.LTS/lib/</path>
         <kind>archive</kind>
         <file>rts430x_lc_rd_eabi.lib</file>
         <name>startup.obj</name>
      </input_file>
      <input_file id="fl-78">
         <path>/Applications/ti/ccsv7/tools/compiler/ti-cgt-msp430_16.9.4.LTS/lib/</path>
         <kind>archive</kind>
         <file>rts430x_lc_rd_eabi.lib</file>
         <name>strchr.obj</name>
      </input_file>
      <input_file id="fl-79">
         <path>/Applications/ti/ccsv7/tools/compiler/ti-cgt-msp430_16.9.4.LTS/lib/</path>
         <kind>archive</kind>
         <file>rts430x_lc_rd_eabi.lib</file>
         <name>strcpy.obj</name>
      </input_file>
      <input_file id="fl-7a">
         <path>/Applications/ti/ccsv7/tools/compiler/ti-cgt-msp430_16.9.4.LTS/lib/</path>
         <kind>archive</kind>
         <file>rts430x_lc_rd_eabi.lib</file>
         <name>strlen.obj</name>
      </input_file>
      <input_file id="fl-7b">
         <path>/Applications/ti/ccsv7/tools/compiler/ti-cgt-msp430_16.9.4.LTS/lib/</path>
         <kind>archive</kind>
         <file>rts430x_lc_rd_eabi.lib</file>
         <name>strrchr.obj</name>
      </input_file>
      <input_file id="fl-7c">
         <path>/Applications/ti/ccsv7/tools/compiler/ti-cgt-msp430_16.9.4.LTS/lib/</path>
         <kind>archive</kind>
         <file>rts430x_lc_rd_eabi.lib</file>
         <name>strtod.obj</name>
      </input_file>
      <input_file id="fl-7d">
         <path>/Applications/ti/ccsv7/tools/compiler/ti-cgt-msp430_16.9.4.LTS/lib/</path>
         <kind>archive</kind>
         <file>rts430x_lc_rd_eabi.lib</file>
         <name>strtol.obj</name>
      </input_file>
      <input_file id="fl-7e">
         <path>/Applications/ti/ccsv7/tools/compiler/ti-cgt-msp430_16.9.4.LTS/lib/</path>
         <kind>archive</kind>
         <file>rts430x_lc_rd_eabi.lib</file>
         <name>strtoll.obj</name>
      </input_file>
      <input_file id="fl-7f">
         <path>/Applications/ti/ccsv7/tools/compiler/ti-cgt-msp430_16.9.4.LTS/lib/</path>
         <kind>archive</kind>
         <file>rts430x_lc_rd_eabi.lib</file>
         <name>strtoul.obj</name>
      </input_file>
      <input_file id="fl-80">
         <path>/Applications/ti/ccsv7/tools/compiler/ti-cgt-msp430_16.9.4.LTS/lib/</path>
         <kind>archive</kind>
         <file>rts430x_lc_rd_eabi.lib</file>
         <name>strtoull.obj</name>
      </input_file>
      <input_file id="fl-81">
         <path>/Applications/ti/ccsv7/tools/compiler/ti-cgt-msp430_16.9.4.LTS/lib/</path>
         <kind>archive</kind>
         <file>rts430x_lc_rd_eabi.lib</file>
         <name>subd.obj</name>
      </input_file>
      <input_file id="fl-82">
         <path>/Applications/ti/ccsv7/tools/compiler/ti-cgt-msp430_16.9.4.LTS/lib/</path>
         <kind>archive</kind>
         <file>rts430x_lc_rd_eabi.lib</file>
         <name>toupper.obj</name>
      </input_file>
      <input_file id="fl-83">
         <path>/Applications/ti/ccsv7/tools/compiler/ti-cgt-msp430_16.9.4.LTS/lib/</path>
         <kind>archive</kind>
         <file>rts430x_lc_rd_eabi.lib</file>
         <name>write.obj</name>
      </input_file>
      <input_file id="fl-84">
         <path>/Applications/ti/ccsv7/tools/compiler/ti-cgt-msp430_16.9.4.LTS/lib/</path>
         <kind>archive</kind>
         <file>rts430x_lc_rd_eabi.lib</file>
         <name>_bufread.obj</name>
      </input_file>
      <input_file id="fl-85">
         <path>/Applications/ti/ccsv7/tools/compiler/ti-cgt-msp430_16.9.4.LTS/lib/</path>
         <kind>archive</kind>
         <file>rts430x_lc_rd_eabi.lib</file>
         <name>_io_perm.obj</name>
      </input_file>
      <input_file id="fl-86">
         <path>/Applications/ti/ccsv7/tools/compiler/ti-cgt-msp430_16.9.4.LTS/lib/</path>
         <kind>archive</kind>
         <file>rts430x_lc_rd_eabi.lib</file>
         <name>addd.obj</name>
      </input_file>
      <input_file id="fl-87">
         <path>/Applications/ti/ccsv7/tools/compiler/ti-cgt-msp430_16.9.4.LTS/lib/</path>
         <kind>archive</kind>
         <file>rts430x_lc_rd_eabi.lib</file>
         <name>asr32.obj</name>
      </input_file>
      <input_file id="fl-88">
         <path>/Applications/ti/ccsv7/tools/compiler/ti-cgt-msp430_16.9.4.LTS/lib/</path>
         <kind>archive</kind>
         <file>rts430x_lc_rd_eabi.lib</file>
         <name>div16s.obj</name>
      </input_file>
      <input_file id="fl-89">
         <path>/Applications/ti/ccsv7/tools/compiler/ti-cgt-msp430_16.9.4.LTS/lib/</path>
         <kind>archive</kind>
         <file>rts430x_lc_rd_eabi.lib</file>
         <name>div32s.obj</name>
      </input_file>
      <input_file id="fl-8a">
         <path>/Applications/ti/ccsv7/tools/compiler/ti-cgt-msp430_16.9.4.LTS/lib/</path>
         <kind>archive</kind>
         <file>rts430x_lc_rd_eabi.lib</file>
         <name>errno.obj</name>
      </input_file>
      <input_file id="fl-8b">
         <path>/Applications/ti/ccsv7/tools/compiler/ti-cgt-msp430_16.9.4.LTS/lib/</path>
         <kind>archive</kind>
         <file>rts430x_lc_rd_eabi.lib</file>
         <name>fflush.obj</name>
      </input_file>
      <input_file id="fl-8c">
         <path>/Applications/ti/ccsv7/tools/compiler/ti-cgt-msp430_16.9.4.LTS/lib/</path>
         <kind>archive</kind>
         <file>rts430x_lc_rd_eabi.lib</file>
         <name>fopen.obj</name>
      </input_file>
      <input_file id="fl-8d">
         <path>/Applications/ti/ccsv7/tools/compiler/ti-cgt-msp430_16.9.4.LTS/lib/</path>
         <kind>archive</kind>
         <file>rts430x_lc_rd_eabi.lib</file>
         <name>frcaddd.obj</name>
      </input_file>
      <input_file id="fl-8e">
         <path>/Applications/ti/ccsv7/tools/compiler/ti-cgt-msp430_16.9.4.LTS/lib/</path>
         <kind>archive</kind>
         <file>rts430x_lc_rd_eabi.lib</file>
         <name>frcmpyd.obj</name>
      </input_file>
      <input_file id="fl-8f">
         <path>/Applications/ti/ccsv7/tools/compiler/ti-cgt-msp430_16.9.4.LTS/lib/</path>
         <kind>archive</kind>
         <file>rts430x_lc_rd_eabi.lib</file>
         <name>fseek.obj</name>
      </input_file>
      <input_file id="fl-90">
         <path>/Applications/ti/ccsv7/tools/compiler/ti-cgt-msp430_16.9.4.LTS/lib/</path>
         <kind>archive</kind>
         <file>rts430x_lc_rd_eabi.lib</file>
         <name>hostclose.obj</name>
      </input_file>
      <input_file id="fl-91">
         <path>/Applications/ti/ccsv7/tools/compiler/ti-cgt-msp430_16.9.4.LTS/lib/</path>
         <kind>archive</kind>
         <file>rts430x_lc_rd_eabi.lib</file>
         <name>hostlseek.obj</name>
      </input_file>
      <input_file id="fl-92">
         <path>/Applications/ti/ccsv7/tools/compiler/ti-cgt-msp430_16.9.4.LTS/lib/</path>
         <kind>archive</kind>
         <file>rts430x_lc_rd_eabi.lib</file>
         <name>hostopen.obj</name>
      </input_file>
      <input_file id="fl-93">
         <path>/Applications/ti/ccsv7/tools/compiler/ti-cgt-msp430_16.9.4.LTS/lib/</path>
         <kind>archive</kind>
         <file>rts430x_lc_rd_eabi.lib</file>
         <name>hostread.obj</name>
      </input_file>
      <input_file id="fl-94">
         <path>/Applications/ti/ccsv7/tools/compiler/ti-cgt-msp430_16.9.4.LTS/lib/</path>
         <kind>archive</kind>
         <file>rts430x_lc_rd_eabi.lib</file>
         <name>hostrename.obj</name>
      </input_file>
      <input_file id="fl-95">
         <path>/Applications/ti/ccsv7/tools/compiler/ti-cgt-msp430_16.9.4.LTS/lib/</path>
         <kind>archive</kind>
         <file>rts430x_lc_rd_eabi.lib</file>
         <name>hostunlink.obj</name>
      </input_file>
      <input_file id="fl-96">
         <path>/Applications/ti/ccsv7/tools/compiler/ti-cgt-msp430_16.9.4.LTS/lib/</path>
         <kind>archive</kind>
         <file>rts430x_lc_rd_eabi.lib</file>
         <name>hostwrite.obj</name>
      </input_file>
      <input_file id="fl-97">
         <path>/Applications/ti/ccsv7/tools/compiler/ti-cgt-msp430_16.9.4.LTS/lib/</path>
         <kind>archive</kind>
         <file>rts430x_lc_rd_eabi.lib</file>
         <name>lseek.obj</name>
      </input_file>
      <input_file id="fl-98">
         <path>/Applications/ti/ccsv7/tools/compiler/ti-cgt-msp430_16.9.4.LTS/lib/</path>
         <kind>archive</kind>
         <file>rts430x_lc_rd_eabi.lib</file>
         <name>memory.obj</name>
      </input_file>
      <input_file id="fl-99">
         <path>/Applications/ti/ccsv7/tools/compiler/ti-cgt-msp430_16.9.4.LTS/lib/</path>
         <kind>archive</kind>
         <file>rts430x_lc_rd_eabi.lib</file>
         <name>mult64.obj</name>
      </input_file>
      <input_file id="fl-9a">
         <path>/Applications/ti/ccsv7/tools/compiler/ti-cgt-msp430_16.9.4.LTS/lib/</path>
         <kind>archive</kind>
         <file>rts430x_lc_rd_eabi.lib</file>
         <name>open.obj</name>
      </input_file>
      <input_file id="fl-9b">
         <path>/Applications/ti/ccsv7/tools/compiler/ti-cgt-msp430_16.9.4.LTS/lib/</path>
         <kind>archive</kind>
         <file>rts430x_lc_rd_eabi.lib</file>
         <name>rem64u.obj</name>
      </input_file>
      <input_file id="fl-9c">
         <path>/Applications/ti/ccsv7/tools/compiler/ti-cgt-msp430_16.9.4.LTS/lib/</path>
         <kind>archive</kind>
         <file>rts430x_lc_rd_eabi.lib</file>
         <name>renormd.obj</name>
      </input_file>
      <input_file id="fl-9d">
         <path>/Applications/ti/ccsv7/tools/compiler/ti-cgt-msp430_16.9.4.LTS/lib/</path>
         <kind>archive</kind>
         <file>rts430x_lc_rd_eabi.lib</file>
         <name>s_copysign.obj</name>
      </input_file>
      <input_file id="fl-9e">
         <path>/Applications/ti/ccsv7/tools/compiler/ti-cgt-msp430_16.9.4.LTS/lib/</path>
         <kind>archive</kind>
         <file>rts430x_lc_rd_eabi.lib</file>
         <name>trgmsg.obj</name>
      </input_file>
      <input_file id="fl-9f">
         <path>/Applications/ti/ccsv7/tools/compiler/ti-cgt-msp430_16.9.4.LTS/lib/</path>
         <kind>archive</kind>
         <file>rts430x_lc_rd_eabi.lib</file>
         <name>fclose.obj</name>
      </input_file>
      <input_file id="fl-a0">
         <path>/Applications/ti/ccsv7/tools/compiler/ti-cgt-msp430_16.9.4.LTS/lib/</path>
         <kind>archive</kind>
         <file>rts430x_lc_rd_eabi.lib</file>
         <name>getdevice.obj</name>
      </input_file>
      <input_file id="fl-a1">
         <path>/Applications/ti/ccsv7/tools/compiler/ti-cgt-msp430_16.9.4.LTS/lib/</path>
         <kind>archive</kind>
         <file>rts430x_lc_rd_eabi.lib</file>
         <name>mult1632.obj</name>
      </input_file>
      <input_file id="fl-a2">
         <path>/Applications/ti/ccsv7/tools/compiler/ti-cgt-msp430_16.9.4.LTS/lib/</path>
         <kind>archive</kind>
         <file>rts430x_lc_rd_eabi.lib</file>
         <name>remove.obj</name>
      </input_file>
      <input_file id="fl-a3">
         <path>/Applications/ti/ccsv7/tools/compiler/ti-cgt-msp430_16.9.4.LTS/lib/</path>
         <kind>archive</kind>
         <file>rts430x_lc_rd_eabi.lib</file>
         <name>strcmp.obj</name>
      </input_file>
      <input_file id="fl-a4">
         <path>/Applications/ti/ccsv7/tools/compiler/ti-cgt-msp430_16.9.4.LTS/lib/</path>
         <kind>archive</kind>
         <file>rts430x_lc_rd_eabi.lib</file>
         <name>strncpy.obj</name>
      </input_file>
      <input_file id="fl-a5">
         <path>/Applications/ti/ccsv7/tools/compiler/ti-cgt-msp430_16.9.4.LTS/lib/</path>
         <kind>archive</kind>
         <file>rts430x_lc_rd_eabi.lib</file>
         <name>unlink.obj</name>
      </input_file>
      <input_file id="fl-a6">
         <path>/Applications/ti/ccsv7/tools/compiler/ti-cgt-msp430_16.9.4.LTS/lib/</path>
         <kind>archive</kind>
         <file>rts430x_lc_rd_eabi.lib</file>
         <name>close.obj</name>
      </input_file>
   </input_file_list>
   <object_component_list>
      <object_component id="oc-77b">
         <name>.bss</name>
         <uninitialized>true</uninitialized>
         <run_address>0x2948</run_address>
         <size>0xa</size>
         <input_file_ref idref="fl-98"/>
      </object_component>
      <object_component id="oc-84d">
         <name>.common:__TI_tmpnams</name>
         <uninitialized>true</uninitialized>
         <run_address>0x28a8</run_address>
         <size>0xa0</size>
      </object_component>
      <object_component id="oc-884">
         <name>.common:parmbuf</name>
         <uninitialized>true</uninitialized>
         <run_address>0x2952</run_address>
         <size>0x8</size>
      </object_component>
      <object_component id="oc-44e">
         <name>.data</name>
         <load_address>0x2784</load_address>
         <run_address>0x2784</run_address>
         <size>0x2</size>
         <input_file_ref idref="fl-29"/>
      </object_component>
      <object_component id="oc-457">
         <name>.data:__TI_cleanup_ptr</name>
         <load_address>0x2770</load_address>
         <run_address>0x2770</run_address>
         <size>0x4</size>
         <input_file_ref idref="fl-2a"/>
      </object_component>
      <object_component id="oc-454">
         <name>.data:__TI_dtors_ptr</name>
         <load_address>0x2774</load_address>
         <run_address>0x2774</run_address>
         <size>0x4</size>
         <input_file_ref idref="fl-2a"/>
      </object_component>
      <object_component id="oc-451">
         <name>.data:_lock</name>
         <load_address>0x2778</load_address>
         <run_address>0x2778</run_address>
         <size>0x4</size>
         <input_file_ref idref="fl-4e"/>
      </object_component>
      <object_component id="oc-45a">
         <name>.data:_unlock</name>
         <load_address>0x277c</load_address>
         <run_address>0x277c</run_address>
         <size>0x4</size>
         <input_file_ref idref="fl-4e"/>
      </object_component>
      <object_component id="oc-4c8">
         <name>.data:_ftable</name>
         <load_address>0x25f4</load_address>
         <run_address>0x25f4</run_address>
         <size>0xc8</size>
         <input_file_ref idref="fl-59"/>
      </object_component>
      <object_component id="oc-687">
         <name>.data</name>
         <load_address>0x2780</load_address>
         <run_address>0x2780</run_address>
         <size>0x2</size>
         <input_file_ref idref="fl-59"/>
      </object_component>
      <object_component id="oc-717">
         <name>.data:_device</name>
         <load_address>0x26bc</load_address>
         <run_address>0x26bc</run_address>
         <size>0x78</size>
         <input_file_ref idref="fl-83"/>
      </object_component>
      <object_component id="oc-63a">
         <name>.data:_stream</name>
         <load_address>0x2734</load_address>
         <run_address>0x2734</run_address>
         <size>0x3c</size>
         <input_file_ref idref="fl-83"/>
      </object_component>
      <object_component id="oc-6bb">
         <name>.data</name>
         <load_address>0x2782</load_address>
         <run_address>0x2782</run_address>
         <size>0x2</size>
         <input_file_ref idref="fl-8a"/>
      </object_component>
      <object_component id="oc-77f">
         <name>.data</name>
         <load_address>0x2786</load_address>
         <run_address>0x2786</run_address>
         <size>0x2</size>
         <input_file_ref idref="fl-98"/>
      </object_component>
      <object_component id="oc-3c1">
         <name>.sysmem</name>
         <uninitialized>true</uninitialized>
         <run_address>0x2400</run_address>
         <size>0x6</size>
         <input_file_ref idref="fl-98"/>
      </object_component>
      <object_component id="oc-985">
         <name>.sysmem</name>
         <uninitialized>true</uninitialized>
         <run_address>0x2400</run_address>
         <size>0x0</size>
      </object_component>
      <object_component id="oc-3bd">
         <name>.stack</name>
         <uninitialized>true</uninitialized>
         <run_address>0x420c</run_address>
         <size>0x4</size>
         <input_file_ref idref="fl-24"/>
      </object_component>
      <object_component id="oc-984">
         <name>.stack</name>
         <uninitialized>true</uninitialized>
         <run_address>0x420c</run_address>
         <size>0x0</size>
      </object_component>
      <object_component id="oc-7b2">
         <name>.text:__TI_frcdivd</name>
         <load_address>0x10000</load_address>
         <run_address>0x10000</run_address>
         <size>0x478</size>
         <input_file_ref idref="fl-65"/>
      </object_component>
      <object_component id="oc-4f1">
         <name>.text:__TI_scanfi</name>
         <load_address>0x10478</load_address>
         <run_address>0x10478</run_address>
         <size>0x3de</size>
         <input_file_ref idref="fl-50"/>
      </object_component>
      <object_component id="oc-605">
         <name>.text:strtoll</name>
         <load_address>0x10856</load_address>
         <run_address>0x10856</run_address>
         <size>0x378</size>
         <input_file_ref idref="fl-7e"/>
      </object_component>
      <object_component id="oc-6b5">
         <name>.text:__mspabi_divull</name>
         <load_address>0x10bce</load_address>
         <run_address>0x10bce</run_address>
         <size>0x34e</size>
         <input_file_ref idref="fl-5c"/>
      </object_component>
      <object_component id="oc-5f3">
         <name>.text:strtod</name>
         <load_address>0x10f1c</load_address>
         <run_address>0x10f1c</run_address>
         <size>0x2e2</size>
         <input_file_ref idref="fl-7c"/>
      </object_component>
      <object_component id="oc-6dd">
         <name>.text:__mspabi_addd</name>
         <load_address>0x111fe</load_address>
         <run_address>0x111fe</run_address>
         <size>0x2d8</size>
         <input_file_ref idref="fl-86"/>
      </object_component>
      <object_component id="oc-7aa">
         <name>.text:__TI_frcmpyd</name>
         <load_address>0x114d6</load_address>
         <run_address>0x114d6</run_address>
         <size>0x286</size>
         <input_file_ref idref="fl-8e"/>
      </object_component>
      <object_component id="oc-6ce">
         <name>.text:__mspabi_mpyd</name>
         <load_address>0x1175c</load_address>
         <run_address>0x1175c</run_address>
         <size>0x282</size>
         <input_file_ref idref="fl-6f"/>
      </object_component>
      <object_component id="oc-5ed">
         <name>.text:strtoull</name>
         <load_address>0x119de</load_address>
         <run_address>0x119de</run_address>
         <size>0x282</size>
         <input_file_ref idref="fl-80"/>
      </object_component>
      <object_component id="oc-5b5">
         <name>.text:_pproc_fgea</name>
         <load_address>0x11c60</load_address>
         <run_address>0x11c60</run_address>
         <size>0x260</size>
         <input_file_ref idref="fl-4f"/>
      </object_component>
      <object_component id="oc-51a">
         <name>.text:_setfield</name>
         <load_address>0x11ec0</load_address>
         <run_address>0x11ec0</run_address>
         <size>0x25e</size>
         <input_file_ref idref="fl-4f"/>
      </object_component>
      <object_component id="oc-7bc">
         <name>.text:__TI_frcaddd</name>
         <load_address>0x1211e</load_address>
         <run_address>0x1211e</run_address>
         <size>0x252</size>
         <input_file_ref idref="fl-8d"/>
      </object_component>
      <object_component id="oc-4d7">
         <name>.text:__TI_printfi</name>
         <load_address>0x12370</load_address>
         <run_address>0x12370</run_address>
         <size>0x23c</size>
         <input_file_ref idref="fl-4f"/>
      </object_component>
      <object_component id="oc-60b">
         <name>.text:strtol</name>
         <load_address>0x125ac</load_address>
         <run_address>0x125ac</run_address>
         <size>0x23c</size>
         <input_file_ref idref="fl-7d"/>
      </object_component>
      <object_component id="oc-766">
         <name>.text:acvt</name>
         <load_address>0x127e8</load_address>
         <run_address>0x127e8</run_address>
         <size>0x224</size>
         <input_file_ref idref="fl-4f"/>
      </object_component>
      <object_component id="oc-6d4">
         <name>.text:__mspabi_divd</name>
         <load_address>0x12a0c</load_address>
         <run_address>0x12a0c</run_address>
         <size>0x222</size>
         <input_file_ref idref="fl-5d"/>
      </object_component>
      <object_component id="oc-73f">
         <name>.text:ecvt</name>
         <load_address>0x12c2e</load_address>
         <run_address>0x12c2e</run_address>
         <size>0x210</size>
         <input_file_ref idref="fl-4f"/>
      </object_component>
      <object_component id="oc-752">
         <name>.text:fcvt</name>
         <load_address>0x12e3e</load_address>
         <run_address>0x12e3e</run_address>
         <size>0x1fe</size>
         <input_file_ref idref="fl-4f"/>
      </object_component>
      <object_component id="oc-578">
         <name>.text:_sproc_int</name>
         <load_address>0x1303c</load_address>
         <run_address>0x1303c</run_address>
         <size>0x1f4</size>
         <input_file_ref idref="fl-50"/>
      </object_component>
      <object_component id="oc-5ff">
         <name>.text:strtoul</name>
         <load_address>0x13230</load_address>
         <run_address>0x13230</run_address>
         <size>0x1cc</size>
         <input_file_ref idref="fl-7f"/>
      </object_component>
      <object_component id="oc-671">
         <name>.text:_pconv_e</name>
         <load_address>0x133fc</load_address>
         <run_address>0x133fc</run_address>
         <size>0x1a4</size>
         <input_file_ref idref="fl-4f"/>
      </object_component>
      <object_component id="oc-835">
         <name>.text:scalbn</name>
         <load_address>0x135a0</load_address>
         <run_address>0x135a0</run_address>
         <size>0x1a0</size>
         <input_file_ref idref="fl-75"/>
      </object_component>
      <object_component id="oc-55a">
         <name>.text:_sset_arg</name>
         <load_address>0x13740</load_address>
         <run_address>0x13740</run_address>
         <size>0x18c</size>
         <input_file_ref idref="fl-50"/>
      </object_component>
      <object_component id="oc-647">
         <name>.text:_getarg_diouxp</name>
         <load_address>0x138cc</load_address>
         <run_address>0x138cc</run_address>
         <size>0x188</size>
         <input_file_ref idref="fl-4f"/>
      </object_component>
      <object_component id="oc-677">
         <name>.text:_pconv_a</name>
         <load_address>0x13a54</load_address>
         <run_address>0x13a54</run_address>
         <size>0x170</size>
         <input_file_ref idref="fl-4f"/>
      </object_component>
      <object_component id="oc-566">
         <name>.text:_sget_conv</name>
         <load_address>0x13bc4</load_address>
         <run_address>0x13bc4</run_address>
         <size>0x160</size>
         <input_file_ref idref="fl-50"/>
      </object_component>
      <object_component id="oc-5af">
         <name>.text:_pproc_diouxp</name>
         <load_address>0x13d24</load_address>
         <run_address>0x13d24</run_address>
         <size>0x148</size>
         <input_file_ref idref="fl-4f"/>
      </object_component>
      <object_component id="oc-64d">
         <name>.text:_ltostr</name>
         <load_address>0x13e6c</load_address>
         <run_address>0x13e6c</run_address>
         <size>0x12a</size>
         <input_file_ref idref="fl-4f"/>
      </object_component>
      <object_component id="oc-56c">
         <name>.text:_sproc_float</name>
         <load_address>0x13f96</load_address>
         <run_address>0x13f96</run_address>
         <size>0x11c</size>
         <input_file_ref idref="fl-50"/>
      </object_component>
      <object_component id="oc-665">
         <name>.text:_pconv_g</name>
         <load_address>0x140b2</load_address>
         <run_address>0x140b2</run_address>
         <size>0xfc</size>
         <input_file_ref idref="fl-4f"/>
      </object_component>
      <object_component id="oc-514">
         <name>.text:_pproc_fwp</name>
         <load_address>0x141ae</load_address>
         <run_address>0x141ae</run_address>
         <size>0xfa</size>
         <input_file_ref idref="fl-4f"/>
      </object_component>
      <object_component id="oc-500">
         <name>.text:fputs</name>
         <load_address>0x142a8</load_address>
         <run_address>0x142a8</run_address>
         <size>0xf0</size>
         <input_file_ref idref="fl-64"/>
      </object_component>
      <object_component id="oc-460">
         <name>.text:Integer</name>
         <load_address>0x14398</load_address>
         <run_address>0x14398</run_address>
         <size>0xe8</size>
         <input_file_ref idref="fl-2"/>
      </object_component>
      <object_component id="oc-5de">
         <name>.text:setvbuf</name>
         <load_address>0x14480</load_address>
         <run_address>0x14480</run_address>
         <size>0xe0</size>
         <input_file_ref idref="fl-76"/>
      </object_component>
      <object_component id="oc-67d">
         <name>.text:__mspabi_cmpd</name>
         <load_address>0x14560</load_address>
         <run_address>0x14560</run_address>
         <size>0xd8</size>
         <input_file_ref idref="fl-55"/>
      </object_component>
      <object_component id="oc-696">
         <name>.text:malloc</name>
         <load_address>0x14638</load_address>
         <run_address>0x14638</run_address>
         <size>0xbc</size>
         <input_file_ref idref="fl-98"/>
      </object_component>
      <object_component id="oc-7f3">
         <name>.text:HOSTlseek</name>
         <load_address>0x146f4</load_address>
         <run_address>0x146f4</run_address>
         <size>0xb4</size>
         <input_file_ref idref="fl-91"/>
      </object_component>
      <object_component id="oc-876">
         <name>.text:__TI_renormd</name>
         <load_address>0x147a8</load_address>
         <run_address>0x147a8</run_address>
         <size>0xb2</size>
         <input_file_ref idref="fl-9c"/>
      </object_component>
      <object_component id="oc-760">
         <name>.text:frexp</name>
         <load_address>0x1485a</load_address>
         <run_address>0x1485a</run_address>
         <size>0xb2</size>
         <input_file_ref idref="fl-74"/>
      </object_component>
      <object_component id="oc-520">
         <name>.text:_pproc_str</name>
         <load_address>0x1490c</load_address>
         <run_address>0x1490c</run_address>
         <size>0xa6</size>
         <input_file_ref idref="fl-4f"/>
      </object_component>
      <object_component id="oc-811">
         <name>.text:__mspabi_fltlid</name>
         <load_address>0x149b2</load_address>
         <run_address>0x149b2</run_address>
         <size>0x9e</size>
         <input_file_ref idref="fl-62"/>
      </object_component>
      <object_component id="oc-54e">
         <name>.text:_sproc_str</name>
         <load_address>0x14a50</load_address>
         <run_address>0x14a50</run_address>
         <size>0x9e</size>
         <input_file_ref idref="fl-50"/>
      </object_component>
      <object_component id="oc-572">
         <name>.text:_sproc_lb</name>
         <load_address>0x14aee</load_address>
         <run_address>0x14aee</run_address>
         <size>0x94</size>
         <input_file_ref idref="fl-50"/>
      </object_component>
      <object_component id="oc-5d0">
         <name>.text:__TI_buff_read</name>
         <load_address>0x14b82</load_address>
         <run_address>0x14b82</run_address>
         <size>0x92</size>
         <input_file_ref idref="fl-84"/>
      </object_component>
      <object_component id="oc-4eb">
         <name>.text:_chkmbc</name>
         <load_address>0x14c14</load_address>
         <run_address>0x14c14</run_address>
         <size>0x92</size>
         <input_file_ref idref="fl-2b"/>
      </object_component>
      <object_component id="oc-745">
         <name>.text:_ecpy</name>
         <load_address>0x14ca6</load_address>
         <run_address>0x14ca6</run_address>
         <size>0x90</size>
         <input_file_ref idref="fl-4f"/>
      </object_component>
      <object_component id="oc-74b">
         <name>.text:_mcpy</name>
         <load_address>0x14d36</load_address>
         <run_address>0x14d36</run_address>
         <size>0x90</size>
         <input_file_ref idref="fl-4f"/>
      </object_component>
      <object_component id="oc-539">
         <name>.text:fgetc</name>
         <load_address>0x14dc6</load_address>
         <run_address>0x14dc6</run_address>
         <size>0x90</size>
         <input_file_ref idref="fl-5e"/>
      </object_component>
      <object_component id="oc-507">
         <name>.text:fputc</name>
         <load_address>0x14e56</load_address>
         <run_address>0x14e56</run_address>
         <size>0x90</size>
         <input_file_ref idref="fl-63"/>
      </object_component>
      <object_component id="oc-690">
         <name>.text:free</name>
         <load_address>0x14ee6</load_address>
         <run_address>0x14ee6</run_address>
         <size>0x8e</size>
         <input_file_ref idref="fl-98"/>
      </object_component>
      <object_component id="oc-5f9">
         <name>.text:__mspabi_cvtdf</name>
         <load_address>0x14f74</load_address>
         <run_address>0x14f74</run_address>
         <size>0x8c</size>
         <input_file_ref idref="fl-58"/>
      </object_component>
      <object_component id="oc-540">
         <name>.text:ungetc</name>
         <load_address>0x15000</load_address>
         <run_address>0x15000</run_address>
         <size>0x88</size>
         <input_file_ref idref="fl-4d"/>
      </object_component>
      <object_component id="oc-3ee">
         <name>.text:_auto_init_hold_wdt</name>
         <load_address>0x15088</load_address>
         <run_address>0x15088</run_address>
         <size>0x82</size>
         <input_file_ref idref="fl-54"/>
      </object_component>
      <object_component id="oc-80b">
         <name>.text:ltoa</name>
         <load_address>0x1510a</load_address>
         <run_address>0x1510a</run_address>
         <size>0x80</size>
         <input_file_ref idref="fl-6b"/>
      </object_component>
      <object_component id="oc-589">
         <name>.text:__TI_wrt_ok</name>
         <load_address>0x1518a</load_address>
         <run_address>0x1518a</run_address>
         <size>0x7e</size>
         <input_file_ref idref="fl-85"/>
      </object_component>
      <object_component id="oc-66b">
         <name>.text:_pconv_f</name>
         <load_address>0x15208</load_address>
         <run_address>0x15208</run_address>
         <size>0x78</size>
         <input_file_ref idref="fl-4f"/>
      </object_component>
      <object_component id="oc-6d">
         <name>.text:decompress:lzss:__TI_decompress_lzss</name>
         <load_address>0x15280</load_address>
         <run_address>0x15280</run_address>
         <size>0x78</size>
         <input_file_ref idref="fl-26"/>
      </object_component>
      <object_component id="oc-7ff">
         <name>.text:HOSTrename</name>
         <load_address>0x152f8</load_address>
         <run_address>0x152f8</run_address>
         <size>0x74</size>
         <input_file_ref idref="fl-94"/>
      </object_component>
      <object_component id="oc-789">
         <name>.text:__TI_closefile</name>
         <load_address>0x1536c</load_address>
         <run_address>0x1536c</run_address>
         <size>0x74</size>
         <input_file_ref idref="fl-9f"/>
      </object_component>
      <object_component id="oc-7db">
         <name>.text:HOSTopen</name>
         <load_address>0x153e0</load_address>
         <run_address>0x153e0</run_address>
         <size>0x70</size>
         <input_file_ref idref="fl-92"/>
      </object_component>
      <object_component id="oc-7ed">
         <name>.text:HOSTwrite</name>
         <load_address>0x15450</load_address>
         <run_address>0x15450</run_address>
         <size>0x6c</size>
         <input_file_ref idref="fl-96"/>
      </object_component>
      <object_component id="oc-7e7">
         <name>.text:HOSTread</name>
         <load_address>0x154bc</load_address>
         <run_address>0x154bc</run_address>
         <size>0x6a</size>
         <input_file_ref idref="fl-93"/>
      </object_component>
      <object_component id="oc-62e">
         <name>.text:fseek</name>
         <load_address>0x15526</load_address>
         <run_address>0x15526</run_address>
         <size>0x6a</size>
         <input_file_ref idref="fl-8f"/>
      </object_component>
      <object_component id="oc-823">
         <name>.text:__mspabi_fixdli</name>
         <load_address>0x15590</load_address>
         <run_address>0x15590</run_address>
         <size>0x66</size>
         <input_file_ref idref="fl-60"/>
      </object_component>
      <object_component id="oc-439">
         <name>.text:copy_in</name>
         <load_address>0x155f6</load_address>
         <run_address>0x155f6</run_address>
         <size>0x66</size>
         <input_file_ref idref="fl-56"/>
      </object_component>
      <object_component id="oc-595">
         <name>.text:__TI_doflush</name>
         <load_address>0x1565c</load_address>
         <run_address>0x1565c</run_address>
         <size>0x64</size>
         <input_file_ref idref="fl-8b"/>
      </object_component>
      <object_component id="oc-5a7">
         <name>.text:atoi</name>
         <load_address>0x156c0</load_address>
         <run_address>0x156c0</run_address>
         <size>0x62</size>
         <input_file_ref idref="fl-53"/>
      </object_component>
      <object_component id="oc-6b0">
         <name>.text:__mpyll</name>
         <load_address>0x15722</load_address>
         <run_address>0x15722</run_address>
         <size>0x5c</size>
         <input_file_ref idref="fl-4a"/>
      </object_component>
      <object_component id="oc-5ca">
         <name>.text:__TI_rd_ok</name>
         <load_address>0x1577e</load_address>
         <run_address>0x1577e</run_address>
         <size>0x5a</size>
         <input_file_ref idref="fl-85"/>
      </object_component>
      <object_component id="oc-847">
         <name>.text:close</name>
         <load_address>0x157d8</load_address>
         <run_address>0x157d8</run_address>
         <size>0x5a</size>
         <input_file_ref idref="fl-a6"/>
      </object_component>
      <object_component id="oc-8b9">
         <name>.text:getdevice</name>
         <load_address>0x15832</load_address>
         <run_address>0x15832</run_address>
         <size>0x5a</size>
         <input_file_ref idref="fl-a0"/>
      </object_component>
      <object_component id="oc-6f1">
         <name>.text</name>
         <load_address>0x1588c</load_address>
         <run_address>0x1588c</run_address>
         <size>0x58</size>
         <input_file_ref idref="fl-5b"/>
      </object_component>
      <object_component id="oc-6f8">
         <name>.text:__mspabi_remull</name>
         <load_address>0x158e4</load_address>
         <run_address>0x158e4</run_address>
         <size>0x54</size>
         <input_file_ref idref="fl-9b"/>
      </object_component>
      <object_component id="oc-4a9">
         <name>.text:scanf</name>
         <load_address>0x15938</load_address>
         <run_address>0x15938</run_address>
         <size>0x50</size>
         <input_file_ref idref="fl-2b"/>
      </object_component>
      <object_component id="oc-7e1">
         <name>.text:HOSTclose</name>
         <load_address>0x15988</load_address>
         <run_address>0x15988</run_address>
         <size>0x4e</size>
         <input_file_ref idref="fl-90"/>
      </object_component>
      <object_component id="oc-758">
         <name>.text:_fcpy</name>
         <load_address>0x159d6</load_address>
         <run_address>0x159d6</run_address>
         <size>0x4e</size>
         <input_file_ref idref="fl-4f"/>
      </object_component>
      <object_component id="oc-3fa">
         <name>.text:exit</name>
         <load_address>0x15a24</load_address>
         <run_address>0x15a24</run_address>
         <size>0x4a</size>
         <input_file_ref idref="fl-29"/>
      </object_component>
      <object_component id="oc-4a3">
         <name>.text:printf</name>
         <load_address>0x15a6e</load_address>
         <run_address>0x15a6e</run_address>
         <size>0x4a</size>
         <input_file_ref idref="fl-4c"/>
      </object_component>
      <object_component id="oc-7f9">
         <name>.text:HOSTunlink</name>
         <load_address>0x15ab8</load_address>
         <run_address>0x15ab8</run_address>
         <size>0x46</size>
         <input_file_ref idref="fl-95"/>
      </object_component>
      <object_component id="oc-782">
         <name>.text:minit</name>
         <load_address>0x15afe</load_address>
         <run_address>0x15afe</run_address>
         <size>0x42</size>
         <input_file_ref idref="fl-98"/>
      </object_component>
      <object_component id="oc-8a0">
         <name>.text</name>
         <load_address>0x15b40</load_address>
         <run_address>0x15b40</run_address>
         <size>0x40</size>
         <input_file_ref idref="fl-89"/>
      </object_component>
      <object_component id="oc-85f">
         <name>.text:l_asr_const</name>
         <load_address>0x15b80</load_address>
         <run_address>0x15b80</run_address>
         <size>0x3e</size>
         <input_file_ref idref="fl-87"/>
      </object_component>
      <object_component id="oc-6e5">
         <name>.text:l_lsl_const</name>
         <load_address>0x15bbe</load_address>
         <run_address>0x15bbe</run_address>
         <size>0x3e</size>
         <input_file_ref idref="fl-67"/>
      </object_component>
      <object_component id="oc-85a">
         <name>.text:l_lsr_const</name>
         <load_address>0x15bfc</load_address>
         <run_address>0x15bfc</run_address>
         <size>0x3e</size>
         <input_file_ref idref="fl-69"/>
      </object_component>
      <object_component id="oc-709">
         <name>.text:lseek</name>
         <load_address>0x15c3a</load_address>
         <run_address>0x15c3a</run_address>
         <size>0x3e</size>
         <input_file_ref idref="fl-97"/>
      </object_component>
      <object_component id="oc-5d6">
         <name>.text:read</name>
         <load_address>0x15c78</load_address>
         <run_address>0x15c78</run_address>
         <size>0x3c</size>
         <input_file_ref idref="fl-73"/>
      </object_component>
      <object_component id="oc-59b">
         <name>.text:write</name>
         <load_address>0x15cb4</load_address>
         <run_address>0x15cb4</run_address>
         <size>0x3c</size>
         <input_file_ref idref="fl-83"/>
      </object_component>
      <object_component id="oc-795">
         <name>.text:__mspabi_sllll</name>
         <load_address>0x15cf0</load_address>
         <run_address>0x15cf0</run_address>
         <size>0x3a</size>
         <input_file_ref idref="fl-68"/>
      </object_component>
      <object_component id="oc-730">
         <name>.text:__mspabi_srlll</name>
         <load_address>0x15d2a</load_address>
         <run_address>0x15d2a</run_address>
         <size>0x3a</size>
         <input_file_ref idref="fl-6a"/>
      </object_component>
      <object_component id="oc-69c">
         <name>.text:__TI_cleanup</name>
         <load_address>0x15d64</load_address>
         <run_address>0x15d64</run_address>
         <size>0x36</size>
         <input_file_ref idref="fl-8c"/>
      </object_component>
      <object_component id="oc-887">
         <name>.text:__TI_writemsg</name>
         <load_address>0x15d9a</load_address>
         <run_address>0x15d9a</run_address>
         <size>0x36</size>
         <input_file_ref idref="fl-9e"/>
      </object_component>
      <object_component id="oc-88d">
         <name>.text:__TI_readmsg</name>
         <load_address>0x15dd0</load_address>
         <run_address>0x15dd0</run_address>
         <size>0x32</size>
         <input_file_ref idref="fl-9e"/>
      </object_component>
      <object_component id="oc-817">
         <name>.text:__mspabi_subd</name>
         <load_address>0x15e02</load_address>
         <run_address>0x15e02</run_address>
         <size>0x32</size>
         <input_file_ref idref="fl-81"/>
      </object_component>
      <object_component id="oc-8ed">
         <name>.text:strncpy</name>
         <load_address>0x15e34</load_address>
         <run_address>0x15e34</run_address>
         <size>0x32</size>
         <input_file_ref idref="fl-a4"/>
      </object_component>
      <object_component id="oc-84e">
         <name>.text:unlink</name>
         <load_address>0x15e66</load_address>
         <run_address>0x15e66</run_address>
         <size>0x30</size>
         <input_file_ref idref="fl-a5"/>
      </object_component>
      <object_component id="oc-65f">
         <name>.text:__mspabi_negd</name>
         <load_address>0x15e96</load_address>
         <run_address>0x15e96</run_address>
         <size>0x2e</size>
         <input_file_ref idref="fl-72"/>
      </object_component>
      <object_component id="oc-8ae">
         <name>.text:copysign</name>
         <load_address>0x15ec4</load_address>
         <run_address>0x15ec4</run_address>
         <size>0x2e</size>
         <input_file_ref idref="fl-9d"/>
      </object_component>
      <object_component id="oc-8f3">
         <name>.text:finddevice</name>
         <load_address>0x15ef2</load_address>
         <run_address>0x15ef2</run_address>
         <size>0x2e</size>
         <input_file_ref idref="fl-a0"/>
      </object_component>
      <object_component id="oc-6c6">
         <name>.text</name>
         <load_address>0x15f20</load_address>
         <run_address>0x15f20</run_address>
         <size>0x2c</size>
         <input_file_ref idref="fl-88"/>
      </object_component>
      <object_component id="oc-81d">
         <name>.text:__mspabi_fixdi</name>
         <load_address>0x15f4c</load_address>
         <run_address>0x15f4c</run_address>
         <size>0x28</size>
         <input_file_ref idref="fl-5f"/>
      </object_component>
      <object_component id="oc-8f">
         <name>.text:decompress:ZI:__TI_zero_init</name>
         <load_address>0x15f74</load_address>
         <run_address>0x15f74</run_address>
         <size>0x24</size>
         <input_file_ref idref="fl-28"/>
      </object_component>
      <object_component id="oc-6ec">
         <name>.text</name>
         <load_address>0x15f98</load_address>
         <run_address>0x15f98</run_address>
         <size>0x24</size>
         <input_file_ref idref="fl-49"/>
      </object_component>
      <object_component id="oc-5bb">
         <name>.text:memccpy</name>
         <load_address>0x15fbc</load_address>
         <run_address>0x15fbc</run_address>
         <size>0x1e</size>
         <input_file_ref idref="fl-6c"/>
      </object_component>
      <object_component id="oc-61e">
         <name>.text:strchr</name>
         <load_address>0x15fda</load_address>
         <run_address>0x15fda</run_address>
         <size>0x1c</size>
         <input_file_ref idref="fl-78"/>
      </object_component>
      <object_component id="oc-90a">
         <name>.text:strcmp</name>
         <load_address>0x15ff6</load_address>
         <run_address>0x15ff6</run_address>
         <size>0x1c</size>
         <input_file_ref idref="fl-a3"/>
      </object_component>
      <object_component id="oc-616">
         <name>.text:strrchr</name>
         <load_address>0x16012</load_address>
         <run_address>0x16012</run_address>
         <size>0x1c</size>
         <input_file_ref idref="fl-7b"/>
      </object_component>
      <object_component id="oc-473">
         <name>.text</name>
         <load_address>0x1602e</load_address>
         <run_address>0x1602e</run_address>
         <size>0x18</size>
         <input_file_ref idref="fl-47"/>
      </object_component>
      <object_component id="oc-58f">
         <name>.text:memchr</name>
         <load_address>0x16046</load_address>
         <run_address>0x16046</run_address>
         <size>0x16</size>
         <input_file_ref idref="fl-6d"/>
      </object_component>
      <object_component id="oc-560">
         <name>.text:memset</name>
         <load_address>0x1605c</load_address>
         <run_address>0x1605c</run_address>
         <size>0x16</size>
         <input_file_ref idref="fl-6e"/>
      </object_component>
      <object_component id="oc-72b">
         <name>.text</name>
         <load_address>0x16072</load_address>
         <run_address>0x16072</run_address>
         <size>0x16</size>
         <input_file_ref idref="fl-5a"/>
      </object_component>
      <object_component id="oc-3cf">
         <name>.text:memcpy</name>
         <load_address>0x16088</load_address>
         <run_address>0x16088</run_address>
         <size>0x14</size>
         <input_file_ref idref="fl-44"/>
      </object_component>
      <object_component id="oc-73">
         <name>.text:decompress:none:__TI_decompress_none</name>
         <load_address>0x1609c</load_address>
         <run_address>0x1609c</run_address>
         <size>0x12</size>
         <input_file_ref idref="fl-27"/>
      </object_component>
      <object_component id="oc-554">
         <name>.text:strcpy</name>
         <load_address>0x160ae</load_address>
         <run_address>0x160ae</run_address>
         <size>0x12</size>
         <input_file_ref idref="fl-79"/>
      </object_component>
      <object_component id="oc-659">
         <name>.text:toupper</name>
         <load_address>0x160c0</load_address>
         <run_address>0x160c0</run_address>
         <size>0x12</size>
         <input_file_ref idref="fl-82"/>
      </object_component>
      <object_component id="oc-871">
         <name>.text:l_asr</name>
         <load_address>0x160d2</load_address>
         <run_address>0x160d2</run_address>
         <size>0x10</size>
         <input_file_ref idref="fl-87"/>
      </object_component>
      <object_component id="oc-86c">
         <name>.text:l_lsl</name>
         <load_address>0x160e2</load_address>
         <run_address>0x160e2</run_address>
         <size>0x10</size>
         <input_file_ref idref="fl-67"/>
      </object_component>
      <object_component id="oc-79b">
         <name>.text:l_lsr</name>
         <load_address>0x160f2</load_address>
         <run_address>0x160f2</run_address>
         <size>0x10</size>
         <input_file_ref idref="fl-69"/>
      </object_component>
      <object_component id="oc-625">
         <name>.text:isxdigit</name>
         <load_address>0x16102</load_address>
         <run_address>0x16102</run_address>
         <size>0xe</size>
         <input_file_ref idref="fl-66"/>
      </object_component>
      <object_component id="oc-408">
         <name>.text:main</name>
         <load_address>0x16110</load_address>
         <run_address>0x16110</run_address>
         <size>0xe</size>
         <input_file_ref idref="fl-2"/>
      </object_component>
      <object_component id="oc-50e">
         <name>.text:strlen</name>
         <load_address>0x1611e</load_address>
         <run_address>0x1611e</run_address>
         <size>0xe</size>
         <input_file_ref idref="fl-7a"/>
      </object_component>
      <object_component id="oc-83b">
         <name>.text:__mspabi_fltid</name>
         <load_address>0x1612c</load_address>
         <run_address>0x1612c</run_address>
         <size>0xc</size>
         <input_file_ref idref="fl-61"/>
      </object_component>
      <object_component id="oc-547">
         <name>.text:isspace</name>
         <load_address>0x16138</load_address>
         <run_address>0x16138</run_address>
         <size>0xc</size>
         <input_file_ref idref="fl-43"/>
      </object_component>
      <object_component id="oc-4e5">
         <name>.text:_uninpchar</name>
         <load_address>0x16144</load_address>
         <run_address>0x16144</run_address>
         <size>0xa</size>
         <input_file_ref idref="fl-2b"/>
      </object_component>
      <object_component id="oc-6c0">
         <name>.text:abs</name>
         <load_address>0x1614e</load_address>
         <run_address>0x1614e</run_address>
         <size>0xa</size>
         <input_file_ref idref="fl-51"/>
      </object_component>
      <object_component id="oc-4af">
         <name>.text</name>
         <load_address>0x16158</load_address>
         <run_address>0x16158</run_address>
         <size>0xa</size>
         <input_file_ref idref="fl-23"/>
      </object_component>
      <object_component id="oc-4df">
         <name>.text:_inpchar</name>
         <load_address>0x16162</load_address>
         <run_address>0x16162</run_address>
         <size>0x6</size>
         <input_file_ref idref="fl-2b"/>
      </object_component>
      <object_component id="oc-4d1">
         <name>.text:_outc</name>
         <load_address>0x16168</load_address>
         <run_address>0x16168</run_address>
         <size>0x6</size>
         <input_file_ref idref="fl-4c"/>
      </object_component>
      <object_component id="oc-410">
         <name>.text:abort</name>
         <load_address>0x1616e</load_address>
         <run_address>0x1616e</run_address>
         <size>0x6</size>
         <input_file_ref idref="fl-29"/>
      </object_component>
      <object_component id="oc-4cb">
         <name>.text:_outs</name>
         <load_address>0x16174</load_address>
         <run_address>0x16174</run_address>
         <size>0x4</size>
         <input_file_ref idref="fl-4c"/>
      </object_component>
      <object_component id="oc-3e8">
         <name>.text:_system_pre_init</name>
         <load_address>0x16178</load_address>
         <run_address>0x16178</run_address>
         <size>0x4</size>
         <input_file_ref idref="fl-4b"/>
      </object_component>
      <object_component id="oc-490">
         <name>.text:_nop</name>
         <load_address>0x1617c</load_address>
         <run_address>0x1617c</run_address>
         <size>0x2</size>
         <input_file_ref idref="fl-4e"/>
      </object_component>
      <object_component id="oc-43f">
         <name>.text:_system_post_cinit</name>
         <load_address>0x1617e</load_address>
         <run_address>0x1617e</run_address>
         <size>0x2</size>
         <input_file_ref idref="fl-77"/>
      </object_component>
      <object_component id="oc-a1">
         <name>.text:_isr:_c_int00_noargs</name>
         <load_address>0x4400</load_address>
         <run_address>0x4400</run_address>
         <size>0x1c</size>
         <input_file_ref idref="fl-25"/>
      </object_component>
      <object_component id="oc-3dc">
         <name>.text:_isr:__TI_ISR_TRAP</name>
         <load_address>0x441c</load_address>
         <run_address>0x441c</run_address>
         <size>0x8</size>
         <input_file_ref idref="fl-42"/>
      </object_component>
      <object_component id="oc-983">
         <name>.cinit..data.load</name>
         <load_address>0x4648</load_address>
         <run_address>0x4648</run_address>
         <size>0x59</size>
      </object_component>
      <object_component id="oc-980">
         <name>__TI_handler_table</name>
         <load_address>0x46a2</load_address>
         <run_address>0x46a2</run_address>
         <size>0xc</size>
      </object_component>
      <object_component id="oc-982">
         <name>.cinit..bss.load</name>
         <load_address>0x46ae</load_address>
         <run_address>0x46ae</run_address>
         <size>0x6</size>
      </object_component>
      <object_component id="oc-981">
         <name>__TI_cinit_table</name>
         <load_address>0x46b4</load_address>
         <run_address>0x46b4</run_address>
         <size>0x10</size>
      </object_component>
      <object_component id="oc-5e6">
         <name>.const:.string:_ctypes_</name>
         <load_address>0x4424</load_address>
         <run_address>0x4424</run_address>
         <size>0x101</size>
         <input_file_ref idref="fl-57"/>
      </object_component>
      <object_component id="oc-4a2">
         <name>.const:.string</name>
         <load_address>0x4526</load_address>
         <run_address>0x4526</run_address>
         <size>0x56</size>
         <input_file_ref idref="fl-2"/>
      </object_component>
      <object_component id="oc-6da">
         <name>.const:digits</name>
         <load_address>0x457c</load_address>
         <run_address>0x457c</run_address>
         <size>0x50</size>
         <input_file_ref idref="fl-7c"/>
      </object_component>
      <object_component id="oc-6cb">
         <name>.const:powerof10</name>
         <load_address>0x45cc</load_address>
         <run_address>0x45cc</run_address>
         <size>0x48</size>
         <input_file_ref idref="fl-7c"/>
      </object_component>
      <object_component id="oc-5ae">
         <name>.const:.string</name>
         <load_address>0x4614</load_address>
         <run_address>0x4614</run_address>
         <size>0x26</size>
         <input_file_ref idref="fl-4f"/>
      </object_component>
      <object_component id="oc-61d">
         <name>.const:.string:flit$1</name>
         <load_address>0x463a</load_address>
         <run_address>0x463a</run_address>
         <size>0x7</size>
         <input_file_ref idref="fl-50"/>
      </object_component>
      <object_component id="oc-624">
         <name>.const:.string:barr$2</name>
         <load_address>0x4642</load_address>
         <run_address>0x4642</run_address>
         <size>0x6</size>
         <input_file_ref idref="fl-50"/>
      </object_component>
      <object_component id="oc-8d1">
         <name>.cio</name>
         <uninitialized>true</uninitialized>
         <run_address>0x2788</run_address>
         <size>0x120</size>
         <input_file_ref idref="fl-9e"/>
      </object_component>
      <object_component id="oc-91a">
         <name>.binit</name>
         <load_address>0x4400</load_address>
         <run_address>0x4400</run_address>
         <size>0x0</size>
      </object_component>
      <object_component id="oc-79">
         <name>.int41</name>
         <load_address>0xffd2</load_address>
         <run_address>0xffd2</run_address>
         <size>0x2</size>
         <input_file_ref idref="fl-2c"/>
      </object_component>
      <object_component id="oc-7a">
         <name>.int42</name>
         <load_address>0xffd4</load_address>
         <run_address>0xffd4</run_address>
         <size>0x2</size>
         <input_file_ref idref="fl-2d"/>
      </object_component>
      <object_component id="oc-7b">
         <name>.int43</name>
         <load_address>0xffd6</load_address>
         <run_address>0xffd6</run_address>
         <size>0x2</size>
         <input_file_ref idref="fl-2e"/>
      </object_component>
      <object_component id="oc-7c">
         <name>.int44</name>
         <load_address>0xffd8</load_address>
         <run_address>0xffd8</run_address>
         <size>0x2</size>
         <input_file_ref idref="fl-2f"/>
      </object_component>
      <object_component id="oc-7d">
         <name>.int45</name>
         <load_address>0xffda</load_address>
         <run_address>0xffda</run_address>
         <size>0x2</size>
         <input_file_ref idref="fl-30"/>
      </object_component>
      <object_component id="oc-7e">
         <name>.int46</name>
         <load_address>0xffdc</load_address>
         <run_address>0xffdc</run_address>
         <size>0x2</size>
         <input_file_ref idref="fl-31"/>
      </object_component>
      <object_component id="oc-7f">
         <name>.int47</name>
         <load_address>0xffde</load_address>
         <run_address>0xffde</run_address>
         <size>0x2</size>
         <input_file_ref idref="fl-32"/>
      </object_component>
      <object_component id="oc-80">
         <name>.int48</name>
         <load_address>0xffe0</load_address>
         <run_address>0xffe0</run_address>
         <size>0x2</size>
         <input_file_ref idref="fl-33"/>
      </object_component>
      <object_component id="oc-81">
         <name>.int49</name>
         <load_address>0xffe2</load_address>
         <run_address>0xffe2</run_address>
         <size>0x2</size>
         <input_file_ref idref="fl-34"/>
      </object_component>
      <object_component id="oc-82">
         <name>.int50</name>
         <load_address>0xffe4</load_address>
         <run_address>0xffe4</run_address>
         <size>0x2</size>
         <input_file_ref idref="fl-35"/>
      </object_component>
      <object_component id="oc-83">
         <name>.int51</name>
         <load_address>0xffe6</load_address>
         <run_address>0xffe6</run_address>
         <size>0x2</size>
         <input_file_ref idref="fl-36"/>
      </object_component>
      <object_component id="oc-84">
         <name>.int52</name>
         <load_address>0xffe8</load_address>
         <run_address>0xffe8</run_address>
         <size>0x2</size>
         <input_file_ref idref="fl-37"/>
      </object_component>
      <object_component id="oc-85">
         <name>.int53</name>
         <load_address>0xffea</load_address>
         <run_address>0xffea</run_address>
         <size>0x2</size>
         <input_file_ref idref="fl-38"/>
      </object_component>
      <object_component id="oc-86">
         <name>.int54</name>
         <load_address>0xffec</load_address>
         <run_address>0xffec</run_address>
         <size>0x2</size>
         <input_file_ref idref="fl-39"/>
      </object_component>
      <object_component id="oc-87">
         <name>.int55</name>
         <load_address>0xffee</load_address>
         <run_address>0xffee</run_address>
         <size>0x2</size>
         <input_file_ref idref="fl-3a"/>
      </object_component>
      <object_component id="oc-88">
         <name>.int56</name>
         <load_address>0xfff0</load_address>
         <run_address>0xfff0</run_address>
         <size>0x2</size>
         <input_file_ref idref="fl-3b"/>
      </object_component>
      <object_component id="oc-89">
         <name>.int57</name>
         <load_address>0xfff2</load_address>
         <run_address>0xfff2</run_address>
         <size>0x2</size>
         <input_file_ref idref="fl-3c"/>
      </object_component>
[...]
         <object_component_ref idref="oc-7b2"/>
      </symbol>
      <symbol id="sm-94b">
         <name>isxdigit</name>
         <value>0x16102</value>
         <object_component_ref idref="oc-625"/>
      </symbol>
      <symbol id="sm-95b">
         <name>__mspabi_slll_9</name>
         <value>0x15bd6</value>
         <object_component_ref idref="oc-6e5"/>
      </symbol>
      <symbol id="sm-95c">
         <name>__mspabi_slll_8</name>
         <value>0x15bda</value>
         <object_component_ref idref="oc-6e5"/>
      </symbol>
      <symbol id="sm-95d">
         <name>__mspabi_slll_7</name>
         <value>0x15bde</value>
         <object_component_ref idref="oc-6e5"/>
      </symbol>
      <symbol id="sm-95e">
         <name>__mspabi_slll_6</name>
         <value>0x15be2</value>
         <object_component_ref idref="oc-6e5"/>
      </symbol>
      <symbol id="sm-95f">
         <name>__mspabi_slll_5</name>
         <value>0x15be6</value>
         <object_component_ref idref="oc-6e5"/>
      </symbol>
      <symbol id="sm-960">
         <name>__mspabi_slll_4</name>
         <value>0x15bea</value>
         <object_component_ref idref="oc-6e5"/>
      </symbol>
      <symbol id="sm-961">
         <name>__mspabi_slll_3</name>
         <value>0x15bee</value>
         <object_component_ref idref="oc-6e5"/>
      </symbol>
      <symbol id="sm-962">
         <name>__mspabi_slll_2</name>
         <value>0x15bf2</value>
         <object_component_ref idref="oc-6e5"/>
      </symbol>
      <symbol id="sm-963">
         <name>__mspabi_slll_1</name>
         <value>0x15bf6</value>
         <object_component_ref idref="oc-6e5"/>
      </symbol>
      <symbol id="sm-964">
         <name>__mspabi_slll</name>
         <value>0x160e2</value>
         <object_component_ref idref="oc-86c"/>
      </symbol>
      <symbol id="sm-965">
         <name>__mspabi_slll_15</name>
         <value>0x15bbe</value>
         <object_component_ref idref="oc-6e5"/>
      </symbol>
      <symbol id="sm-966">
         <name>__mspabi_slll_14</name>
         <value>0x15bc2</value>
         <object_component_ref idref="oc-6e5"/>
      </symbol>
      <symbol id="sm-967">
         <name>__mspabi_slll_13</name>
         <value>0x15bc6</value>
         <object_component_ref idref="oc-6e5"/>
      </symbol>
      <symbol id="sm-968">
         <name>__mspabi_slll_12</name>
         <value>0x15bca</value>
         <object_component_ref idref="oc-6e5"/>
      </symbol>
      <symbol id="sm-969">
         <name>__mspabi_slll_11</name>
         <value>0x15bce</value>
         <object_component_ref idref="oc-6e5"/>
      </symbol>
      <symbol id="sm-96a">
         <name>__mspabi_slll_10</name>
         <value>0x15bd2</value>
         <object_component_ref idref="oc-6e5"/>
      </symbol>
      <symbol id="sm-977">
         <name>__mspabi_sllll</name>
         <value>0x15cf0</value>
         <object_component_ref idref="oc-795"/>
      </symbol>
      <symbol id="sm-987">
         <name>__mspabi_srll_8</name>
         <value>0x15c18</value>
         <object_component_ref idref="oc-85a"/>
      </symbol>
      <symbol id="sm-988">
         <name>__mspabi_srll_9</name>
         <value>0x15c14</value>
         <object_component_ref idref="oc-85a"/>
      </symbol>
      <symbol id="sm-989">
         <name>__mspabi_srll_6</name>
         <value>0x15c20</value>
         <object_component_ref idref="oc-85a"/>
      </symbol>
      <symbol id="sm-98a">
         <name>__mspabi_srll_7</name>
         <value>0x15c1c</value>
         <object_component_ref idref="oc-85a"/>
      </symbol>
      <symbol id="sm-98b">
         <name>__mspabi_srll_4</name>
         <value>0x15c28</value>
         <object_component_ref idref="oc-85a"/>
      </symbol>
      <symbol id="sm-98c">
         <name>__mspabi_srll_5</name>
         <value>0x15c24</value>
         <object_component_ref idref="oc-85a"/>
      </symbol>
      <symbol id="sm-98d">
         <name>__mspabi_srll_2</name>
         <value>0x15c30</value>
         <object_component_ref idref="oc-85a"/>
      </symbol>
      <symbol id="sm-98e">
         <name>__mspabi_srll_3</name>
         <value>0x15c2c</value>
         <object_component_ref idref="oc-85a"/>
      </symbol>
      <symbol id="sm-98f">
         <name>__mspabi_srll_1</name>
         <value>0x15c34</value>
         <object_component_ref idref="oc-85a"/>
      </symbol>
      <symbol id="sm-990">
         <name>__mspabi_srll_15</name>
         <value>0x15bfc</value>
         <object_component_ref idref="oc-85a"/>
      </symbol>
      <symbol id="sm-991">
         <name>__mspabi_srll_14</name>
         <value>0x15c00</value>
         <object_component_ref idref="oc-85a"/>
      </symbol>
      <symbol id="sm-992">
         <name>__mspabi_srll_13</name>
         <value>0x15c04</value>
         <object_component_ref idref="oc-85a"/>
      </symbol>
      <symbol id="sm-993">
         <name>__mspabi_srll_12</name>
         <value>0x15c08</value>
         <object_component_ref idref="oc-85a"/>
      </symbol>
      <symbol id="sm-994">
         <name>__mspabi_srll_11</name>
         <value>0x15c0c</value>
         <object_component_ref idref="oc-85a"/>
      </symbol>
      <symbol id="sm-995">
         <name>__mspabi_srll_10</name>
         <value>0x15c10</value>
         <object_component_ref idref="oc-85a"/>
      </symbol>
      <symbol id="sm-996">
         <name>__mspabi_srll</name>
         <value>0x160f2</value>
         <object_component_ref idref="oc-79b"/>
      </symbol>
      <symbol id="sm-9a3">
         <name>__mspabi_srlll</name>
         <value>0x15d2a</value>
         <object_component_ref idref="oc-730"/>
      </symbol>
      <symbol id="sm-9b2">
         <name>ltoa</name>
         <value>0x1510a</value>
         <object_component_ref idref="oc-80b"/>
      </symbol>
      <symbol id="sm-9c1">
         <name>memccpy</name>
         <value>0x15fbc</value>
         <object_component_ref idref="oc-5bb"/>
      </symbol>
      <symbol id="sm-9d0">
         <name>memchr</name>
         <value>0x16046</value>
         <object_component_ref idref="oc-58f"/>
      </symbol>
      <symbol id="sm-9de">
         <name>memset</name>
         <value>0x1605c</value>
         <object_component_ref idref="oc-560"/>
      </symbol>
      <symbol id="sm-9fe">
         <name>__mspabi_mpyd</name>
         <value>0x1175c</value>
         <object_component_ref idref="oc-6ce"/>
      </symbol>
      <symbol id="sm-a09">
         <name>__mspabi_negd</name>
         <value>0x15e96</value>
         <object_component_ref idref="oc-65f"/>
      </symbol>
      <symbol id="sm-a21">
         <name>read</name>
         <value>0x15c78</value>
         <object_component_ref idref="oc-5d6"/>
      </symbol>
      <symbol id="sm-a38">
         <name>frexpl</name>
         <value>0x1485a</value>
         <object_component_ref idref="oc-760"/>
      </symbol>
      <symbol id="sm-a39">
         <name>frexp</name>
         <value>0x1485a</value>
         <object_component_ref idref="oc-760"/>
      </symbol>
      <symbol id="sm-a53">
         <name>scalbn</name>
         <value>0x135a0</value>
         <object_component_ref idref="oc-835"/>
      </symbol>
      <symbol id="sm-a54">
         <name>scalbnl</name>
         <value>0x135a0</value>
         <object_component_ref idref="oc-835"/>
      </symbol>
      <symbol id="sm-a55">
         <name>ldexpl</name>
         <value>0x135a0</value>
         <object_component_ref idref="oc-835"/>
      </symbol>
      <symbol id="sm-a56">
         <name>ldexp</name>
         <value>0x135a0</value>
         <object_component_ref idref="oc-835"/>
      </symbol>
      <symbol id="sm-a6e">
         <name>setvbuf</name>
         <value>0x14480</value>
         <object_component_ref idref="oc-5de"/>
      </symbol>
      <symbol id="sm-a77">
         <name>_system_post_cinit</name>
         <value>0x1617e</value>
         <object_component_ref idref="oc-43f"/>
      </symbol>
      <symbol id="sm-a86">
         <name>strchr</name>
         <value>0x15fda</value>
         <object_component_ref idref="oc-61e"/>
      </symbol>
      <symbol id="sm-a93">
         <name>strcpy</name>
         <value>0x160ae</value>
         <object_component_ref idref="oc-554"/>
      </symbol>
      <symbol id="sm-aa0">
         <name>strlen</name>
         <value>0x1611e</value>
         <object_component_ref idref="oc-50e"/>
      </symbol>
      <symbol id="sm-aaf">
         <name>strrchr</name>
         <value>0x16012</value>
         <object_component_ref idref="oc-616"/>
      </symbol>
      <symbol id="sm-aed">
         <name>strtold</name>
         <value>0x10f1c</value>
         <object_component_ref idref="oc-5f3"/>
      </symbol>
      <symbol id="sm-aee">
         <name>strtod</name>
         <value>0x10f1c</value>
         <object_component_ref idref="oc-5f3"/>
      </symbol>
      <symbol id="sm-b16">
         <name>strtol</name>
         <value>0x125ac</value>
         <object_component_ref idref="oc-60b"/>
      </symbol>
      <symbol id="sm-b42">
         <name>strtoll</name>
         <value>0x10856</value>
         <object_component_ref idref="oc-605"/>
      </symbol>
      <symbol id="sm-b67">
         <name>strtoul</name>
         <value>0x13230</value>
         <object_component_ref idref="oc-5ff"/>
      </symbol>
      <symbol id="sm-b8d">
         <name>strtoull</name>
         <value>0x119de</value>
         <object_component_ref idref="oc-5ed"/>
      </symbol>
      <symbol id="sm-b96">
         <name>__mspabi_subd</name>
         <value>0x15e02</value>
         <object_component_ref idref="oc-817"/>
      </symbol>
      <symbol id="sm-ba3">
         <name>toupper</name>
         <value>0x160c0</value>
         <object_component_ref idref="oc-659"/>
      </symbol>
      <symbol id="sm-bbb">
         <name>_stream</name>
         <value>0x2734</value>
         <object_component_ref idref="oc-63a"/>
      </symbol>
      <symbol id="sm-bbc">
         <name>_device</name>
         <value>0x26bc</value>
         <object_component_ref idref="oc-717"/>
      </symbol>
      <symbol id="sm-bbd">
         <name>write</name>
         <value>0x15cb4</value>
         <object_component_ref idref="oc-59b"/>
      </symbol>
      <symbol id="sm-bcf">
         <name>__TI_buff_read</name>
         <value>0x14b82</value>
         <object_component_ref idref="oc-5d0"/>
      </symbol>
      <symbol id="sm-bee">
         <name>__TI_wrt_ok</name>
         <value>0x1518a</value>
         <object_component_ref idref="oc-589"/>
      </symbol>
      <symbol id="sm-bef">
         <name>__TI_rd_ok</name>
         <value>0x1577e</value>
         <object_component_ref idref="oc-5ca"/>
      </symbol>
      <symbol id="sm-c11">
         <name>__mspabi_addd</name>
         <value>0x111fe</value>
         <object_component_ref idref="oc-6dd"/>
      </symbol>
      <symbol id="sm-c21">
         <name>__mspabi_sral</name>
         <value>0x160d2</value>
         <object_component_ref idref="oc-871"/>
      </symbol>
      <symbol id="sm-c22">
         <name>__mspabi_sral_15</name>
         <value>0x15b80</value>
         <object_component_ref idref="oc-85f"/>
      </symbol>
      <symbol id="sm-c23">
         <name>__mspabi_sral_14</name>
         <value>0x15b84</value>
         <object_component_ref idref="oc-85f"/>
      </symbol>
      <symbol id="sm-c24">
         <name>__mspabi_sral_13</name>
         <value>0x15b88</value>
         <object_component_ref idref="oc-85f"/>
      </symbol>
      <symbol id="sm-c25">
         <name>__mspabi_sral_12</name>
         <value>0x15b8c</value>
         <object_component_ref idref="oc-85f"/>
      </symbol>
      <symbol id="sm-c26">
         <name>__mspabi_sral_11</name>
         <value>0x15b90</value>
         <object_component_ref idref="oc-85f"/>
      </symbol>
      <symbol id="sm-c27">
         <name>__mspabi_sral_10</name>
         <value>0x15b94</value>
         <object_component_ref idref="oc-85f"/>
      </symbol>
      <symbol id="sm-c28">
         <name>__mspabi_sral_8</name>
         <value>0x15b9c</value>
         <object_component_ref idref="oc-85f"/>
      </symbol>
      <symbol id="sm-c29">
         <name>__mspabi_sral_9</name>
         <value>0x15b98</value>
         <object_component_ref idref="oc-85f"/>
      </symbol>
      <symbol id="sm-c2a">
         <name>__mspabi_sral_6</name>
         <value>0x15ba4</value>
         <object_component_ref idref="oc-85f"/>
      </symbol>
      <symbol id="sm-c2b">
         <name>__mspabi_sral_7</name>
         <value>0x15ba0</value>
         <object_component_ref idref="oc-85f"/>
      </symbol>
      <symbol id="sm-c2c">
         <name>__mspabi_sral_4</name>
         <value>0x15bac</value>
         <object_component_ref idref="oc-85f"/>
      </symbol>
      <symbol id="sm-c2d">
         <name>__mspabi_sral_5</name>
         <value>0x15ba8</value>
         <object_component_ref idref="oc-85f"/>
      </symbol>
      <symbol id="sm-c2e">
         <name>__mspabi_sral_2</name>
         <value>0x15bb4</value>
         <object_component_ref idref="oc-85f"/>
      </symbol>
      <symbol id="sm-c2f">
         <name>__mspabi_sral_3</name>
         <value>0x15bb0</value>
         <object_component_ref idref="oc-85f"/>
      </symbol>
      <symbol id="sm-c30">
         <name>__mspabi_sral_1</name>
         <value>0x15bb8</value>
         <object_component_ref idref="oc-85f"/>
      </symbol>
      <symbol id="sm-c3c">
         <name>__mspabi_remi</name>
         <value>0x15f20</value>
         <object_component_ref idref="oc-6c6"/>
      </symbol>
      <symbol id="sm-c3d">
         <name>__mspabi_divi</name>
         <value>0x15f20</value>
         <object_component_ref idref="oc-6c6"/>
      </symbol>
      <symbol id="sm-c49">
         <name>__mspabi_remli</name>
         <value>0x15b40</value>
         <object_component_ref idref="oc-8a0"/>
      </symbol>
      <symbol id="sm-c4a">
         <name>__mspabi_divli</name>
         <value>0x15b40</value>
         <object_component_ref idref="oc-8a0"/>
      </symbol>
      <symbol id="sm-c51">
         <name>errno</name>
         <value>0x2782</value>
         <object_component_ref idref="oc-6bb"/>
      </symbol>
      <symbol id="sm-c62">
         <name>__TI_doflush</name>
         <value>0x1565c</value>
         <object_component_ref idref="oc-595"/>
      </symbol>
      <symbol id="sm-c6e">
         <name>__TI_cleanup</name>
         <value>0x15d64</value>
         <object_component_ref idref="oc-69c"/>
      </symbol>
      <symbol id="sm-c8f">
         <name>__TI_frcaddd</name>
         <value>0x1211e</value>
         <object_component_ref idref="oc-7bc"/>
      </symbol>
      <symbol id="sm-ca0">
         <name>__TI_frcmpyd</name>
         <value>0x114d6</value>
         <object_component_ref idref="oc-7aa"/>
      </symbol>
      <symbol id="sm-cb0">
         <name>fseek</name>
         <value>0x15526</value>
         <object_component_ref idref="oc-62e"/>
      </symbol>
      <symbol id="sm-cbc">
         <name>HOSTclose</name>
         <value>0x15988</value>
         <object_component_ref idref="oc-7e1"/>
      </symbol>
      <symbol id="sm-cc8">
         <name>HOSTlseek</name>
         <value>0x146f4</value>
         <object_component_ref idref="oc-7f3"/>
      </symbol>
      <symbol id="sm-cd6">
         <name>parmbuf</name>
         <value>0x2952</value>
      </symbol>
      <symbol id="sm-cd7">
         <name>HOSTopen</name>
         <value>0x153e0</value>
         <object_component_ref idref="oc-7db"/>
      </symbol>
      <symbol id="sm-ce4">
         <name>HOSTread</name>
         <value>0x154bc</value>
         <object_component_ref idref="oc-7e7"/>
      </symbol>
      <symbol id="sm-cf0">
         <name>HOSTrename</name>
         <value>0x152f8</value>
         <object_component_ref idref="oc-7ff"/>
      </symbol>
      <symbol id="sm-cfc">
         <name>HOSTunlink</name>
         <value>0x15ab8</value>
         <object_component_ref idref="oc-7f9"/>
      </symbol>
      <symbol id="sm-d09">
         <name>HOSTwrite</name>
         <value>0x15450</value>
         <object_component_ref idref="oc-7ed"/>
      </symbol>
      <symbol id="sm-d17">
         <name>lseek</name>
         <value>0x15c3a</value>
         <object_component_ref idref="oc-709"/>
      </symbol>
      <symbol id="sm-d66">
         <name>_sys_memory</name>
         <value>0x2400</value>
         <object_component_ref idref="oc-3c1"/>
      </symbol>
      <symbol id="sm-d67">
         <name>free</name>
         <value>0x14ee6</value>
         <object_component_ref idref="oc-690"/>
      </symbol>
      <symbol id="sm-d68">
         <name>malloc</name>
         <value>0x14638</value>
         <object_component_ref idref="oc-696"/>
      </symbol>
      <symbol id="sm-d69">
         <name>minit</name>
         <value>0x15afe</value>
         <object_component_ref idref="oc-782"/>
      </symbol>
      <symbol id="sm-d77">
         <name>__mspabi_remull</name>
         <value>0x158e4</value>
         <object_component_ref idref="oc-6f8"/>
      </symbol>
      <symbol id="sm-d8b">
         <name>__TI_renormd</name>
         <value>0x147a8</value>
         <object_component_ref idref="oc-876"/>
      </symbol>
      <symbol id="sm-d94">
         <name>copysign</name>
         <value>0x15ec4</value>
         <object_component_ref idref="oc-8ae"/>
      </symbol>
      <symbol id="sm-d95">
         <name>copysignl</name>
         <value>0x15ec4</value>
         <object_component_ref idref="oc-8ae"/>
      </symbol>
      <symbol id="sm-db3">
         <name>__TI_readmsg</name>
         <value>0x15dd0</value>
         <object_component_ref idref="oc-88d"/>
      </symbol>
      <symbol id="sm-db4">
         <name>C$$IO$$</name>
         <value>0x15dcc</value>
         <object_component_ref idref="oc-887"/>
      </symbol>
      <symbol id="sm-db5">
         <name>_CIOBUF_</name>
         <value>0x2788</value>
         <object_component_ref idref="oc-8d1"/>
      </symbol>
      <symbol id="sm-db6">
         <name>__TI_writemsg</name>
         <value>0x15d9a</value>
         <object_component_ref idref="oc-887"/>
      </symbol>
      <symbol id="sm-dc7">
         <name>__TI_closefile</name>
         <value>0x1536c</value>
         <object_component_ref idref="oc-789"/>
      </symbol>
      <symbol id="sm-de6">
         <name>finddevice</name>
         <value>0x15ef2</value>
         <object_component_ref idref="oc-8f3"/>
      </symbol>
      <symbol id="sm-de7">
         <name>getdevice</name>
         <value>0x15832</value>
         <object_component_ref idref="oc-8b9"/>
      </symbol>
      <symbol id="sm-df7">
         <name>strcmp</name>
         <value>0x15ff6</value>
         <object_component_ref idref="oc-90a"/>
      </symbol>
      <symbol id="sm-e07">
         <name>strncpy</name>
         <value>0x15e34</value>
         <object_component_ref idref="oc-8ed"/>
      </symbol>
      <symbol id="sm-e13">
         <name>unlink</name>
         <value>0x15e66</value>
         <object_component_ref idref="oc-84e"/>
      </symbol>
      <symbol id="sm-e25">
         <name>close</name>
         <value>0x157d8</value>
         <object_component_ref idref="oc-847"/>
      </symbol>
      <symbol id="sm-e27">
         <name>__TI_BINIT_Base</name>
         <value>0x0</value>
      </symbol>
      <symbol id="sm-e28">
         <name>__TI_BINIT_Limit</name>
         <value>0x0</value>
      </symbol>
      <symbol id="sm-e29">
         <name>__TI_INITARRAY_Base</name>
         <value>0x0</value>
      </symbol>
      <symbol id="sm-e2a">
         <name>__TI_INITARRAY_Limit</name>
         <value>0x0</value>
      </symbol>
      <symbol id="sm-e2b">
         <name>remove</name>
         <value>0x15e66</value>
      </symbol>
   </symbol_table>
   <title>Link successful</title>
</link_info>
